Microchip MPLAB XC8 Compiler V1.30 ()

Linker command line:

--edf=C:\Program Files (x86)\Microchip\xc8\v1.30\dat\en_msgs.txt -cs \
  -h+dist/UseXC8/debug\Framework.X.debug.sym \
  --cmf=dist/UseXC8/debug\Framework.X.debug.cmf -z -Q18F45J10 \
  -oC:\Users\TaylorM7\AppData\Local\Temp\s7c0.6 \
  -Mdist/UseXC8/debug/Framework.X.debug.map -E1 -ver=XC8 \
  -ASTACK=0361h-03ffh -pstack=STACK -ACODE=00h-07FF7h -ACONST=00h-07FF7h \
  -ASMALLCONST=0400h-04FFhx123,07F00h-07FF7h -AMEDIUMCONST=0400h-07FF7h \
  -ACOMRAM=01h-07Fh -AABS1=00h-03FFh -ABIGRAM=01h-03FFh \
  -ARAM=080h-0FFh,0100h-01FFhx3 -ABANK0=080h-0FFh -ABANK1=0100h-01FFh \
  -ABANK2=0200h-02FFh -ABANK3=0300h-03FFh -ASFR=0F80h-0FFCh \
  -preset_vec=00h,intcode=08h,intcodelo=018h,powerup,init,end_init \
  -pramtop=0400h -psmallconst=SMALLCONST -pmediumconst=MEDIUMCONST \
  -pconst=CONST -AFARRAM=00h-00h -ACONFIG=07FF8h-07FFDh -pconfig=CONFIG \
  -pjflash_buffer=07800h \
  -prdata=COMRAM,nvrram=COMRAM,nvbit=COMRAM,rbss=COMRAM,rbit=COMRAM \
  -pfarbss=FARRAM,fardata=FARRAM,nvFARRAM=FARRAM \
  -pintsave_regs=BIGRAM,bigbss=BIGRAM,bigdata=BIGRAM -pbss=RAM \
  -pidata=CODE,irdata=CODE,ibigdata=CODE,ifardata=CODE \
  C:\Users\TaylorM7\AppData\Local\Temp\s7c0.obj \
  dist/UseXC8/debug\Framework.X.debug.obj 

Object code version is 3.11

Machine type is 18F45J10

Call graph: (short form)




                Name                               Link     Load   Length Selector   Space Scale
C:\Users\TaylorM7\AppData\Local\Temp\s7c0.obj
                end_init                             B0       B0        4        C       0
                reset_vec                             0        0        6        0       0
                config                             7FF8     7FF8        6     7FF8       0
dist/UseXC8/debug\Framework.X.debug.obj
                intcodelo                            18       18       98        C       0
                intcode                               8        8        C        4       0
                text46                             1A9A     1A9A        A        C       0
                text45                             184C     184C       40        C       0
                text44                             10DC     10DC       AA        C       0
                text43                             19E0     19E0       26        C       0
                text42                              EB8      EB8       C8        C       0
                text41                             1936     1936       32        C       0
                text40                              DC4      DC4       F4        C       0
                text39                               B4       B4      5F2        C       0
                text38                             1AA8     1AA8        4        C       0
                intcode_body                        A84      A84      12E        C       0
                text36                             1A24     1A24       1E        C       0
                text35                             180C     180C       40        C       0
                text34                             1032     1032       AA        C       0
                text33                             19BA     19BA       26        C       0
                text32                             1186     1186       9C        C       0
                text30                             1968     1968       2A        C       0
                text29                             1222     1222       92        C       0
                text28                             165A     165A       5E        C       0
                text27                              94E      94E      136        C       0
                text26                             17CA     17CA       42        C       0
                text25                             1788     1788       42        C       0
                text24                             1A42     1A42       16        C       0
                text23                             1900     1900       36        C       0
                text22                             1A7C     1A7C       12        C       0
                text21                             16FE     16FE       46        C       0
                text20                             1744     1744       44        C       0
                text19                              F80      F80       B2        C       0
                text18                             1A8E     1A8E        C        C       0
                text17                             1992     1992       28        C       0
                text16                             1AA4     1AA4        4        C       0
                text15                             133E     133E       84        C       0
                text14                             16B8     16B8       46        C       0
                text13                             1592     1592       6A        C       0
                text12                             13C2     13C2       7A        C       0
                text11                             1520     1520       72        C       0
                text10                             1A6A     1A6A       12        C       0
                text9                              1A58     1A58       12        C       0
                text8                              1A06     1A06       1E        C       0
                text7                               BB2      BB2      10E        C       0
                text6                               CC0      CC0      104        C       0
                text5                              18CA     18CA       36        C       0
                text4                              12B4     12B4       8A        C       0
                text3                              14AE     14AE       72        C       0
                text2                              143C     143C       72        C       0
                text1                              188C     188C       3E        C       0
                text0                               6A6      6A6      2A8        C       0
                cstackCOMRAM                          1        1       48        1       1
                cstackBANK0                          80       80       4D       80       1
                cstackBANK1                         1A2      1A2       35      100       1
                bssBIGRAM                           236      236      12B      236       1
                bssBANK2                            200      200       36      200       1
                bssBANK1                            100      100       A2      100       1
                bssBANK0                             CF       CF        1       80       1
                dataCOMRAM                           51       51        2        1       1
                bssCOMRAM                            49       49        6        1       1
                cinit                              15FC     15FC       5E        C       0
                nvBANK0                              CD       CD        2       80       1
                nvCOMRAM                             4F       4F        2        1       1
                idataCOMRAM                        1AAC     1AAC        2        C       0

TOTAL           Name                               Link     Load   Length     Space
        CLASS   STACK          

        CLASS   CODE           
                end_init                             B0       B0        4         0
                intcodelo                            18       18       98         0
                intcode                               8        8        C         0
                reset_vec                             0        0        6         0
                text46                             1A9A     1A9A        A         0
                text45                             184C     184C       40         0
                text44                             10DC     10DC       AA         0
                text43                             19E0     19E0       26         0
                text42                              EB8      EB8       C8         0
                text41                             1936     1936       32         0
                text40                              DC4      DC4       F4         0
                text39                               B4       B4      5F2         0
                text38                             1AA8     1AA8        4         0
                intcode_body                        A84      A84      12E         0
                text36                             1A24     1A24       1E         0
                text35                             180C     180C       40         0
                text34                             1032     1032       AA         0
                text33                             19BA     19BA       26         0
                text32                             1186     1186       9C         0
                text30                             1968     1968       2A         0
                text29                             1222     1222       92         0
                text28                             165A     165A       5E         0
                text27                              94E      94E      136         0
                text26                             17CA     17CA       42         0
                text25                             1788     1788       42         0
                text24                             1A42     1A42       16         0
                text23                             1900     1900       36         0
                text22                             1A7C     1A7C       12         0
                text21                             16FE     16FE       46         0
                text20                             1744     1744       44         0
                text19                              F80      F80       B2         0
                text18                             1A8E     1A8E        C         0
                text17                             1992     1992       28         0
                text16                             1AA4     1AA4        4         0
                text15                             133E     133E       84         0
                text14                             16B8     16B8       46         0
                text13                             1592     1592       6A         0
                text12                             13C2     13C2       7A         0
                text11                             1520     1520       72         0
                text10                             1A6A     1A6A       12         0
                text9                              1A58     1A58       12         0
                text8                              1A06     1A06       1E         0
                text7                               BB2      BB2      10E         0
                text6                               CC0      CC0      104         0
                text5                              18CA     18CA       36         0
                text4                              12B4     12B4       8A         0
                text3                              14AE     14AE       72         0
                text2                              143C     143C       72         0
                text1                              188C     188C       3E         0
                text0                               6A6      6A6      2A8         0
                cinit                              15FC     15FC       5E         0
                idataCOMRAM                        1AAC     1AAC        2         0

        CLASS   CONST          

        CLASS   SMALLCONST     

        CLASS   MEDIUMCONST    

        CLASS   COMRAM         
                cstackCOMRAM                          1        1       48         1
                dataCOMRAM                           51       51        2         1
                bssCOMRAM                            49       49        6         1
                nvCOMRAM                             4F       4F        2         1

        CLASS   ABS1           

        CLASS   BIGRAM         
                bssBIGRAM                           236      236      12B         1

        CLASS   RAM            

        CLASS   BANK0          
                cstackBANK0                          80       80       4D         1
                bssBANK0                             CF       CF        1         1
                nvBANK0                              CD       CD        2         1

        CLASS   BANK1          
                cstackBANK1                         1A2      1A2       35         1
                bssBANK1                            100      100       A2         1

        CLASS   BANK2          
                bssBANK2                            200      200       36         1

        CLASS   BANK3          

        CLASS   SFR            

        CLASS   FARRAM         

        CLASS   CONFIG         
                config                             7FF8     7FF8        6         0

        CLASS   IDLOC          



SEGMENTS        Name                           Load    Length   Top    Selector   Space  Class

                reset_vec                      000000  000006  000006         0       0  CODE    
                cstackCOMRAM                   000001  000052  000053         1       1  COMRAM  
                intcode                        000008  00000C  000014         4       0  CODE    
                intcodelo                      000018  001A96  001AAE         C       0  CODE    
                cstackBANK0                    000080  000050  0000D0        80       1  BANK0   
                bssBANK1                       000100  0000D7  0001D7       100       1  BANK1   
                bssBANK2                       000200  000036  000236       200       1  BANK2   
                bssBIGRAM                      000236  00012B  000361       236       1  BIGRAM  
                config                         007FF8  000006  007FFE      7FF8       0  CONFIG  


UNUSED ADDRESS RANGES

        Name                Unused          Largest block    Delta
        BANK0            000D0-000FF              30
        BANK1            001D7-001FF              29
        BANK3            00361-003FF              9F
        BIGRAM           00053-0007F              2D
                         000D0-000FF              30
                         001D7-001FF              29
                         00361-003FF              9F
        CODE             00006-00007               2
                         00014-00017               4
                         01AAE-07FF7            654A
        COMRAM           00053-0007F              2D
        CONST            00006-00007               2
                         00014-00017               4
                         01AAE-07FF7            654A
        MEDIUMCONST      01AAE-07FF7            654A
        RAM              000D0-000FF              30
                         001D7-001FF              29
                         00361-003FF              9F
        SFR              00F80-00FFC              7D
        SMALLCONST       01AAE-07FF7             100
        STACK            00361-003FF              9F

                                  Symbol Table

?_ReadADC                         cstackCOMRAM  0002D
?___lwmod                         cstackBANK0   000A8
?_in_high_int                     cstackBANK0   000A8
?_in_low_int                      cstackBANK0   000AA
?_in_main                         cstackBANK0   000AC
Delay1KTCYx@unit                  cstackBANK0   000A8
FromMainHigh_sendmsg@data         cstackBANK0   000BF
FromMainHigh_sendmsg@length       cstackBANK0   000C1
FromMainHigh_sendmsg@msgtype      cstackBANK0   000BE
InterruptHandlerHigh@pureADCValue cstackBANK0   000A6
OpenADC@config                    cstackBANK0   000AC
OpenADC@config2                   cstackBANK0   000A8
OpenADC@portconfig                cstackBANK0   000A9
OpenTimer0@config                 cstackBANK0   000A8
OpenUSART@config                  cstackBANK0   000AD
OpenUSART@spbrg                   cstackBANK0   000A8
ReadUSART@data                    cstackCOMRAM  00001
ToMainHigh_recvmsg@data           cstackBANK0   000C2
ToMainHigh_recvmsg@maxlength      cstackBANK0   000C4
ToMainHigh_recvmsg@msgtype        cstackBANK0   000C0
ToMainHigh_sendmsg@data           cstackCOMRAM  00044
ToMainHigh_sendmsg@length         cstackCOMRAM  00046
ToMainHigh_sendmsg@msgtype        cstackCOMRAM  00043
ToMainLow_recvmsg@data            cstackBANK0   000C2
ToMainLow_recvmsg@maxlength       cstackBANK0   000C4
ToMainLow_recvmsg@msgtype         cstackBANK0   000C0
ToMainLow_sendmsg@data            cstackCOMRAM  00018
ToMainLow_sendmsg@length          cstackCOMRAM  0001A
ToMainLow_sendmsg@msgtype         cstackCOMRAM  00017
_ADCArray                         bssBIGRAM     00236
_ADCON0                           (abs)         00FC2
_ADCON0bits                       (abs)         00FC2
_ADCON1                           (abs)         00FC1
_ADCON2                           (abs)         00FC0
_ADCValue                         bssCOMRAM     0004D
_ADRESH                           (abs)         00FC4
_ADRESL                           (abs)         00FC3
_ConvertADC                       text16        01AA4
_Delay1KTCYx                      text24        01A42
_FromMainHigh_MQ                  bssBANK2      00200
_FromMainHigh_sendmsg             text5         018CA
_FromMainLow_MQ                   bssBANK1      00100
_INTCON2bits                      (abs)         00FF1
_INTCONbits                       (abs)         00FF2
_IPR1bits                         (abs)         00F9F
_InterruptHandlerHigh             intcode       00008
_InterruptHandlerLow              intcodelo     00018
_LATB                             (abs)         00F8A
_LATBbits                         (abs)         00F8A
_LATDbits                         (abs)         00F8C
_MQ_Main_Willing_to_block         bssBANK0      000CF
_OSCCON                           (abs)         00FD3
_OSCCONbits                       (abs)         00FD3
_OSCTUNEbits                      (abs)         00F9B
_OpenADC                          text15        0133E
_OpenTimer0                       text30        01968
_OpenUSART                        text29        01222
_PIE1bits                         (abs)         00F9D
_PIR1bits                         (abs)         00F9E
_RCONbits                         (abs)         00FD0
_RCREG                            (abs)         00FAE
_RCSTA                            (abs)         00FAB
_RCSTAbits                        (abs)         00FAB
_ReadADC                          text46        01A9A
_ReadUSART                        text36        01A24
_SPBRG                            (abs)         00FAF
_SPBRGH                           (abs)         00FB0
_SSPADD                           (abs)         00FC8
_SSPBUF                           (abs)         00FC9
_SSPCON1                          (abs)         00FC6
_SSPCON1bits                      (abs)         00FC6
_SSPCON2                          (abs)         00FC5
_SSPCON2bits                      (abs)         00FC5
_SSPSTAT                          (abs)         00FC7
_SSPSTATbits                      (abs)         00FC7
_T0CON                            (abs)         00FD5
_T0CONbits                        (abs)         00FD5
_TMR0H                            (abs)         00FD7
_TMR0L                            (abs)         00FD6
_TMR1H                            (abs)         00FCF
_TMR1L                            (abs)         00FCE
_TRISB                            (abs)         00F93
_TRISCbits                        (abs)         00F94
_TRISDbits                        (abs)         00F95
_TXSTA                            (abs)         00FAC
_TXSTAbits                        (abs)         00FAC
_ToMainHigh_MQ                    bssBANK1      00136
_ToMainHigh_recvmsg               text26        017CA
_ToMainHigh_sendmsg               text43        019E0
_ToMainLow_MQ                     bssBANK1      0016C
_ToMainLow_recvmsg                text25        01788
_ToMainLow_sendmsg                text33        019BA
_USART_Status                     bssCOMRAM     0004E
__CFG_CCP2MX$DEFAULT              (abs)         00000
__CFG_CP0$OFF                     (abs)         00000
__CFG_FCMEN$ON                    (abs)         00000
__CFG_FOSC$HSPLL                  (abs)         00000
__CFG_FOSC2$ON                    (abs)         00000
__CFG_IESO$ON                     (abs)         00000
__CFG_STVREN$OFF                  (abs)         00000
__CFG_WDTEN$OFF                   (abs)         00000
__CFG_WDTPS$32768                 (abs)         00000
__CFG_XINST$OFF                   (abs)         00000
__HRAM                            (abs)         00000
__Habs1                           abs1          00000
__Hbank0                          bank0         00000
__Hbank1                          bank1         00000
__Hbank2                          bank2         00000
__Hbank3                          bank3         00000
__Hbigbss                         bigbss        00000
__Hbigdata                        bigdata       00000
__Hbigram                         bigram        00000
__Hbss                            bss           00000
__HbssBANK0                       bssBANK0      00000
__HbssBANK1                       bssBANK1      00000
__HbssBANK2                       bssBANK2      00000
__HbssBIGRAM                      bssBIGRAM     00000
__HbssCOMRAM                      bssCOMRAM     00000
__Hcinit                          cinit         00000
__Hclrtext                        clrtext       00000
__Hcomram                         comram        00000
__Hconfig                         config        07FFE
__Hconst                          const         00000
__HcstackBANK0                    cstackBANK0   00000
__HcstackBANK1                    cstackBANK1   00000
__HcstackCOMRAM                   cstackCOMRAM  00000
__Hdata                           data          00000
__HdataCOMRAM                     dataCOMRAM    00000
__Hend_init                       end_init      000B4
__Hfarbss                         farbss        00000
__Hfardata                        fardata       00000
__Hibigdata                       ibigdata      00000
__Hidata                          idata         00000
__HidataCOMRAM                    idataCOMRAM   00000
__Hidloc                          idloc         00000
__Hifardata                       ifardata      00000
__Hinit                           init          000B0
__Hintcode                        intcode       00014
__Hintcode_body                   intcode_body  00000
__Hintcodelo                      intcodelo     000B0
__Hintentry                       intentry      00000
__Hintret                         intret        00000
__Hintsave_regs                   intsave_regs  00000
__Hirdata                         irdata        00000
__Hjflash_buffer                  jflash_buffer 07800
__Hmediumconst                    mediumconst   00000
__HnvBANK0                        nvBANK0       00000
__HnvCOMRAM                       nvCOMRAM      00000
__HnvFARRAM                       nvFARRAM      00000
__Hnvbit                          nvbit         00000
__Hnvrram                         nvrram        00000
__Hparam                          rparam        00000
__Hpowerup                        powerup       000B0
__Hram                            ram           00000
__Hramtop                         ramtop        00400
__Hrbit                           rbit          00000
__Hrbss                           rbss          00000
__Hrdata                          rdata         00000
__Hreset_vec                      reset_vec     00006
__Hrparam                         rparam        00000
__Hsfr                            sfr           00000
__Hsmallconst                     smallconst    00000
__Hstack                          stack         00000
__Hstruct                         struct        00000
__Htemp                           temp          00000
__Htext                           text          00000
__Htext0                          text0         00000
__Htext1                          text1         00000
__Htext10                         text10        00000
__Htext11                         text11        00000
__Htext12                         text12        00000
__Htext13                         text13        00000
__Htext14                         text14        00000
__Htext15                         text15        00000
__Htext16                         text16        00000
__Htext17                         text17        00000
__Htext18                         text18        00000
__Htext19                         text19        00000
__Htext2                          text2         00000
__Htext20                         text20        00000
__Htext21                         text21        00000
__Htext22                         text22        00000
__Htext23                         text23        00000
__Htext24                         text24        00000
__Htext25                         text25        00000
__Htext26                         text26        00000
__Htext27                         text27        00000
__Htext28                         text28        00000
__Htext29                         text29        00000
__Htext3                          text3         00000
__Htext30                         text30        00000
__Htext32                         text32        00000
__Htext33                         text33        00000
__Htext34                         text34        00000
__Htext35                         text35        00000
__Htext36                         text36        00000
__Htext38                         text38        00000
__Htext39                         text39        00000
__Htext4                          text4         00000
__Htext40                         text40        00000
__Htext41                         text41        00000
__Htext42                         text42        00000
__Htext43                         text43        00000
__Htext44                         text44        00000
__Htext45                         text45        00000
__Htext46                         text46        00000
__Htext5                          text5         00000
__Htext6                          text6         00000
__Htext7                          text7         00000
__Htext8                          text8         00000
__Htext9                          text9         00000
__LRAM                            (abs)         00001
__Labs1                           abs1          00000
__Lbank0                          bank0         00000
__Lbank1                          bank1         00000
__Lbank2                          bank2         00000
__Lbank3                          bank3         00000
__Lbigbss                         bigbss        00000
__Lbigdata                        bigdata       00000
__Lbigram                         bigram        00000
__Lbss                            bss           00000
__LbssBANK0                       bssBANK0      00000
__LbssBANK1                       bssBANK1      00000
__LbssBANK2                       bssBANK2      00000
__LbssBIGRAM                      bssBIGRAM     00000
__LbssCOMRAM                      bssCOMRAM     00000
__Lcinit                          cinit         00000
__Lclrtext                        clrtext       00000
__Lcomram                         comram        00000
__Lconfig                         config        07FF8
__Lconst                          const         00000
__LcstackBANK0                    cstackBANK0   00000
__LcstackBANK1                    cstackBANK1   00000
__LcstackCOMRAM                   cstackCOMRAM  00000
__Ldata                           data          00000
__LdataCOMRAM                     dataCOMRAM    00000
__Lend_init                       end_init      000B0
__Lfarbss                         farbss        00000
__Lfardata                        fardata       00000
__Libigdata                       ibigdata      00000
__Lidata                          idata         00000
__LidataCOMRAM                    idataCOMRAM   00000
__Lidloc                          idloc         00000
__Lifardata                       ifardata      00000
__Linit                           init          000B0
__Lintcode                        intcode       00008
__Lintcode_body                   intcode_body  00000
__Lintcodelo                      intcodelo     00018
__Lintentry                       intentry      00000
__Lintret                         intret        00000
__Lintsave_regs                   intsave_regs  00000
__Lirdata                         irdata        00000
__Ljflash_buffer                  jflash_buffer 07800
__Lmediumconst                    mediumconst   00000
__LnvBANK0                        nvBANK0       00000
__LnvCOMRAM                       nvCOMRAM      00000
__LnvFARRAM                       nvFARRAM      00000
__Lnvbit                          nvbit         00000
__Lnvrram                         nvrram        00000
__Lparam                          rparam        00000
__Lpowerup                        powerup       000B0
__Lram                            ram           00000
__Lramtop                         ramtop        00400
__Lrbit                           rbit          00000
__Lrbss                           rbss          00000
__Lrdata                          rdata         00000
__Lreset_vec                      reset_vec     00000
__Lrparam                         rparam        00000
__Lsfr                            sfr           00000
__Lsmallconst                     smallconst    00000
__Lstack                          stack         00000
__Lstruct                         struct        00000
__Ltemp                           temp          00000
__Ltext                           text          00000
__Ltext0                          text0         00000
__Ltext1                          text1         00000
__Ltext10                         text10        00000
__Ltext11                         text11        00000
__Ltext12                         text12        00000
__Ltext13                         text13        00000
__Ltext14                         text14        00000
__Ltext15                         text15        00000
__Ltext16                         text16        00000
__Ltext17                         text17        00000
__Ltext18                         text18        00000
__Ltext19                         text19        00000
__Ltext2                          text2         00000
__Ltext20                         text20        00000
__Ltext21                         text21        00000
__Ltext22                         text22        00000
__Ltext23                         text23        00000
__Ltext24                         text24        00000
__Ltext25                         text25        00000
__Ltext26                         text26        00000
__Ltext27                         text27        00000
__Ltext28                         text28        00000
__Ltext29                         text29        00000
__Ltext3                          text3         00000
__Ltext30                         text30        00000
__Ltext32                         text32        00000
__Ltext33                         text33        00000
__Ltext34                         text34        00000
__Ltext35                         text35        00000
__Ltext36                         text36        00000
__Ltext38                         text38        00000
__Ltext39                         text39        00000
__Ltext4                          text4         00000
__Ltext40                         text40        00000
__Ltext41                         text41        00000
__Ltext42                         text42        00000
__Ltext43                         text43        00000
__Ltext44                         text44        00000
__Ltext45                         text45        00000
__Ltext46                         text46        00000
__Ltext5                          text5         00000
__Ltext6                          text6         00000
__Ltext7                          text7         00000
__Ltext8                          text8         00000
__Ltext9                          text9         00000
__S0                              (abs)         07FFE
__S1                              (abs)         00361
__S2                              (abs)         00000
___extmem_base                    (abs)         20000
___inthi_sp                       stack         00000
___intlo_sp                       stack         00000
___lwmod                          text4         012B4
___lwmod@counter                  cstackBANK0   000AD
___lwmod@dividend                 cstackBANK0   000A8
___lwmod@divisor                  cstackBANK0   000AA
___sp                             stack         00000
__accesstop                       (abs)         00080
__activetblptr                    (abs)         00002
__end_of_ConvertADC               text16        01AA8
__end_of_Delay1KTCYx              text24        01A58
__end_of_FromMainHigh_sendmsg     text5         01900
__end_of_InterruptHandlerHigh     intcode_body  00BB2
__end_of_InterruptHandlerLow      intcodelo     000B0
__end_of_OpenADC                  text15        013C2
__end_of_OpenTimer0               text30        01992
__end_of_OpenUSART                text29        012B4
__end_of_ReadADC                  text46        01AA4
__end_of_ReadUSART                text36        01A42
__end_of_ToMainHigh_recvmsg       text26        0180C
__end_of_ToMainHigh_sendmsg       text43        01A06
__end_of_ToMainLow_recvmsg        text25        017CA
__end_of_ToMainLow_sendmsg        text33        019E0
__end_of___lwmod                  text4         0133E
__end_of__initialization          cinit         01650
__end_of_block_on_To_msgqueues    text19        01032
__end_of_check_msg                text23        01936
__end_of_enable_interrupts        text18        01A9A
__end_of_handle_start             text42        00F80
__end_of_i2c_configure_slave      text17        019BA
__end_of_i2c_int_handler          text39        006A6
__end_of_in_high_int              text22        01A8E
__end_of_in_low_int               text21        01744
__end_of_in_main                  text20        01788
__end_of_initADC                  text14        016FE
__end_of_init_i2c                 text13        015FC
__end_of_init_queue               text12        0143C
__end_of_init_queues              text11        01592
__end_of_init_timer0_lthread      text10        01A7C
__end_of_init_timer1_lthread      text9         01A6A
__end_of_init_uart_recv           text8         01A24
__end_of_main                     text0         0094E
__end_of_memcpy                   text28        016B8
__end_of_recv_msg                 text27        00A84
__end_of_returnADCValue           text41        01968
__end_of_send_msg                 text6         00DC4
__end_of_start_i2c_slave_reply    text7         00CC0
__end_of_timer0_lthread           text3         01520
__end_of_timer1_lthread           text2         014AE
__end_of_uart_lthread             text1         018CA
__end_of_uart_recv_int_handler    text32        01222
__end_ofi1_memcpy                 text35        0184C
__end_ofi1_send_msg               text34        010DC
__end_ofi2_ConvertADC             text38        01AAC
__end_ofi2_memcpy                 text45        0188C
__end_ofi2_send_msg               text44        01186
__end_ofi2_start_i2c_slave_reply  text40        00EB8
__initialization                  cinit         015FC
__mediumconst                     mediumconst   00000
__pbssBANK0                       bssBANK0      000CF
__pbssBANK1                       bssBANK1      00100
__pbssBANK2                       bssBANK2      00200
__pbssBIGRAM                      bssBIGRAM     00236
__pbssCOMRAM                      bssCOMRAM     00049
__pcinit                          cinit         015FC
__pcstackBANK0                    cstackBANK0   00080
__pcstackBANK1                    cstackBANK1   001A2
__pcstackCOMRAM                   cstackCOMRAM  00001
__pdataCOMRAM                     dataCOMRAM    00051
__pidataCOMRAM                    idataCOMRAM   01AAC
__pintcode                        intcode       00008
__pintcode_body                   intcode_body  00A84
__pintcodelo                      intcodelo     00018
__pnvBANK0                        nvBANK0       000CD
__pnvCOMRAM                       nvCOMRAM      0004F
__ptext0                          text0         006A6
__ptext1                          text1         0188C
__ptext10                         text10        01A6A
__ptext11                         text11        01520
__ptext12                         text12        013C2
__ptext13                         text13        01592
__ptext14                         text14        016B8
__ptext15                         text15        0133E
__ptext16                         text16        01AA4
__ptext17                         text17        01992
__ptext18                         text18        01A8E
__ptext19                         text19        00F80
__ptext2                          text2         0143C
__ptext20                         text20        01744
__ptext21                         text21        016FE
__ptext22                         text22        01A7C
__ptext23                         text23        01900
__ptext24                         text24        01A42
__ptext25                         text25        01788
__ptext26                         text26        017CA
__ptext27                         text27        0094E
__ptext28                         text28        0165A
__ptext29                         text29        01222
__ptext3                          text3         014AE
__ptext30                         text30        01968
__ptext32                         text32        01186
__ptext33                         text33        019BA
__ptext34                         text34        01032
__ptext35                         text35        0180C
__ptext36                         text36        01A24
__ptext38                         text38        01AA8
__ptext39                         text39        000B4
__ptext4                          text4         012B4
__ptext40                         text40        00DC4
__ptext41                         text41        01936
__ptext42                         text42        00EB8
__ptext43                         text43        019E0
__ptext44                         text44        010DC
__ptext45                         text45        0184C
__ptext46                         text46        01A9A
__ptext5                          text5         018CA
__ptext6                          text6         00CC0
__ptext7                          text7         00BB2
__ptext8                          text8         01A06
__ptext9                          text9         01A58
__ramtop                          ramtop        00400
__size_of_ConvertADC              (abs)         00000
__size_of_Delay1KTCYx             (abs)         00000
__size_of_FromMainHigh_sendmsg    (abs)         00000
__size_of_InterruptHandlerHigh    (abs)         00000
__size_of_InterruptHandlerLow     (abs)         00000
__size_of_OpenADC                 (abs)         00000
__size_of_OpenTimer0              (abs)         00000
__size_of_OpenUSART               (abs)         00000
__size_of_ReadADC                 (abs)         00000
__size_of_ReadUSART               (abs)         00000
__size_of_ToMainHigh_recvmsg      (abs)         00000
__size_of_ToMainHigh_sendmsg      (abs)         00000
__size_of_ToMainLow_recvmsg       (abs)         00000
__size_of_ToMainLow_sendmsg       (abs)         00000
__size_of___lwmod                 (abs)         00000
__size_of_block_on_To_msgqueues   (abs)         00000
__size_of_check_msg               (abs)         00000
__size_of_enable_interrupts       (abs)         00000
__size_of_handle_start            (abs)         00000
__size_of_i2c_configure_slave     (abs)         00000
__size_of_i2c_int_handler         (abs)         00000
__size_of_in_high_int             (abs)         00000
__size_of_in_low_int              (abs)         00000
__size_of_in_main                 (abs)         00000
__size_of_initADC                 (abs)         00000
__size_of_init_i2c                (abs)         00000
__size_of_init_queue              (abs)         00000
__size_of_init_queues             (abs)         00000
__size_of_init_timer0_lthread     (abs)         00000
__size_of_init_timer1_lthread     (abs)         00000
__size_of_init_uart_recv          (abs)         00000
__size_of_main                    (abs)         00000
__size_of_memcpy                  (abs)         00000
__size_of_recv_msg                (abs)         00000
__size_of_returnADCValue          (abs)         00000
__size_of_send_msg                (abs)         00000
__size_of_start_i2c_slave_reply   (abs)         00000
__size_of_timer0_lthread          (abs)         00000
__size_of_timer1_lthread          (abs)         00000
__size_of_uart_lthread            (abs)         00000
__size_of_uart_recv_int_handler   (abs)         00000
__size_ofi1_memcpy                (abs)         00000
__size_ofi1_send_msg              (abs)         00000
__size_ofi2_ConvertADC            (abs)         00000
__size_ofi2_memcpy                (abs)         00000
__size_ofi2_send_msg              (abs)         00000
__size_ofi2_start_i2c_slave_reply (abs)         00000
__smallconst                      smallconst    00000
_arrayPlaceHolder                 bssCOMRAM     00049
_block_on_To_msgqueues            text19        00F80
_check_msg                        text23        01900
_enable_interrupts                text18        01A8E
_handle_start                     text42        00EB8
_i2c_configure_slave              text17        01992
_i2c_int_handler                  text39        000B4
_ic_ptr                           nvBANK0       000CD
_in_high_int                      text22        01A7C
_in_low_int                       text21        016FE
_in_main                          text20        01744
_initADC                          text14        016B8
_init_i2c                         text13        01592
_init_queue                       text12        013C2
_init_queues                      text11        01520
_init_timer0_lthread              text10        01A6A
_init_timer1_lthread              text9         01A58
_init_uart_recv                   text8         01A06
_main                             text0         006A6
_memcpy                           text28        0165A
_recv_msg                         text27        0094E
_responding                       bssCOMRAM     0004B
_returnADCValue                   text41        01936
_send_msg                         text6         00CC0
_sendingPlaceHolder               dataCOMRAM    00051
_start_i2c_slave_reply            text7         00BB2
_timer0_lthread                   text3         014AE
_timer1_lthread                   text2         0143C
_uart_lthread                     text1         0188C
_uart_recv_int_handler            text32        01186
_uc_ptr                           nvCOMRAM      0004F
check_msg@qptr                    cstackBANK0   000A8
end_of_initialization             cinit         01650
handle_start@data_read            cstackCOMRAM  0002D
i1_memcpy                         text35        0180C
i1_send_msg                       text34        01032
i1memcpy@d                        cstackCOMRAM  00007
i1memcpy@d1                       cstackCOMRAM  00001
i1memcpy@n                        cstackCOMRAM  00005
i1memcpy@s                        cstackCOMRAM  00009
i1memcpy@s1                       cstackCOMRAM  00003
i1send_msg@data                   cstackCOMRAM  0000F
i1send_msg@length                 cstackCOMRAM  0000D
i1send_msg@msgtype                cstackCOMRAM  0000E
i1send_msg@qmsg                   cstackCOMRAM  00015
i1send_msg@qptr                   cstackCOMRAM  0000B
i1send_msg@slot                   cstackCOMRAM  00014
i1send_msg@tlength                cstackCOMRAM  00012
i2_ConvertADC                     text38        01AA8
i2_memcpy                         text45        0184C
i2_send_msg                       text44        010DC
i2_start_i2c_slave_reply          text40        00DC4
i2c_configure_slave@addr          cstackBANK0   000A8
i2c_int_handler@data_read         cstackBANK0   00095
i2c_int_handler@data_written      cstackBANK0   00090
i2c_int_handler@error_buf         cstackBANK0   0008D
i2c_int_handler@i2c_data          cstackBANK0   00092
i2c_int_handler@length            cstackBANK0   0008B
i2c_int_handler@msg_ready         cstackBANK0   00094
i2c_int_handler@msg_to_send       cstackBANK0   00093
i2c_int_handler@msgbuffer         cstackBANK0   00080
i2c_int_handler@overrun_error     cstackBANK0   00091
i2memcpy@d                        cstackCOMRAM  00033
i2memcpy@d1                       cstackCOMRAM  0002D
i2memcpy@n                        cstackCOMRAM  00031
i2memcpy@s                        cstackCOMRAM  00035
i2memcpy@s1                       cstackCOMRAM  0002F
i2send_msg@data                   cstackCOMRAM  0003B
i2send_msg@length                 cstackCOMRAM  00039
i2send_msg@msgtype                cstackCOMRAM  0003A
i2send_msg@qmsg                   cstackCOMRAM  00041
i2send_msg@qptr                   cstackCOMRAM  00037
i2send_msg@slot                   cstackCOMRAM  00040
i2send_msg@tlength                cstackCOMRAM  0003E
i2start_i2c_slave_reply@length    cstackCOMRAM  00031
i2start_i2c_slave_reply@msg       cstackCOMRAM  0002D
initADC@ADCValue                  cstackBANK0   000AF
init_i2c@ic                       cstackBANK0   000A8
init_queue@i                      cstackBANK0   000AB
init_queue@qptr                   cstackBANK0   000A8
init_timer0_lthread@tptr          cstackBANK0   000A8
init_timer1_lthread@tptr          cstackBANK0   000A8
init_uart_recv@uc                 cstackBANK0   000A8
int_func                          intcode_body  00A84
intlevel0                         text          00000
intlevel1                         text          00000
intlevel2                         text          00000
intlevel3                         text          00000
main@ic                           cstackBANK1   001BB
main@last_reg_recvd               cstackBANK1   001AF
main@length                       cstackBANK1   001BA
main@msgbuffer                    cstackBANK1   001A2
main@msgtype                      cstackBANK1   001B9
main@t0thread_data                cstackBANK1   001B2
main@t1thread_data                cstackBANK1   001B0
main@uc                           cstackBANK1   001B4
main@uthread_data                 cstackBANK1   001AD
memcpy@d                          cstackBANK0   000AE
memcpy@d1                         cstackBANK0   000A8
memcpy@n                          cstackBANK0   000AC
memcpy@s                          cstackBANK0   000B0
memcpy@s1                         cstackBANK0   000AA
recv_msg@data                     cstackBANK0   000B7
recv_msg@maxlength                cstackBANK0   000B4
recv_msg@msgtype                  cstackBANK0   000B5
recv_msg@qmsg                     cstackBANK0   000BE
recv_msg@qptr                     cstackBANK0   000B2
recv_msg@slot                     cstackBANK0   000BB
recv_msg@tlength                  cstackBANK0   000BC
send_msg@data                     cstackBANK0   000B6
send_msg@length                   cstackBANK0   000B4
send_msg@msgtype                  cstackBANK0   000B5
send_msg@qmsg                     cstackBANK0   000BC
send_msg@qptr                     cstackBANK0   000B2
send_msg@slot                     cstackBANK0   000BB
send_msg@tlength                  cstackBANK0   000B9
stackhi                           (abs)         003FF
stacklo                           (abs)         00361
start                             init          000B0
start_i2c_slave_reply@length      cstackBANK0   000AC
start_i2c_slave_reply@msg         cstackBANK0   000A8
start_initialization              cinit         015FC
timer0_lthread@length             cstackBANK0   000C6
timer0_lthread@msgbuffer          cstackBANK0   000C8
timer0_lthread@msgtype            cstackBANK0   000C4
timer0_lthread@retval             cstackBANK0   000CB
timer0_lthread@tptr               cstackBANK0   000C2
timer1_lthread@length             cstackBANK0   000C6
timer1_lthread@msgbuffer          cstackBANK0   000C8
timer1_lthread@msgtype            cstackBANK0   000C4
timer1_lthread@retval             cstackBANK0   000CB
timer1_lthread@tptr               cstackBANK0   000C2
uart_lthread@length               cstackBANK0   000AC
uart_lthread@msgbuffer            cstackBANK0   000AE
uart_lthread@msgtype              cstackBANK0   000AA
uart_lthread@uptr                 cstackBANK0   000A8


FUNCTION INFORMATION:

 *************** function _main *****************
 Defined at:
		line 116 in file "../src/main.c"
 Parameters:    Size  Location     Type
		None
 Auto vars:     Size  Location     Type
  ic             28   25[BANK1 ] struct __i2c_comm
  msgbuffer      11    0[BANK1 ] unsigned char [11]
  uc              5   18[BANK1 ] struct __uart_comm
  t0thread_dat    2   16[BANK1 ] struct __timer0_thread_s
  t1thread_dat    2   14[BANK1 ] struct __timer1_thread_s
  uthread_data    2   11[BANK1 ] struct __uart_thread_str
  length          1   24[BANK1 ] char 
  msgtype         1   23[BANK1 ] unsigned char 
  last_reg_rec    1   13[BANK1 ] unsigned char 
  i               1    0        unsigned char 
  c               1    0        unsigned char 
 Return value:  Size  Location     Type
		None               void
 Registers used:
		wreg, fsr0l, fsr0h, fsr1l, fsr1h, fsr1l, fsr1h, fsr2l, fsr2h, status,2, status,0, pclat, btemp, btemp+1, btemp+2, btemp+3, btemp+4, btemp+5, btemp+6, btemp+7, btemp+8, btemp+9, btemp+10, btemp+11, tosl, structret, tblptrl, tblptrh, tblptru, prodl, prodh, bsr, cstack
 Tracked objects:
		On entry : 
		On exit  : 
		Unchanged: 
 Data sizes:     COMRAM   BANK0   BANK1   BANK2   BANK3
      Params:         0       0       0       0       0
      Locals:         0       0      53       0       0
      Temps:          0       1       0       0       0
      Totals:         0       1      53       0       0
Total ram usage:       54 bytes
 Hardware stack levels required when called:   14
 This function calls:
		_OpenTimer0
		_OpenUSART
		_ToMainHigh_recvmsg
		_ToMainLow_recvmsg
		_block_on_To_msgqueues
		_enable_interrupts
		_i2c_configure_slave
		_initADC
		_init_i2c
		_init_queues
		_init_timer0_lthread
		_init_timer1_lthread
		_init_uart_recv
		_start_i2c_slave_reply
		_timer0_lthread
		_timer1_lthread
		_uart_lthread
 This function is called by:
		Startup code after reset
 This function uses a non-reentrant model


 *************** function _uart_lthread *****************
 Defined at:
		line 9 in file "../src/uart_thread.c"
 Parameters:    Size  Location     Type
  uptr            2   40[BANK0 ] PTR struct __uart_thread
		 -> main@uthread_data(2), 
  msgtype         2   42[BANK0 ] int 
  length          2   44[BANK0 ] int 
  msgbuffer       2   46[BANK0 ] PTR unsigned char 
		 -> main@msgbuffer(11), 
 Auto vars:     Size  Location     Type
		None
 Return value:  Size  Location     Type
                  2   40[BANK0 ] int 
 Registers used:
		wreg, fsr2l, fsr2h, status,2, status,0
 Tracked objects:
		On entry : 
		On exit  : 
		Unchanged: 
 Data sizes:     COMRAM   BANK0   BANK1   BANK2   BANK3
      Params:         0       8       0       0       0
      Locals:         0       0       0       0       0
      Temps:          0       0       0       0       0
      Totals:         0       8       0       0       0
Total ram usage:        8 bytes
 Hardware stack levels used:    1
 Hardware stack levels required when called:   10
 This function calls:
		Nothing
 This function is called by:
		_main
 This function uses a non-reentrant model


 *************** function _timer1_lthread *****************
 Defined at:
		line 14 in file "../src/timer1_thread.c"
 Parameters:    Size  Location     Type
  tptr            2   66[BANK0 ] PTR struct __timer1_thre
		 -> main@t1thread_data(2), 
  msgtype         2   68[BANK0 ] int 
  length          2   70[BANK0 ] int 
  msgbuffer       2   72[BANK0 ] PTR unsigned char 
		 -> main@msgbuffer(11), 
 Auto vars:     Size  Location     Type
  retval          1   75[BANK0 ] char 
 Return value:  Size  Location     Type
                  2   66[BANK0 ] int 
 Registers used:
		wreg, fsr0l, fsr0h, fsr1l, fsr1h, fsr1l, fsr1h, fsr2l, fsr2h, status,2, status,0, pclat, btemp, btemp+1, btemp+2, btemp+3, btemp+4, btemp+5, btemp+6, btemp+7, btemp+8, btemp+9, btemp+10, btemp+11, tosl, structret, tblptrl, tblptrh, tblptru, prodl, prodh, bsr, cstack
 Tracked objects:
		On entry : 
		On exit  : 
		Unchanged: 
 Data sizes:     COMRAM   BANK0   BANK1   BANK2   BANK3
      Params:         0       8       0       0       0
      Locals:         0       1       0       0       0
      Temps:          0       1       0       0       0
      Totals:         0      10       0       0       0
Total ram usage:       10 bytes
 Hardware stack levels used:    1
 Hardware stack levels required when called:   13
 This function calls:
		_FromMainHigh_sendmsg
		___lwmod
 This function is called by:
		_main
 This function uses a non-reentrant model


 *************** function _timer0_lthread *****************
 Defined at:
		line 14 in file "../src/timer0_thread.c"
 Parameters:    Size  Location     Type
  tptr            2   66[BANK0 ] PTR struct __timer0_thre
		 -> main@t0thread_data(2), 
  msgtype         2   68[BANK0 ] int 
  length          2   70[BANK0 ] int 
  msgbuffer       2   72[BANK0 ] PTR unsigned char 
		 -> main@msgbuffer(11), 
 Auto vars:     Size  Location     Type
  retval          1   75[BANK0 ] char 
 Return value:  Size  Location     Type
                  2   66[BANK0 ] int 
 Registers used:
		wreg, fsr0l, fsr0h, fsr1l, fsr1h, fsr1l, fsr1h, fsr2l, fsr2h, status,2, status,0, pclat, btemp, btemp+1, btemp+2, btemp+3, btemp+4, btemp+5, btemp+6, btemp+7, btemp+8, btemp+9, btemp+10, btemp+11, tosl, structret, tblptrl, tblptrh, tblptru, prodl, prodh, bsr, cstack
 Tracked objects:
		On entry : 
		On exit  : 
		Unchanged: 
 Data sizes:     COMRAM   BANK0   BANK1   BANK2   BANK3
      Params:         0       8       0       0       0
      Locals:         0       1       0       0       0
      Temps:          0       1       0       0       0
      Totals:         0      10       0       0       0
Total ram usage:       10 bytes
 Hardware stack levels used:    1
 Hardware stack levels required when called:   13
 This function calls:
		_FromMainHigh_sendmsg
		___lwmod
 This function is called by:
		_main
 This function uses a non-reentrant model


 *************** function ___lwmod *****************
 Defined at:
		line 8 in file "C:\Program Files (x86)\Microchip\xc8\v1.30\sources\common\lwmod.c"
 Parameters:    Size  Location     Type
  dividend        2   40[BANK0 ] unsigned int 
  divisor         2   42[BANK0 ] unsigned int 
 Auto vars:     Size  Location     Type
  counter         1   45[BANK0 ] unsigned char 
 Return value:  Size  Location     Type
                  2   40[BANK0 ] unsigned int 
 Registers used:
		wreg, status,2, status,0
 Tracked objects:
		On entry : 
		On exit  : 
		Unchanged: 
 Data sizes:     COMRAM   BANK0   BANK1   BANK2   BANK3
      Params:         0       4       0       0       0
      Locals:         0       1       0       0       0
      Temps:          0       1       0       0       0
      Totals:         0       6       0       0       0
Total ram usage:        6 bytes
 Hardware stack levels used:    1
 Hardware stack levels required when called:   10
 This function calls:
		Nothing
 This function is called by:
		_timer1_lthread
		_timer0_lthread
 This function uses a non-reentrant model


 *************** function _FromMainHigh_sendmsg *****************
 Defined at:
		line 174 in file "../src/messages.c"
 Parameters:    Size  Location     Type
  length          1    wreg     unsigned char 
  msgtype         1   62[BANK0 ] unsigned char 
  data            2   63[BANK0 ] PTR void 
		 -> main@t0thread_data(2), main@t1thread_data(2), 
 Auto vars:     Size  Location     Type
  length          1   65[BANK0 ] unsigned char 
 Return value:  Size  Location     Type
                  1    wreg      char 
 Registers used:
		wreg, fsr0l, fsr0h, fsr1l, fsr1h, fsr1l, fsr1h, fsr2l, fsr2h, status,2, status,0, pclat, btemp, btemp+1, btemp+2, btemp+3, btemp+4, btemp+5, btemp+6, btemp+7, btemp+8, btemp+9, btemp+10, btemp+11, tosl, structret, tblptrl, tblptrh, tblptru, prodl, prodh, bsr, cstack
 Tracked objects:
		On entry : 
		On exit  : 
		Unchanged: 
 Data sizes:     COMRAM   BANK0   BANK1   BANK2   BANK3
      Params:         0       3       0       0       0
      Locals:         0       1       0       0       0
      Temps:          0       0       0       0       0
      Totals:         0       4       0       0       0
Total ram usage:        4 bytes
 Hardware stack levels used:    1
 Hardware stack levels required when called:   12
 This function calls:
		_send_msg
 This function is called by:
		_timer1_lthread
		_timer0_lthread
 This function uses a non-reentrant model


 *************** function _send_msg *****************
 Defined at:
		line 24 in file "../src/messages.c"
 Parameters:    Size  Location     Type
  qptr            2   50[BANK0 ] PTR struct __msg_queue
		 -> FromMainHigh_MQ(54), FromMainLow_MQ(54), ToMainHigh_MQ(54), ToMainLow_MQ(54), 
  length          1   52[BANK0 ] unsigned char 
  msgtype         1   53[BANK0 ] unsigned char 
  data            2   54[BANK0 ] PTR void 
		 -> main@t0thread_data(2), main@t1thread_data(2), main@ic(28), main@uc(5), 
		 -> i2c_int_handler@error_buf(3), NULL(0), timer0_int_handler@val(2), 
 Auto vars:     Size  Location     Type
  qmsg            2   60[BANK0 ] PTR struct __msg
		 -> FromMainLow_MQ.queue(52), FromMainHigh_MQ.queue(52), ToMainHigh_MQ.queue(52), ToMainLow_MQ.queue(52), 
		 -> FromMainHigh_MQ(54), FromMainLow_MQ(54), ToMainHigh_MQ(54), ToMainLow_MQ(54), 
  tlength         2   57[BANK0 ] unsigned int 
  slot            1   59[BANK0 ] unsigned char 
 Return value:  Size  Location     Type
                  1    wreg      char 
 Registers used:
		wreg, fsr1l, fsr1h, fsr2l, fsr2h, status,2, status,0, prodl, prodh, cstack
 Tracked objects:
		On entry : 
		On exit  : 
		Unchanged: 
 Data sizes:     COMRAM   BANK0   BANK1   BANK2   BANK3
      Params:         0       6       0       0       0
      Locals:         0       5       0       0       0
      Temps:          0       1       0       0       0
      Totals:         0      12       0       0       0
Total ram usage:       12 bytes
 Hardware stack levels used:    1
 Hardware stack levels required when called:   11
 This function calls:
		_memcpy
 This function is called by:
		_FromMainHigh_sendmsg
		_FromMainLow_sendmsg
 This function uses a non-reentrant model


 *************** function _start_i2c_slave_reply *****************
 Defined at:
		line 54 in file "../src/my_i2c.c"
 Parameters:    Size  Location     Type
  length          1    wreg     unsigned char 
  msg             2   40[BANK0 ] PTR unsigned char 
		 -> main@msgbuffer(11), i2c_int_handler@msgbuffer(11), 
 Auto vars:     Size  Location     Type
  length          1   44[BANK0 ] unsigned char 
 Return value:  Size  Location     Type
		None               void
 Registers used:
		wreg, fsr1l, fsr1h, fsr2l, fsr2h, status,2, status,0, prodl, prodh
 Tracked objects:
		On entry : 
		On exit  : 
		Unchanged: 
 Data sizes:     COMRAM   BANK0   BANK1   BANK2   BANK3
      Params:         0       2       0       0       0
      Locals:         0       1       0       0       0
      Temps:          0       2       0       0       0
      Totals:         0       5       0       0       0
Total ram usage:        5 bytes
 Hardware stack levels used:    1
 Hardware stack levels required when called:   10
 This function calls:
		Nothing
 This function is called by:
		_main
 This function uses a non-reentrant model


 *************** function _init_uart_recv *****************
 Defined at:
		line 30 in file "../src/my_uart.c"
 Parameters:    Size  Location     Type
  uc              2   40[BANK0 ] PTR struct __uart_comm
		 -> main@uc(5), 
 Auto vars:     Size  Location     Type
		None
 Return value:  Size  Location     Type
		None               void
 Registers used:
		wreg, fsr2l, fsr2h, status,2, status,0
 Tracked objects:
		On entry : 
		On exit  : 
		Unchanged: 
 Data sizes:     COMRAM   BANK0   BANK1   BANK2   BANK3
      Params:         0       2       0       0       0
      Locals:         0       0       0       0       0
      Temps:          0       0       0       0       0
      Totals:         0       2       0       0       0
Total ram usage:        2 bytes
 Hardware stack levels used:    1
 Hardware stack levels required when called:   10
 This function calls:
		Nothing
 This function is called by:
		_main
 This function uses a non-reentrant model


 *************** function _init_timer1_lthread *****************
 Defined at:
		line 6 in file "../src/timer1_thread.c"
 Parameters:    Size  Location     Type
  tptr            2   40[BANK0 ] PTR struct __timer1_thre
		 -> main@t1thread_data(2), 
 Auto vars:     Size  Location     Type
		None
 Return value:  Size  Location     Type
		None               void
 Registers used:
		wreg, fsr2l, fsr2h
 Tracked objects:
		On entry : 
		On exit  : 
		Unchanged: 
 Data sizes:     COMRAM   BANK0   BANK1   BANK2   BANK3
      Params:         0       2       0       0       0
      Locals:         0       0       0       0       0
      Temps:          0       0       0       0       0
      Totals:         0       2       0       0       0
Total ram usage:        2 bytes
 Hardware stack levels used:    1
 Hardware stack levels required when called:   10
 This function calls:
		Nothing
 This function is called by:
		_main
 This function uses a non-reentrant model


 *************** function _init_timer0_lthread *****************
 Defined at:
		line 10 in file "../src/timer0_thread.c"
 Parameters:    Size  Location     Type
  tptr            2   40[BANK0 ] PTR struct __timer0_thre
		 -> main@t0thread_data(2), 
 Auto vars:     Size  Location     Type
		None
 Return value:  Size  Location     Type
		None               void
 Registers used:
		wreg, fsr2l, fsr2h
 Tracked objects:
		On entry : 
		On exit  : 
		Unchanged: 
 Data sizes:     COMRAM   BANK0   BANK1   BANK2   BANK3
      Params:         0       2       0       0       0
      Locals:         0       0       0       0       0
      Temps:          0       0       0       0       0
      Totals:         0       2       0       0       0
Total ram usage:        2 bytes
 Hardware stack levels used:    1
 Hardware stack levels required when called:   10
 This function calls:
		Nothing
 This function is called by:
		_main
 This function uses a non-reentrant model


 *************** function _init_queues *****************
 Defined at:
		line 194 in file "../src/messages.c"
 Parameters:    Size  Location     Type
		None
 Auto vars:     Size  Location     Type
		None
 Return value:  Size  Location     Type
		None               void
 Registers used:
		wreg, fsr2l, fsr2h, status,2, status,0, prodl, prodh, cstack
 Tracked objects:
		On entry : 
		On exit  : 
		Unchanged: 
 Data sizes:     COMRAM   BANK0   BANK1   BANK2   BANK3
      Params:         0       0       0       0       0
      Locals:         0       0       0       0       0
      Temps:          0       1       0       0       0
      Totals:         0       1       0       0       0
Total ram usage:        1 bytes
 Hardware stack levels used:    1
 Hardware stack levels required when called:   11
 This function calls:
		_init_queue
 This function is called by:
		_main
 This function uses a non-reentrant model


 *************** function _init_queue *****************
 Defined at:
		line 14 in file "../src/messages.c"
 Parameters:    Size  Location     Type
  qptr            2   40[BANK0 ] PTR struct __msg_queue
		 -> FromMainHigh_MQ(54), FromMainLow_MQ(54), ToMainHigh_MQ(54), ToMainLow_MQ(54), 
 Auto vars:     Size  Location     Type
  i               1   43[BANK0 ] unsigned char 
 Return value:  Size  Location     Type
		None               void
 Registers used:
		wreg, fsr2l, fsr2h, status,2, status,0, prodl, prodh
 Tracked objects:
		On entry : 
		On exit  : 
		Unchanged: 
 Data sizes:     COMRAM   BANK0   BANK1   BANK2   BANK3
      Params:         0       2       0       0       0
      Locals:         0       1       0       0       0
      Temps:          0       1       0       0       0
      Totals:         0       4       0       0       0
Total ram usage:        4 bytes
 Hardware stack levels used:    1
 Hardware stack levels required when called:   10
 This function calls:
		Nothing
 This function is called by:
		_init_queues
 This function uses a non-reentrant model


 *************** function _init_i2c *****************
 Defined at:
		line 302 in file "../src/my_i2c.c"
 Parameters:    Size  Location     Type
  ic              2   40[BANK0 ] PTR struct __i2c_comm
		 -> main@ic(28), 
 Auto vars:     Size  Location     Type
		None
 Return value:  Size  Location     Type
		None               void
 Registers used:
		wreg, fsr2l, fsr2h, status,2, status,0
 Tracked objects:
		On entry : 
		On exit  : 
		Unchanged: 
 Data sizes:     COMRAM   BANK0   BANK1   BANK2   BANK3
      Params:         0       2       0       0       0
      Locals:         0       0       0       0       0
      Temps:          0       0       0       0       0
      Totals:         0       2       0       0       0
Total ram usage:        2 bytes
 Hardware stack levels used:    1
 Hardware stack levels required when called:   10
 This function calls:
		Nothing
 This function is called by:
		_main
 This function uses a non-reentrant model


 *************** function _initADC *****************
 Defined at:
		line 99 in file "../src/main.c"
 Parameters:    Size  Location     Type
		None
 Auto vars:     Size  Location     Type
  ADCValue        2   47[BANK0 ] int 
 Return value:  Size  Location     Type
		None               void
 Registers used:
		wreg, status,2, status,0, cstack
 Tracked objects:
		On entry : 
		On exit  : 
		Unchanged: 
 Data sizes:     COMRAM   BANK0   BANK1   BANK2   BANK3
      Params:         0       0       0       0       0
      Locals:         0       2       0       0       0
      Temps:          0       2       0       0       0
      Totals:         0       4       0       0       0
Total ram usage:        4 bytes
 Hardware stack levels used:    1
 Hardware stack levels required when called:   11
 This function calls:
		_ConvertADC
		_OpenADC
 This function is called by:
		_main
 This function uses a non-reentrant model


 *************** function _OpenADC *****************
 Defined at:
		line 68 in file "C:\Program Files (x86)\Microchip\xc8\v1.30\sources\pic18\plib\ADC\adcopen.c"
 Parameters:    Size  Location     Type
  config          1    wreg     unsigned char 
  config2         1   40[BANK0 ] unsigned char 
  portconfig      1   41[BANK0 ] unsigned char 
 Auto vars:     Size  Location     Type
  config          1   44[BANK0 ] unsigned char 
 Return value:  Size  Location     Type
		None               void
 Registers used:
		wreg, status,2, status,0
 Tracked objects:
		On entry : 
		On exit  : 
		Unchanged: 
 Data sizes:     COMRAM   BANK0   BANK1   BANK2   BANK3
      Params:         0       2       0       0       0
      Locals:         0       1       0       0       0
      Temps:          0       2       0       0       0
      Totals:         0       5       0       0       0
Total ram usage:        5 bytes
 Hardware stack levels used:    1
 Hardware stack levels required when called:   10
 This function calls:
		Nothing
 This function is called by:
		_initADC
 This function uses a non-reentrant model


 *************** function _ConvertADC *****************
 Defined at:
		line 22 in file "C:\Program Files (x86)\Microchip\xc8\v1.30\sources\pic18\plib\ADC\adcconv.c"
 Parameters:    Size  Location     Type
		None
 Auto vars:     Size  Location     Type
		None
 Return value:  Size  Location     Type
		None               void
 Registers used:
		None
 Tracked objects:
		On entry : 
		On exit  : 
		Unchanged: 
 Data sizes:     COMRAM   BANK0   BANK1   BANK2   BANK3
      Params:         0       0       0       0       0
      Locals:         0       0       0       0       0
      Temps:          0       0       0       0       0
      Totals:         0       0       0       0       0
Total ram usage:        0 bytes
 Hardware stack levels used:    1
 Hardware stack levels required when called:   10
 This function calls:
		Nothing
 This function is called by:
		_initADC
 This function uses a non-reentrant model


 *************** function _i2c_configure_slave *****************
 Defined at:
		line 313 in file "../src/my_i2c.c"
 Parameters:    Size  Location     Type
  addr            1    wreg     unsigned char 
 Auto vars:     Size  Location     Type
  addr            1   40[BANK0 ] unsigned char 
 Return value:  Size  Location     Type
		None               void
 Registers used:
		wreg, status,2, status,0
 Tracked objects:
		On entry : 
		On exit  : 
		Unchanged: 
 Data sizes:     COMRAM   BANK0   BANK1   BANK2   BANK3
      Params:         0       0       0       0       0
      Locals:         0       1       0       0       0
      Temps:          0       0       0       0       0
      Totals:         0       1       0       0       0
Total ram usage:        1 bytes
 Hardware stack levels used:    1
 Hardware stack levels required when called:   10
 This function calls:
		Nothing
 This function is called by:
		_main
 This function uses a non-reentrant model


 *************** function _enable_interrupts *****************
 Defined at:
		line 44 in file "../src/interrupts.c"
 Parameters:    Size  Location     Type
		None
 Auto vars:     Size  Location     Type
		None
 Return value:  Size  Location     Type
		None               void
 Registers used:
		None
 Tracked objects:
		On entry : 
		On exit  : 
		Unchanged: 
 Data sizes:     COMRAM   BANK0   BANK1   BANK2   BANK3
      Params:         0       0       0       0       0
      Locals:         0       0       0       0       0
      Temps:          0       0       0       0       0
      Totals:         0       0       0       0       0
Total ram usage:        0 bytes
 Hardware stack levels used:    1
 Hardware stack levels required when called:   10
 This function calls:
		Nothing
 This function is called by:
		_main
 This function uses a non-reentrant model


 *************** function _block_on_To_msgqueues *****************
 Defined at:
		line 258 in file "../src/messages.c"
 Parameters:    Size  Location     Type
		None
 Auto vars:     Size  Location     Type
		None
 Return value:  Size  Location     Type
		None               void
 Registers used:
		wreg, fsr0l, fsr0h, fsr1l, fsr1h, fsr1l, fsr1h, fsr2l, fsr2h, status,2, status,0, pclat, btemp, btemp+1, btemp+2, btemp+3, btemp+4, btemp+5, btemp+6, btemp+7, btemp+8, btemp+9, btemp+10, btemp+11, tosl, structret, tblptrl, tblptrh, tblptru, prodl, prodh, bsr, cstack
 Tracked objects:
		On entry : 
		On exit  : 
		Unchanged: 
 Data sizes:     COMRAM   BANK0   BANK1   BANK2   BANK3
      Params:         0       0       0       0       0
      Locals:         0       0       0       0       0
      Temps:          0       1       0       0       0
      Totals:         0       1       0       0       0
Total ram usage:        1 bytes
 Hardware stack levels used:    1
 Hardware stack levels required when called:   13
 This function calls:
		_Delay1KTCYx
		_check_msg
		_in_main
 This function is called by:
		_main
 This function uses a non-reentrant model


 *************** function _in_main *****************
 Defined at:
		line 74 in file "../src/interrupts.c"
 Parameters:    Size  Location     Type
		None
 Auto vars:     Size  Location     Type
		None
 Return value:  Size  Location     Type
                  2   44[BANK0 ] int 
 Registers used:
		wreg, status,2, status,0, cstack
 Tracked objects:
		On entry : 
		On exit  : 
		Unchanged: 
 Data sizes:     COMRAM   BANK0   BANK1   BANK2   BANK3
      Params:         0       2       0       0       0
      Locals:         0       0       0       0       0
      Temps:          0       0       0       0       0
      Totals:         0       2       0       0       0
Total ram usage:        2 bytes
 Hardware stack levels used:    1
 Hardware stack levels required when called:   12
 This function calls:
		_in_high_int
		_in_low_int
 This function is called by:
		_block_on_To_msgqueues
 This function uses a non-reentrant model


 *************** function _in_low_int *****************
 Defined at:
		line 64 in file "../src/interrupts.c"
 Parameters:    Size  Location     Type
		None
 Auto vars:     Size  Location     Type
		None
 Return value:  Size  Location     Type
                  2   42[BANK0 ] int 
 Registers used:
		wreg, status,2, status,0, cstack
 Tracked objects:
		On entry : 
		On exit  : 
		Unchanged: 
 Data sizes:     COMRAM   BANK0   BANK1   BANK2   BANK3
      Params:         0       2       0       0       0
      Locals:         0       0       0       0       0
      Temps:          0       0       0       0       0
      Totals:         0       2       0       0       0
Total ram usage:        2 bytes
 Hardware stack levels used:    1
 Hardware stack levels required when called:   11
 This function calls:
		_in_high_int
 This function is called by:
		_in_main
		_SleepIfOkay
 This function uses a non-reentrant model


 *************** function _in_high_int *****************
 Defined at:
		line 56 in file "../src/interrupts.c"
 Parameters:    Size  Location     Type
		None
 Auto vars:     Size  Location     Type
		None
 Return value:  Size  Location     Type
                  2   40[BANK0 ] int 
 Registers used:
		wreg, status,2
 Tracked objects:
		On entry : 
		On exit  : 
		Unchanged: 
 Data sizes:     COMRAM   BANK0   BANK1   BANK2   BANK3
      Params:         0       2       0       0       0
      Locals:         0       0       0       0       0
      Temps:          0       0       0       0       0
      Totals:         0       2       0       0       0
Total ram usage:        2 bytes
 Hardware stack levels used:    1
 Hardware stack levels required when called:   10
 This function calls:
		Nothing
 This function is called by:
		_in_low_int
		_in_main
		_SleepIfOkay
 This function uses a non-reentrant model


 *************** function _check_msg *****************
 Defined at:
		line 222 in file "../src/messages.c"
 Parameters:    Size  Location     Type
  qptr            2   40[BANK0 ] PTR struct __msg_queue
		 -> ToMainHigh_MQ(54), ToMainLow_MQ(54), 
 Auto vars:     Size  Location     Type
		None
 Return value:  Size  Location     Type
                  1    wreg      unsigned char 
 Registers used:
		wreg, fsr2l, fsr2h, status,2, status,0, prodl, prodh
 Tracked objects:
		On entry : 
		On exit  : 
		Unchanged: 
 Data sizes:     COMRAM   BANK0   BANK1   BANK2   BANK3
      Params:         0       2       0       0       0
      Locals:         0       0       0       0       0
      Temps:          0       1       0       0       0
      Totals:         0       3       0       0       0
Total ram usage:        3 bytes
 Hardware stack levels used:    1
 Hardware stack levels required when called:   10
 This function calls:
		Nothing
 This function is called by:
		_block_on_To_msgqueues
		_SleepIfOkay
 This function uses a non-reentrant model


 *************** function _Delay1KTCYx *****************
 Defined at:
		line 8 in file "C:\Program Files (x86)\Microchip\xc8\v1.30\sources\pic18\d1ktcyx.c"
 Parameters:    Size  Location     Type
  unit            1    wreg     unsigned char 
 Auto vars:     Size  Location     Type
  unit            1   40[BANK0 ] unsigned char 
 Return value:  Size  Location     Type
		None               void
 Registers used:
		wreg
 Tracked objects:
		On entry : 
		On exit  : 
		Unchanged: 
 Data sizes:     COMRAM   BANK0   BANK1   BANK2   BANK3
      Params:         0       0       0       0       0
      Locals:         0       1       0       0       0
      Temps:          0       0       0       0       0
      Totals:         0       1       0       0       0
Total ram usage:        1 bytes
 Hardware stack levels used:    1
 Hardware stack levels required when called:   10
 This function calls:
		Nothing
 This function is called by:
		_block_on_To_msgqueues
 This function uses a non-reentrant model


 *************** function _ToMainLow_recvmsg *****************
 Defined at:
		line 112 in file "../src/messages.c"
 Parameters:    Size  Location     Type
  maxlength       1    wreg     unsigned char 
  msgtype         2   64[BANK0 ] PTR unsigned char 
		 -> main@msgtype(1), 
  data            2   66[BANK0 ] PTR void 
		 -> main@msgbuffer(11), 
 Auto vars:     Size  Location     Type
  maxlength       1   68[BANK0 ] unsigned char 
 Return value:  Size  Location     Type
                  1    wreg      char 
 Registers used:
		wreg, fsr1l, fsr1h, fsr2l, fsr2h, status,2, status,0, prodl, prodh, cstack
 Tracked objects:
		On entry : 
		On exit  : 
		Unchanged: 
 Data sizes:     COMRAM   BANK0   BANK1   BANK2   BANK3
      Params:         0       4       0       0       0
      Locals:         0       1       0       0       0
      Temps:          0       0       0       0       0
      Totals:         0       5       0       0       0
Total ram usage:        5 bytes
 Hardware stack levels used:    1
 Hardware stack levels required when called:   12
 This function calls:
		_recv_msg
 This function is called by:
		_main
 This function uses a non-reentrant model


 *************** function _ToMainHigh_recvmsg *****************
 Defined at:
		line 135 in file "../src/messages.c"
 Parameters:    Size  Location     Type
  maxlength       1    wreg     unsigned char 
  msgtype         2   64[BANK0 ] PTR unsigned char 
		 -> main@msgtype(1), 
  data            2   66[BANK0 ] PTR void 
		 -> main@msgbuffer(11), 
 Auto vars:     Size  Location     Type
  maxlength       1   68[BANK0 ] unsigned char 
 Return value:  Size  Location     Type
                  1    wreg      char 
 Registers used:
		wreg, fsr1l, fsr1h, fsr2l, fsr2h, status,2, status,0, prodl, prodh, cstack
 Tracked objects:
		On entry : 
		On exit  : 
		Unchanged: 
 Data sizes:     COMRAM   BANK0   BANK1   BANK2   BANK3
      Params:         0       4       0       0       0
      Locals:         0       1       0       0       0
      Temps:          0       0       0       0       0
      Totals:         0       5       0       0       0
Total ram usage:        5 bytes
 Hardware stack levels used:    1
 Hardware stack levels required when called:   12
 This function calls:
		_recv_msg
 This function is called by:
		_main
 This function uses a non-reentrant model


 *************** function _recv_msg *****************
 Defined at:
[...]
		 -> FromMainHigh_MQ(54), FromMainLow_MQ(54), ToMainHigh_MQ(54), ToMainLow_MQ(54), 
		 -> i2c_int_handler@error_buf(3), NULL(0), timer0_int_handler@val(2), 
  n               2    4[COMRAM] unsigned int 
 Auto vars:     Size  Location     Type
  memcpy          2    8[COMRAM] PTR const unsigned char 
		 -> ToMainLow_MQ.data(10), ToMainHigh_MQ.data(10), FromMainLow_MQ.data(10), FromMainHigh_MQ.data(10), 
		 -> ToMainLow_MQ.queue.data(10), ToMainHigh_MQ.queue.data(10), FromMainHigh_MQ.queue.data(10), FromMainLow_MQ.queue.data(10), 
		 -> main@t0thread_data(2), main@t1thread_data(2), main@ic(28), main@uc(5), 
		 -> FromMainHigh_MQ(54), FromMainLow_MQ(54), ToMainHigh_MQ(54), ToMainLow_MQ(54), 
		 -> i2c_int_handler@error_buf(3), NULL(0), timer0_int_handler@val(2), 
  memcpy          2    6[COMRAM] PTR unsigned char 
		 -> FromMainLow_MQ.queue(52), FromMainHigh_MQ.queue(52), ToMainHigh_MQ.queue(52), ToMainLow_MQ.queue(52), 
		 -> main@msgbuffer(11), FromMainHigh_MQ(54), FromMainLow_MQ(54), ToMainHigh_MQ(54), 
		 -> ToMainLow_MQ(54), timer0_int_handler@val(2), 
 Return value:  Size  Location     Type
                  2    0[COMRAM] PTR void 
 Registers used:
		wreg, fsr1l, fsr1h, fsr2l, fsr2h, status,2, status,0
 Tracked objects:
		On entry : 
		On exit  : 
		Unchanged: 
 Data sizes:     COMRAM   BANK0   BANK1   BANK2   BANK3
      Params:         6       0       0       0       0
      Locals:         4       0       0       0       0
      Temps:          0       0       0       0       0
      Totals:        10       0       0       0       0
Total ram usage:       10 bytes
 Hardware stack levels used:    1
 Hardware stack levels required when called:    5
 This function calls:
		Nothing
 This function is called by:
		i1_send_msg
 This function uses a non-reentrant model


 *************** function _ReadUSART *****************
 Defined at:
		line 15 in file "C:\Program Files (x86)\Microchip\xc8\v1.30\sources\pic18\plib\USART\uread.c"
 Parameters:    Size  Location     Type
		None
 Auto vars:     Size  Location     Type
  data            1    0[COMRAM] unsigned char 
 Return value:  Size  Location     Type
                  1    wreg      unsigned char 
 Registers used:
		wreg, status,2, status,0
 Tracked objects:
		On entry : 
		On exit  : 
		Unchanged: 
 Data sizes:     COMRAM   BANK0   BANK1   BANK2   BANK3
      Params:         0       0       0       0       0
      Locals:         1       0       0       0       0
      Temps:          0       0       0       0       0
      Totals:         1       0       0       0       0
Total ram usage:        1 bytes
 Hardware stack levels used:    1
 Hardware stack levels required when called:    5
 This function calls:
		Nothing
 This function is called by:
		_uart_recv_int_handler
 This function uses a non-reentrant model


 *************** function _InterruptHandlerHigh *****************
 Defined at:
		line 117 in file "../src/interrupts.c"
 Parameters:    Size  Location     Type
		None
 Auto vars:     Size  Location     Type
  pureADCValue    2   38[BANK0 ] int 
 Return value:  Size  Location     Type
		None               void
 Registers used:
		wreg, fsr1l, fsr1h, fsr2l, fsr2h, status,2, status,0, prodl, prodh, cstack
 Tracked objects:
		On entry : 
		On exit  : 
		Unchanged: 
 Data sizes:     COMRAM   BANK0   BANK1   BANK2   BANK3
      Params:         0       0       0       0       0
      Locals:         0       2       0       0       0
      Temps:          0      16       0       0       0
      Totals:         0      18       0       0       0
Total ram usage:       18 bytes
 Hardware stack levels used:    1
 Hardware stack levels required when called:    4
 This function calls:
		_ReadADC
		_i2c_int_handler
		i2_ConvertADC
 This function is called by:
		Interrupt level 2
 This function uses a non-reentrant model


 *************** function i2_ConvertADC *****************
 Defined at:
		line 22 in file "C:\Program Files (x86)\Microchip\xc8\v1.30\sources\pic18\plib\ADC\adcconv.c"
 Parameters:    Size  Location     Type
		None
 Auto vars:     Size  Location     Type
		None
 Return value:  Size  Location     Type
		None               void
 Registers used:
		None
 Tracked objects:
		On entry : 
		On exit  : 
		Unchanged: 
 Data sizes:     COMRAM   BANK0   BANK1   BANK2   BANK3
      Params:         0       0       0       0       0
      Locals:         0       0       0       0       0
      Temps:          0       0       0       0       0
      Totals:         0       0       0       0       0
Total ram usage:        0 bytes
 Hardware stack levels used:    1
 This function calls:
		Nothing
 This function is called by:
		_InterruptHandlerHigh
 This function uses a non-reentrant model


 *************** function _i2c_int_handler *****************
 Defined at:
		line 101 in file "../src/my_i2c.c"
 Parameters:    Size  Location     Type
		None
 Auto vars:     Size  Location     Type
  msgbuffer      11    0[BANK0 ] unsigned char [11]
  length          2   11[BANK0 ] int 
  error_buf       3   13[BANK0 ] unsigned char [3]
  data_read       1   21[BANK0 ] unsigned char 
  msg_ready       1   20[BANK0 ] unsigned char 
  msg_to_send     1   19[BANK0 ] unsigned char 
  i2c_data        1   18[BANK0 ] unsigned char 
  overrun_erro    1   17[BANK0 ] unsigned char 
  data_written    1   16[BANK0 ] unsigned char 
 Return value:  Size  Location     Type
		None               void
 Registers used:
		wreg, fsr1l, fsr1h, fsr2l, fsr2h, status,2, status,0, prodl, prodh, cstack
 Tracked objects:
		On entry : 
		On exit  : 
		Unchanged: 
 Data sizes:     COMRAM   BANK0   BANK1   BANK2   BANK3
      Params:         0       0       0       0       0
      Locals:         0      22       0       0       0
      Temps:          2       0       0       0       0
      Totals:         2      22       0       0       0
Total ram usage:       24 bytes
 Hardware stack levels used:    1
 Hardware stack levels required when called:    3
 This function calls:
		_ToMainHigh_sendmsg
		_handle_start
		_returnADCValue
		i2_start_i2c_slave_reply
 This function is called by:
		_InterruptHandlerHigh
 This function uses a non-reentrant model


 *************** function i2_start_i2c_slave_reply *****************
 Defined at:
		line 54 in file "../src/my_i2c.c"
 Parameters:    Size  Location     Type
  length          1    wreg     unsigned char 
  msg             2   44[COMRAM] PTR unsigned char 
		 -> main@msgbuffer(11), i2c_int_handler@msgbuffer(11), 
 Auto vars:     Size  Location     Type
  length          1   48[COMRAM] unsigned char 
 Return value:  Size  Location     Type
		None               void
 Registers used:
		wreg, fsr1l, fsr1h, fsr2l, fsr2h, status,2, status,0, prodl, prodh
 Tracked objects:
		On entry : 
		On exit  : 
		Unchanged: 
 Data sizes:     COMRAM   BANK0   BANK1   BANK2   BANK3
      Params:         2       0       0       0       0
      Locals:         1       0       0       0       0
      Temps:          2       0       0       0       0
      Totals:         5       0       0       0       0
Total ram usage:        5 bytes
 Hardware stack levels used:    1
 This function calls:
		Nothing
 This function is called by:
		_i2c_int_handler
 This function uses a non-reentrant model


 *************** function _returnADCValue *****************
 Defined at:
		line 29 in file "../src/interrupts.c"
 Parameters:    Size  Location     Type
		None
 Auto vars:     Size  Location     Type
		None
 Return value:  Size  Location     Type
                  1    wreg      unsigned char 
 Registers used:
		wreg, fsr2l, fsr2h, status,2, status,0
 Tracked objects:
		On entry : 
		On exit  : 
		Unchanged: 
 Data sizes:     COMRAM   BANK0   BANK1   BANK2   BANK3
      Params:         0       0       0       0       0
      Locals:         0       0       0       0       0
      Temps:          0       0       0       0       0
      Totals:         0       0       0       0       0
Total ram usage:        0 bytes
 Hardware stack levels used:    1
 This function calls:
		Nothing
 This function is called by:
		_i2c_int_handler
 This function uses a non-reentrant model


 *************** function _handle_start *****************
 Defined at:
		line 72 in file "../src/my_i2c.c"
 Parameters:    Size  Location     Type
  data_read       1    wreg     unsigned char 
 Auto vars:     Size  Location     Type
  data_read       1   44[COMRAM] unsigned char 
 Return value:  Size  Location     Type
		None               void
 Registers used:
		wreg, fsr2l, fsr2h, status,2, status,0
 Tracked objects:
		On entry : 
		On exit  : 
		Unchanged: 
 Data sizes:     COMRAM   BANK0   BANK1   BANK2   BANK3
      Params:         0       0       0       0       0
      Locals:         1       0       0       0       0
      Temps:          0       0       0       0       0
      Totals:         1       0       0       0       0
Total ram usage:        1 bytes
 Hardware stack levels used:    1
 This function calls:
		Nothing
 This function is called by:
		_i2c_int_handler
 This function uses a non-reentrant model


 *************** function _ToMainHigh_sendmsg *****************
 Defined at:
		line 126 in file "../src/messages.c"
 Parameters:    Size  Location     Type
  length          1    wreg     unsigned char 
  msgtype         1   66[COMRAM] unsigned char 
  data            2   67[COMRAM] PTR void 
		 -> main@ic(28), i2c_int_handler@error_buf(3), NULL(0), timer0_int_handler@val(2), 
 Auto vars:     Size  Location     Type
  length          1   69[COMRAM] unsigned char 
 Return value:  Size  Location     Type
                  1    wreg      char 
 Registers used:
		wreg, fsr1l, fsr1h, fsr2l, fsr2h, status,2, status,0, prodl, prodh, cstack
 Tracked objects:
		On entry : 
		On exit  : 
		Unchanged: 
 Data sizes:     COMRAM   BANK0   BANK1   BANK2   BANK3
      Params:         3       0       0       0       0
      Locals:         1       0       0       0       0
      Temps:          0       0       0       0       0
      Totals:         4       0       0       0       0
Total ram usage:        4 bytes
 Hardware stack levels used:    1
 Hardware stack levels required when called:    2
 This function calls:
		i2_send_msg
 This function is called by:
		_i2c_int_handler
		_timer0_int_handler
 This function uses a non-reentrant model


 *************** function i2_send_msg *****************
 Defined at:
		line 24 in file "../src/messages.c"
 Parameters:    Size  Location     Type
  qptr            2   54[COMRAM] PTR struct __msg_queue
		 -> FromMainHigh_MQ(54), FromMainLow_MQ(54), ToMainHigh_MQ(54), ToMainLow_MQ(54), 
  length          1   56[COMRAM] unsigned char 
  msgtype         1   57[COMRAM] unsigned char 
  data            2   58[COMRAM] PTR void 
		 -> main@t0thread_data(2), main@t1thread_data(2), main@ic(28), main@uc(5), 
		 -> i2c_int_handler@error_buf(3), NULL(0), timer0_int_handler@val(2), 
 Auto vars:     Size  Location     Type
  send_msg        2   64[COMRAM] PTR struct __msg
		 -> FromMainLow_MQ.queue(52), FromMainHigh_MQ.queue(52), ToMainHigh_MQ.queue(52), ToMainLow_MQ.queue(52), 
		 -> FromMainHigh_MQ(54), FromMainLow_MQ(54), ToMainHigh_MQ(54), ToMainLow_MQ(54), 
  send_msg        2   61[COMRAM] unsigned int 
  send_msg        1   63[COMRAM] unsigned char 
 Return value:  Size  Location     Type
                  1    wreg      char 
 Registers used:
		wreg, fsr1l, fsr1h, fsr2l, fsr2h, status,2, status,0, prodl, prodh, cstack
 Tracked objects:
		On entry : 
		On exit  : 
		Unchanged: 
 Data sizes:     COMRAM   BANK0   BANK1   BANK2   BANK3
      Params:         6       0       0       0       0
      Locals:         5       0       0       0       0
      Temps:          1       0       0       0       0
      Totals:        12       0       0       0       0
Total ram usage:       12 bytes
 Hardware stack levels used:    1
 Hardware stack levels required when called:    1
 This function calls:
		i2_memcpy
 This function is called by:
		_ToMainHigh_sendmsg
 This function uses a non-reentrant model


 *************** function i2_memcpy *****************
 Defined at:
		line 11 in file "C:\Program Files (x86)\Microchip\xc8\v1.30\sources\common\memcpy.c"
 Parameters:    Size  Location     Type
  d1              2   44[COMRAM] PTR void 
		 -> FromMainLow_MQ.queue(52), FromMainHigh_MQ.queue(52), ToMainHigh_MQ.queue(52), ToMainLow_MQ.queue(52), 
		 -> main@msgbuffer(11), FromMainHigh_MQ(54), FromMainLow_MQ(54), ToMainHigh_MQ(54), 
		 -> ToMainLow_MQ(54), timer0_int_handler@val(2), 
  s1              2   46[COMRAM] PTR const void 
		 -> ToMainLow_MQ.data(10), ToMainHigh_MQ.data(10), FromMainLow_MQ.data(10), FromMainHigh_MQ.data(10), 
		 -> ToMainLow_MQ.queue.data(10), ToMainHigh_MQ.queue.data(10), FromMainHigh_MQ.queue.data(10), FromMainLow_MQ.queue.data(10), 
		 -> main@t0thread_data(2), main@t1thread_data(2), main@ic(28), main@uc(5), 
		 -> FromMainHigh_MQ(54), FromMainLow_MQ(54), ToMainHigh_MQ(54), ToMainLow_MQ(54), 
		 -> i2c_int_handler@error_buf(3), NULL(0), timer0_int_handler@val(2), 
  n               2   48[COMRAM] unsigned int 
 Auto vars:     Size  Location     Type
  memcpy          2   52[COMRAM] PTR const unsigned char 
		 -> ToMainLow_MQ.data(10), ToMainHigh_MQ.data(10), FromMainLow_MQ.data(10), FromMainHigh_MQ.data(10), 
		 -> ToMainLow_MQ.queue.data(10), ToMainHigh_MQ.queue.data(10), FromMainHigh_MQ.queue.data(10), FromMainLow_MQ.queue.data(10), 
		 -> main@t0thread_data(2), main@t1thread_data(2), main@ic(28), main@uc(5), 
		 -> FromMainHigh_MQ(54), FromMainLow_MQ(54), ToMainHigh_MQ(54), ToMainLow_MQ(54), 
		 -> i2c_int_handler@error_buf(3), NULL(0), timer0_int_handler@val(2), 
  memcpy          2   50[COMRAM] PTR unsigned char 
		 -> FromMainLow_MQ.queue(52), FromMainHigh_MQ.queue(52), ToMainHigh_MQ.queue(52), ToMainLow_MQ.queue(52), 
		 -> main@msgbuffer(11), FromMainHigh_MQ(54), FromMainLow_MQ(54), ToMainHigh_MQ(54), 
		 -> ToMainLow_MQ(54), timer0_int_handler@val(2), 
 Return value:  Size  Location     Type
                  2   44[COMRAM] PTR void 
 Registers used:
		wreg, fsr1l, fsr1h, fsr2l, fsr2h, status,2, status,0
 Tracked objects:
		On entry : 
		On exit  : 
		Unchanged: 
 Data sizes:     COMRAM   BANK0   BANK1   BANK2   BANK3
      Params:         6       0       0       0       0
      Locals:         4       0       0       0       0
      Temps:          0       0       0       0       0
      Totals:        10       0       0       0       0
Total ram usage:       10 bytes
 Hardware stack levels used:    1
 This function calls:
		Nothing
 This function is called by:
		i2_send_msg
 This function uses a non-reentrant model


 *************** function _ReadADC *****************
 Defined at:
		line 24 in file "C:\Program Files (x86)\Microchip\xc8\v1.30\sources\pic18\plib\ADC\adcread.c"
 Parameters:    Size  Location     Type
		None
 Auto vars:     Size  Location     Type
		None
 Return value:  Size  Location     Type
                  2   44[COMRAM] int 
 Registers used:
		wreg, status,2
 Tracked objects:
		On entry : 
		On exit  : 
		Unchanged: 
 Data sizes:     COMRAM   BANK0   BANK1   BANK2   BANK3
      Params:         2       0       0       0       0
      Locals:         0       0       0       0       0
      Temps:          0       0       0       0       0
      Totals:         2       0       0       0       0
Total ram usage:        2 bytes
 Hardware stack levels used:    1
 This function calls:
		Nothing
 This function is called by:
		_InterruptHandlerHigh
 This function uses a non-reentrant model



MODULE INFORMATION

Module		Function		Class		Link	Load	Size
C:\Program Files (x86)\Microchip\xc8\v1.30\sources\pic18\plib\ADC\adcopen.c
		_OpenADC       		CODE           	133E	0000	132

C:\Program Files (x86)\Microchip\xc8\v1.30\sources\pic18\plib\ADC\adcopen.c estimated size: 132

../src/timer0_thread.c
		_init_timer0_lt		CODE           	1A6A	0000	18
		_timer0_lthread		CODE           	14AE	0000	114

../src/timer0_thread.c estimated size: 132

shared
		i1_send_msg    		CODE           	1032	0000	170
		i2_send_msg    		CODE           	10DC	0000	170
		i2_ConvertADC  		CODE           	1AA8	0000	4
		__initializatio		CODE           	15FC	0000	84
		i2_start_i2c_sl		CODE           	0DC4	0000	244
		i1_memcpy      		CODE           	180C	0000	64
		i2_memcpy      		CODE           	184C	0000	64

shared estimated size: 800

../src/timer1_thread.c
		_timer1_lthread		CODE           	143C	0000	114
		_init_timer1_lt		CODE           	1A58	0000	18

../src/timer1_thread.c estimated size: 132

../src/my_i2c.c
		_start_i2c_slav		CODE           	0BB2	0000	270
		_handle_start  		CODE           	0EB8	0000	200
		_i2c_configure_		CODE           	1992	0000	40
		_init_i2c      		CODE           	1592	0000	106
		_i2c_int_handle		CODE           	00B4	0000	1522

../src/my_i2c.c estimated size: 2138

C:\Program Files (x86)\Microchip\xc8\v1.30\sources\pic18\plib\USART\uread.c
		_ReadUSART     		CODE           	1A24	0000	30

C:\Program Files (x86)\Microchip\xc8\v1.30\sources\pic18\plib\USART\uread.c estimated size: 30

C:\Program Files (x86)\Microchip\xc8\v1.30\sources\pic18\plib\Timers\t0open.c
		_OpenTimer0    		CODE           	1968	0000	42

C:\Program Files (x86)\Microchip\xc8\v1.30\sources\pic18\plib\Timers\t0open.c estimated size: 42

../src/uart_thread.c
		_uart_lthread  		CODE           	188C	0000	62

../src/uart_thread.c estimated size: 62

C:\Program Files (x86)\Microchip\xc8\v1.30\sources\pic18\plib\ADC\adcconv.c
		_ConvertADC    		CODE           	1AA4	0000	4

C:\Program Files (x86)\Microchip\xc8\v1.30\sources\pic18\plib\ADC\adcconv.c estimated size: 4

C:\Program Files (x86)\Microchip\xc8\v1.30\sources\pic18\d1ktcyx.c
		_Delay1KTCYx   		CODE           	1A42	0000	22

C:\Program Files (x86)\Microchip\xc8\v1.30\sources\pic18\d1ktcyx.c estimated size: 22

../src/interrupts.c
		_enable_interru		CODE           	1A8E	0000	12
		_in_low_int    		CODE           	16FE	0000	70
		_in_main       		CODE           	1744	0000	68
		_in_high_int   		CODE           	1A7C	0000	18
		_InterruptHandl		CODE           	0018	0000	152
		_InterruptHandl		CODE           	0008	0000	2986
		_returnADCValue		CODE           	1936	0000	50

../src/interrupts.c estimated size: 3356

C:\Program Files (x86)\Microchip\xc8\v1.30\sources\common\memcpy.c
		_memcpy        		CODE           	165A	0000	94

C:\Program Files (x86)\Microchip\xc8\v1.30\sources\common\memcpy.c estimated size: 94

../src/my_uart.c
		_init_uart_recv		CODE           	1A06	0000	30
		_uart_recv_int_		CODE           	1186	0000	156

../src/my_uart.c estimated size: 186

C:\Program Files (x86)\Microchip\xc8\v1.30\sources\pic18\plib\USART\uopen.c
		_OpenUSART     		CODE           	1222	0000	146

C:\Program Files (x86)\Microchip\xc8\v1.30\sources\pic18\plib\USART\uopen.c estimated size: 146

../src/messages.c
		_ToMainHigh_sen		CODE           	19E0	0000	38
		_ToMainHigh_rec		CODE           	17CA	0000	66
		_block_on_To_ms		CODE           	0F80	0000	178
		_check_msg     		CODE           	1900	0000	54
		_ToMainLow_send		CODE           	19BA	0000	38
		_ToMainLow_recv		CODE           	1788	0000	66
		_FromMainHigh_s		CODE           	18CA	0000	54
		_send_msg      		CODE           	0CC0	0000	260
		_init_queue    		CODE           	13C2	0000	122
		_init_queues   		CODE           	1520	0000	114
		_recv_msg      		CODE           	094E	0000	310

../src/messages.c estimated size: 1300

C:\Program Files (x86)\Microchip\xc8\v1.30\sources\pic18\plib\ADC\adcread.c
		_ReadADC       		CODE           	1A9A	0000	10

C:\Program Files (x86)\Microchip\xc8\v1.30\sources\pic18\plib\ADC\adcread.c estimated size: 10

C:\Program Files (x86)\Microchip\xc8\v1.30\sources\common\lwmod.c
		___lwmod       		CODE           	12B4	0000	138

C:\Program Files (x86)\Microchip\xc8\v1.30\sources\common\lwmod.c estimated size: 138

../src/main.c
		_main          		CODE           	06A6	0000	680
		_initADC       		CODE           	16B8	0000	70

../src/main.c estimated size: 750

