Microchip MPLAB XC8 Compiler V1.30 ()

Linker command line:

--edf=C:\Program Files (x86)\Microchip\xc8\v1.30\dat\en_msgs.txt -cs \
  -h+dist/UseXC8/debug\Framework.X.debug.sym \
  --cmf=dist/UseXC8/debug\Framework.X.debug.cmf -z -Q18F45J10 \
  -oC:\Users\TaylorM7\AppData\Local\Temp\s7r0.6 \
  -Mdist/UseXC8/debug/Framework.X.debug.map -E1 -ver=XC8 \
  -ASTACK=01ECh-03ffh -pstack=STACK -ACODE=00h-07FF7h -ACONST=00h-07FF7h \
  -ASMALLCONST=0400h-04FFhx123,07F00h-07FF7h -AMEDIUMCONST=0400h-07FF7h \
  -ACOMRAM=01h-07Fh -AABS1=00h-03FFh -ABIGRAM=01h-03FFh \
  -ARAM=080h-0FFh,0100h-01FFhx3 -ABANK0=080h-0FFh -ABANK1=0100h-01FFh \
  -ABANK2=0200h-02FFh -ABANK3=0300h-03FFh -ASFR=0F80h-0FFCh \
  -preset_vec=00h,intcode=08h,intcodelo=018h,powerup,init,end_init \
  -pramtop=0400h -psmallconst=SMALLCONST -pmediumconst=MEDIUMCONST \
  -pconst=CONST -AFARRAM=00h-00h -ACONFIG=07FF8h-07FFDh -pconfig=CONFIG \
  -pjflash_buffer=07800h \
  -prdata=COMRAM,nvrram=COMRAM,nvbit=COMRAM,rbss=COMRAM,rbit=COMRAM \
  -pfarbss=FARRAM,fardata=FARRAM,nvFARRAM=FARRAM \
  -pintsave_regs=BIGRAM,bigbss=BIGRAM,bigdata=BIGRAM -pbss=RAM \
  -pidata=CODE,irdata=CODE,ibigdata=CODE,ifardata=CODE \
  C:\Users\TaylorM7\AppData\Local\Temp\s7r0.obj \
  dist/UseXC8/debug\Framework.X.debug.obj 

Object code version is 3.11

Machine type is 18F45J10

Call graph: (short form)




                Name                               Link     Load   Length Selector   Space Scale
C:\Users\TaylorM7\AppData\Local\Temp\s7r0.obj
                end_init                             BA       BA        4        C       0
                reset_vec                             0        0        6        0       0
                config                             7FF8     7FF8        6     7FF8       0
dist/UseXC8/debug\Framework.X.debug.obj
                intcodelo                            18       18       A2        C       0
                intcode                               8        8        C        4       0
                text56                             1B5C     1B5C        A        C       0
                text55                             1B6E     1B6E        6        C       0
                text54                             1A6E     1A6E       24        C       0
                text53                             1B50     1B50        C        C       0
                text52                             19A2     19A2       2E        C       0
                text51                             15EA     15EA       4E        C       0
                text50                             1810     1810       40        C       0
                text49                              FC2      FC2       AA        C       0
                text48                             1A48     1A48       26        C       0
                text47                              D98      D98       C8        C       0
                text46                               BE       BE      5DE        C       0
                text45                              CC6      CC6       D2        C       0
                text44                             19D0     19D0       2A        C       0
                text43                             1B3E     1B3E       12        C       0
                text42                             13C8     13C8       7A        C       0
                intcode_body                        E60      E60       B8        C       0
                text40                             1B2C     1B2C       12        C       0
                text39                             17D0     17D0       40        C       0
                text38                              F18      F18       AA        C       0
                text37                             1A22     1A22       26        C       0
                text36                             1B1A     1B1A       12        C       0
                text35                             1638     1638       48        C       0
                text34                             1AB0     1AB0       1E        C       0
                text33                             1112     1112       9C        C       0
                text32                             1B78     1B78        4        C       0
                text30                             18CC     18CC       38        C       0
                text29                             11AE     11AE       92        C       0
                text28                             158C     158C       5E        C       0
                text27                              97E      97E      136        C       0
                text26                             178E     178E       42        C       0
                text25                             174C     174C       42        C       0
                text24                             1ACE     1ACE       16        C       0
                text23                             193A     193A       36        C       0
                text22                             1B08     1B08       12        C       0
                text21                             1680     1680       46        C       0
                text20                             16C6     16C6       44        C       0
                text19                             106C     106C       A6        C       0
                text18                             1B66     1B66        8        C       0
                text17                             19FA     19FA       28        C       0
                text16                             1B74     1B74        4        C       0
                text15                             12CA     12CA       84        C       0
                text14                             170A     170A       42        C       0
                text13                             1522     1522       6A        C       0
                text12                             134E     134E       7A        C       0
                text11                             14B4     14B4       6E        C       0
                text10                             1AF6     1AF6       12        C       0
                text9                              1A92     1A92       1E        C       0
                text8                              1970     1970       32        C       0
                text7                               AB4      AB4      10E        C       0
                text6                              1AE4     1AE4       12        C       0
                text5                               BC2      BC2      104        C       0
                text4                              1904     1904       36        C       0
                text3                              1240     1240       8A        C       0
                text2                              1442     1442       72        C       0
                text1                              188E     188E       3E        C       0
                text0                               69C      69C      2E2        C       0
                cstackCOMRAM                          1        1       4C        1       1
                cstackBANK0                          B6       B6       2B       80       1
                cstackBANK1                         1A2      1A2       4A      100       1
                bssBANK1                            100      100       A2      100       1
                dataBANK0                            E3       E3        2       80       1
                bssBANK0                             80       80       36       80       1
                bssCOMRAM                            4F       4F        2        1       1
                cinit                              1850     1850       3E        C       0
                nvBANK0                              E1       E1        2       80       1
                nvCOMRAM                             4D       4D        2        1       1
                idataBANK0                         1B7C     1B7C        2        C       0

TOTAL           Name                               Link     Load   Length     Space
        CLASS   STACK          

        CLASS   CODE           
                end_init                             BA       BA        4         0
                intcodelo                            18       18       A2         0
                intcode                               8        8        C         0
                reset_vec                             0        0        6         0
                text56                             1B5C     1B5C        A         0
                text55                             1B6E     1B6E        6         0
                text54                             1A6E     1A6E       24         0
                text53                             1B50     1B50        C         0
                text52                             19A2     19A2       2E         0
                text51                             15EA     15EA       4E         0
                text50                             1810     1810       40         0
                text49                              FC2      FC2       AA         0
                text48                             1A48     1A48       26         0
                text47                              D98      D98       C8         0
                text46                               BE       BE      5DE         0
                text45                              CC6      CC6       D2         0
                text44                             19D0     19D0       2A         0
                text43                             1B3E     1B3E       12         0
                text42                             13C8     13C8       7A         0
                intcode_body                        E60      E60       B8         0
                text40                             1B2C     1B2C       12         0
                text39                             17D0     17D0       40         0
                text38                              F18      F18       AA         0
                text37                             1A22     1A22       26         0
                text36                             1B1A     1B1A       12         0
                text35                             1638     1638       48         0
                text34                             1AB0     1AB0       1E         0
                text33                             1112     1112       9C         0
                text32                             1B78     1B78        4         0
                text30                             18CC     18CC       38         0
                text29                             11AE     11AE       92         0
                text28                             158C     158C       5E         0
                text27                              97E      97E      136         0
                text26                             178E     178E       42         0
                text25                             174C     174C       42         0
                text24                             1ACE     1ACE       16         0
                text23                             193A     193A       36         0
                text22                             1B08     1B08       12         0
                text21                             1680     1680       46         0
                text20                             16C6     16C6       44         0
                text19                             106C     106C       A6         0
                text18                             1B66     1B66        8         0
                text17                             19FA     19FA       28         0
                text16                             1B74     1B74        4         0
                text15                             12CA     12CA       84         0
                text14                             170A     170A       42         0
                text13                             1522     1522       6A         0
                text12                             134E     134E       7A         0
                text11                             14B4     14B4       6E         0
                text10                             1AF6     1AF6       12         0
                text9                              1A92     1A92       1E         0
                text8                              1970     1970       32         0
                text7                               AB4      AB4      10E         0
                text6                              1AE4     1AE4       12         0
                text5                               BC2      BC2      104         0
                text4                              1904     1904       36         0
                text3                              1240     1240       8A         0
                text2                              1442     1442       72         0
                text1                              188E     188E       3E         0
                text0                               69C      69C      2E2         0
                cinit                              1850     1850       3E         0
                idataBANK0                         1B7C     1B7C        2         0

        CLASS   CONST          

        CLASS   SMALLCONST     

        CLASS   MEDIUMCONST    

        CLASS   COMRAM         
                cstackCOMRAM                          1        1       4C         1
                bssCOMRAM                            4F       4F        2         1
                nvCOMRAM                             4D       4D        2         1

        CLASS   ABS1           

        CLASS   BIGRAM         

        CLASS   RAM            

        CLASS   BANK0          
                cstackBANK0                          B6       B6       2B         1
                dataBANK0                            E3       E3        2         1
                bssBANK0                             80       80       36         1
                nvBANK0                              E1       E1        2         1

        CLASS   BANK1          
                cstackBANK1                         1A2      1A2       4A         1
                bssBANK1                            100      100       A2         1

        CLASS   BANK2          

        CLASS   BANK3          

        CLASS   SFR            

        CLASS   FARRAM         

        CLASS   CONFIG         
                config                             7FF8     7FF8        6         0

        CLASS   IDLOC          



SEGMENTS        Name                           Load    Length   Top    Selector   Space  Class

                reset_vec                      000000  000006  000006         0       0  CODE    
                cstackCOMRAM                   000001  000050  000051         1       1  COMRAM  
                intcode                        000008  00000C  000014         4       0  CODE    
                intcodelo                      000018  001B66  001B7E         C       0  CODE    
                bssBANK0                       000080  000065  0000E5        80       1  BANK0   
                bssBANK1                       000100  0000EC  0001EC       100       1  BANK1   
                config                         007FF8  000006  007FFE      7FF8       0  CONFIG  


UNUSED ADDRESS RANGES

        Name                Unused          Largest block    Delta
        BANK0            000E5-000FF              1B
        BANK1            001EC-001FF              14
        BANK2            00200-002FF             100
        BANK3            00300-003FF             100
        BIGRAM           00051-0007F              2F
                         000E5-000FF              1B
                         001EC-003FF             214
        CODE             00006-00007               2
                         00014-00017               4
                         01B7E-07FF7            647A
        COMRAM           00051-0007F              2F
        CONST            00006-00007               2
                         00014-00017               4
                         01B7E-07FF7            647A
        MEDIUMCONST      01B7E-07FF7            647A
        RAM              000E5-000FF              1B
                         001EC-003FF             100
        SFR              00F80-00FFC              7D
        SMALLCONST       01B7E-07FF7             100
        STACK            001EC-003FF             214

                                  Symbol Table

?_ReadADC                         cstackCOMRAM  0002F
?_ReadTimer1                      cstackCOMRAM  00001
?___lwmod                         cstackBANK0   000D1
?_in_high_int                     cstackBANK0   000D1
?_in_low_int                      cstackBANK0   000D3
?_in_main                         cstackBANK0   000D5
?_returnADCValue                  cstackBANK0   000D1
?i2_in_high_int                   cstackCOMRAM  0002F
?i2_in_low_int                    cstackCOMRAM  00031
Delay1KTCYx@unit                  cstackBANK0   000D1
FromMainHigh_recvmsg@data         cstackCOMRAM  00049
FromMainHigh_recvmsg@maxlength    cstackCOMRAM  0004B
FromMainHigh_recvmsg@msgtype      cstackCOMRAM  00047
FromMainHigh_sendmsg@data         cstackBANK1   001A9
FromMainHigh_sendmsg@length       cstackBANK1   001AB
FromMainHigh_sendmsg@msgtype      cstackBANK1   001A8
InterruptHandlerHigh@pureADCValue cstackBANK0   000CF
OpenADC@config                    cstackBANK0   000D5
OpenADC@config2                   cstackBANK0   000D1
OpenADC@portconfig                cstackBANK0   000D2
OpenTimer1@config                 cstackBANK0   000D1
OpenUSART@config                  cstackBANK0   000D6
OpenUSART@spbrg                   cstackBANK0   000D1
ReadTimer1@timer                  cstackCOMRAM  00003
ReadUSART@data                    cstackCOMRAM  00001
ToMainHigh_recvmsg@data           cstackBANK0   000DF
ToMainHigh_recvmsg@maxlength      cstackBANK1   001AE
ToMainHigh_recvmsg@msgtype        cstackBANK0   000DD
ToMainHigh_sendmsg@data           cstackCOMRAM  00046
ToMainHigh_sendmsg@length         cstackCOMRAM  00048
ToMainHigh_sendmsg@msgtype        cstackCOMRAM  00045
ToMainLow_recvmsg@data            cstackBANK0   000DF
ToMainLow_recvmsg@maxlength       cstackBANK1   001AE
ToMainLow_recvmsg@msgtype         cstackBANK0   000DD
ToMainLow_sendmsg@data            cstackCOMRAM  00018
ToMainLow_sendmsg@length          cstackCOMRAM  0001A
ToMainLow_sendmsg@msgtype         cstackCOMRAM  00017
WriteTimer0@timer                 cstackCOMRAM  00031
WriteTimer0@timer0                cstackCOMRAM  0002F
WriteTimer1@timer                 cstackCOMRAM  00003
WriteTimer1@timer1                cstackCOMRAM  00001
_ADCON0                           (abs)         00FC2
_ADCON0bits                       (abs)         00FC2
_ADCON1                           (abs)         00FC1
_ADCON2                           (abs)         00FC0
_ADCValue                         dataBANK0     000E3
_ADRESH                           (abs)         00FC4
_ADRESL                           (abs)         00FC3
_ConvertADC                       text16        01B74
_Delay1KTCYx                      text24        01ACE
_FromMainHigh_MQ                  bssBANK1      00100
_FromMainHigh_recvmsg             text44        019D0
_FromMainHigh_sendmsg             text4         01904
_FromMainLow_MQ                   bssBANK1      00136
_INTCONbits                       (abs)         00FF2
_IPR1bits                         (abs)         00F9F
_InterruptHandlerHigh             intcode       00008
_InterruptHandlerLow              intcodelo     00018
_LATB                             (abs)         00F8A
_LATBbits                         (abs)         00F8A
_MQ_Main_Willing_to_block         bssCOMRAM     0004F
_OSCCON                           (abs)         00FD3
_OSCCONbits                       (abs)         00FD3
_OSCTUNEbits                      (abs)         00F9B
_OpenADC                          text15        012CA
_OpenTimer1                       text30        018CC
_OpenUSART                        text29        011AE
_PIE1bits                         (abs)         00F9D
_PIR1bits                         (abs)         00F9E
_RCONbits                         (abs)         00FD0
_RCREG                            (abs)         00FAE
_RCSTA                            (abs)         00FAB
_RCSTAbits                        (abs)         00FAB
_ReadADC                          text56        01B5C
_ReadTimer1                       text40        01B2C
_ReadUSART                        text34        01AB0
_SPBRG                            (abs)         00FAF
_SPBRGH                           (abs)         00FB0
_SSPADD                           (abs)         00FC8
_SSPBUF                           (abs)         00FC9
_SSPCON1                          (abs)         00FC6
_SSPCON1bits                      (abs)         00FC6
_SSPCON2                          (abs)         00FC5
_SSPCON2bits                      (abs)         00FC5
_SSPSTAT                          (abs)         00FC7
_SSPSTATbits                      (abs)         00FC7
_SleepIfOkay                      text51        015EA
_T1CON                            (abs)         00FCD
_T1CONbits                        (abs)         00FCD
_TMR0H                            (abs)         00FD7
_TMR0L                            (abs)         00FD6
_TMR1H                            (abs)         00FCF
_TMR1L                            (abs)         00FCE
_TRISB                            (abs)         00F93
_TRISCbits                        (abs)         00F94
_TXSTA                            (abs)         00FAC
_TXSTAbits                        (abs)         00FAC
_ToMainHigh_MQ                    bssBANK1      0016C
_ToMainHigh_recvmsg               text26        0178E
_ToMainHigh_sendmsg               text48        01A48
_ToMainLow_MQ                     bssBANK0      00080
_ToMainLow_recvmsg                text25        0174C
_ToMainLow_sendmsg                text37        01A22
_USART_Status                     bssCOMRAM     00050
_WriteTimer0                      text43        01B3E
_WriteTimer1                      text36        01B1A
__CFG_CCP2MX$DEFAULT              (abs)         00000
__CFG_CP0$OFF                     (abs)         00000
__CFG_FCMEN$ON                    (abs)         00000
__CFG_FOSC$HSPLL                  (abs)         00000
__CFG_FOSC2$ON                    (abs)         00000
__CFG_IESO$ON                     (abs)         00000
__CFG_STVREN$OFF                  (abs)         00000
__CFG_WDTEN$OFF                   (abs)         00000
__CFG_WDTPS$32768                 (abs)         00000
__CFG_XINST$OFF                   (abs)         00000
__HRAM                            (abs)         00000
__Habs1                           abs1          00000
__Hbank0                          bank0         00000
__Hbank1                          bank1         00000
__Hbank2                          bank2         00000
__Hbank3                          bank3         00000
__Hbigbss                         bigbss        00000
__Hbigdata                        bigdata       00000
__Hbigram                         bigram        00000
__Hbss                            bss           00000
__HbssBANK0                       bssBANK0      00000
__HbssBANK1                       bssBANK1      00000
__HbssCOMRAM                      bssCOMRAM     00000
__Hcinit                          cinit         00000
__Hclrtext                        clrtext       00000
__Hcomram                         comram        00000
__Hconfig                         config        07FFE
__Hconst                          const         00000
__HcstackBANK0                    cstackBANK0   00000
__HcstackBANK1                    cstackBANK1   00000
__HcstackCOMRAM                   cstackCOMRAM  00000
__Hdata                           data          00000
__HdataBANK0                      dataBANK0     00000
__Hend_init                       end_init      000BE
__Hfarbss                         farbss        00000
__Hfardata                        fardata       00000
__Hibigdata                       ibigdata      00000
__Hidata                          idata         00000
__HidataBANK0                     idataBANK0    00000
__Hidloc                          idloc         00000
__Hifardata                       ifardata      00000
__Hinit                           init          000BA
__Hintcode                        intcode       00014
__Hintcode_body                   intcode_body  00000
__Hintcodelo                      intcodelo     000BA
__Hintentry                       intentry      00000
__Hintret                         intret        00000
__Hintsave_regs                   intsave_regs  00000
__Hirdata                         irdata        00000
__Hjflash_buffer                  jflash_buffer 07800
__Hmediumconst                    mediumconst   00000
__HnvBANK0                        nvBANK0       00000
__HnvCOMRAM                       nvCOMRAM      00000
__HnvFARRAM                       nvFARRAM      00000
__Hnvbit                          nvbit         00000
__Hnvrram                         nvrram        00000
__Hparam                          rparam        00000
__Hpowerup                        powerup       000BA
__Hram                            ram           00000
__Hramtop                         ramtop        00400
__Hrbit                           rbit          00000
__Hrbss                           rbss          00000
__Hrdata                          rdata         00000
__Hreset_vec                      reset_vec     00006
__Hrparam                         rparam        00000
__Hsfr                            sfr           00000
__Hsmallconst                     smallconst    00000
__Hstack                          stack         00000
__Hstruct                         struct        00000
__Htemp                           temp          00000
__Htext                           text          00000
__Htext0                          text0         00000
__Htext1                          text1         00000
__Htext10                         text10        00000
__Htext11                         text11        00000
__Htext12                         text12        00000
__Htext13                         text13        00000
__Htext14                         text14        00000
__Htext15                         text15        00000
__Htext16                         text16        00000
__Htext17                         text17        00000
__Htext18                         text18        00000
__Htext19                         text19        00000
__Htext2                          text2         00000
__Htext20                         text20        00000
__Htext21                         text21        00000
__Htext22                         text22        00000
__Htext23                         text23        00000
__Htext24                         text24        00000
__Htext25                         text25        00000
__Htext26                         text26        00000
__Htext27                         text27        00000
__Htext28                         text28        00000
__Htext29                         text29        00000
__Htext3                          text3         00000
__Htext30                         text30        00000
__Htext32                         text32        00000
__Htext33                         text33        00000
__Htext34                         text34        00000
__Htext35                         text35        00000
__Htext36                         text36        00000
__Htext37                         text37        00000
__Htext38                         text38        00000
__Htext39                         text39        00000
__Htext4                          text4         00000
__Htext40                         text40        00000
__Htext42                         text42        00000
__Htext43                         text43        00000
__Htext44                         text44        00000
__Htext45                         text45        00000
__Htext46                         text46        00000
__Htext47                         text47        00000
__Htext48                         text48        00000
__Htext49                         text49        00000
__Htext5                          text5         00000
__Htext50                         text50        00000
__Htext51                         text51        00000
__Htext52                         text52        00000
__Htext53                         text53        00000
__Htext54                         text54        00000
__Htext55                         text55        00000
__Htext56                         text56        00000
__Htext6                          text6         00000
__Htext7                          text7         00000
__Htext8                          text8         00000
__Htext9                          text9         00000
__LRAM                            (abs)         00001
__Labs1                           abs1          00000
__Lbank0                          bank0         00000
__Lbank1                          bank1         00000
__Lbank2                          bank2         00000
__Lbank3                          bank3         00000
__Lbigbss                         bigbss        00000
__Lbigdata                        bigdata       00000
__Lbigram                         bigram        00000
__Lbss                            bss           00000
__LbssBANK0                       bssBANK0      00000
__LbssBANK1                       bssBANK1      00000
__LbssCOMRAM                      bssCOMRAM     00000
__Lcinit                          cinit         00000
__Lclrtext                        clrtext       00000
__Lcomram                         comram        00000
__Lconfig                         config        07FF8
__Lconst                          const         00000
__LcstackBANK0                    cstackBANK0   00000
__LcstackBANK1                    cstackBANK1   00000
__LcstackCOMRAM                   cstackCOMRAM  00000
__Ldata                           data          00000
__LdataBANK0                      dataBANK0     00000
__Lend_init                       end_init      000BA
__Lfarbss                         farbss        00000
__Lfardata                        fardata       00000
__Libigdata                       ibigdata      00000
__Lidata                          idata         00000
__LidataBANK0                     idataBANK0    00000
__Lidloc                          idloc         00000
__Lifardata                       ifardata      00000
__Linit                           init          000BA
__Lintcode                        intcode       00008
__Lintcode_body                   intcode_body  00000
__Lintcodelo                      intcodelo     00018
__Lintentry                       intentry      00000
__Lintret                         intret        00000
__Lintsave_regs                   intsave_regs  00000
__Lirdata                         irdata        00000
__Ljflash_buffer                  jflash_buffer 07800
__Lmediumconst                    mediumconst   00000
__LnvBANK0                        nvBANK0       00000
__LnvCOMRAM                       nvCOMRAM      00000
__LnvFARRAM                       nvFARRAM      00000
__Lnvbit                          nvbit         00000
__Lnvrram                         nvrram        00000
__Lparam                          rparam        00000
__Lpowerup                        powerup       000BA
__Lram                            ram           00000
__Lramtop                         ramtop        00400
__Lrbit                           rbit          00000
__Lrbss                           rbss          00000
__Lrdata                          rdata         00000
__Lreset_vec                      reset_vec     00000
__Lrparam                         rparam        00000
__Lsfr                            sfr           00000
__Lsmallconst                     smallconst    00000
__Lstack                          stack         00000
__Lstruct                         struct        00000
__Ltemp                           temp          00000
__Ltext                           text          00000
__Ltext0                          text0         00000
__Ltext1                          text1         00000
__Ltext10                         text10        00000
__Ltext11                         text11        00000
__Ltext12                         text12        00000
__Ltext13                         text13        00000
__Ltext14                         text14        00000
__Ltext15                         text15        00000
__Ltext16                         text16        00000
__Ltext17                         text17        00000
__Ltext18                         text18        00000
__Ltext19                         text19        00000
__Ltext2                          text2         00000
__Ltext20                         text20        00000
__Ltext21                         text21        00000
__Ltext22                         text22        00000
__Ltext23                         text23        00000
__Ltext24                         text24        00000
__Ltext25                         text25        00000
__Ltext26                         text26        00000
__Ltext27                         text27        00000
__Ltext28                         text28        00000
__Ltext29                         text29        00000
__Ltext3                          text3         00000
__Ltext30                         text30        00000
__Ltext32                         text32        00000
__Ltext33                         text33        00000
__Ltext34                         text34        00000
__Ltext35                         text35        00000
__Ltext36                         text36        00000
__Ltext37                         text37        00000
__Ltext38                         text38        00000
__Ltext39                         text39        00000
__Ltext4                          text4         00000
__Ltext40                         text40        00000
__Ltext42                         text42        00000
__Ltext43                         text43        00000
__Ltext44                         text44        00000
__Ltext45                         text45        00000
__Ltext46                         text46        00000
__Ltext47                         text47        00000
__Ltext48                         text48        00000
__Ltext49                         text49        00000
__Ltext5                          text5         00000
__Ltext50                         text50        00000
__Ltext51                         text51        00000
__Ltext52                         text52        00000
__Ltext53                         text53        00000
__Ltext54                         text54        00000
__Ltext55                         text55        00000
__Ltext56                         text56        00000
__Ltext6                          text6         00000
__Ltext7                          text7         00000
__Ltext8                          text8         00000
__Ltext9                          text9         00000
__S0                              (abs)         07FFE
__S1                              (abs)         001EC
__S2                              (abs)         00000
___extmem_base                    (abs)         20000
___inthi_sp                       stack         00000
___intlo_sp                       stack         00000
___lwmod                          text3         01240
___lwmod@counter                  cstackBANK0   000D6
___lwmod@dividend                 cstackBANK0   000D1
___lwmod@divisor                  cstackBANK0   000D3
___sp                             stack         00000
__accesstop                       (abs)         00080
__activetblptr                    (abs)         00002
__end_of_ConvertADC               text16        01B78
__end_of_Delay1KTCYx              text24        01AE4
__end_of_FromMainHigh_recvmsg     text44        019FA
__end_of_FromMainHigh_sendmsg     text4         0193A
__end_of_InterruptHandlerHigh     intcode_body  00F18
__end_of_InterruptHandlerLow      intcodelo     000BA
__end_of_OpenADC                  text15        0134E
__end_of_OpenTimer1               text30        01904
__end_of_OpenUSART                text29        01240
__end_of_ReadADC                  text56        01B66
__end_of_ReadTimer1               text40        01B3E
__end_of_ReadUSART                text34        01ACE
__end_of_SleepIfOkay              text51        01638
__end_of_ToMainHigh_recvmsg       text26        017D0
__end_of_ToMainHigh_sendmsg       text48        01A6E
__end_of_ToMainLow_recvmsg        text25        0178E
__end_of_ToMainLow_sendmsg        text37        01A48
__end_of_WriteTimer0              text43        01B50
__end_of_WriteTimer1              text36        01B2C
__end_of___lwmod                  text3         012CA
__end_of__initialization          cinit         01884
__end_of_block_on_To_msgqueues    text19        01112
__end_of_check_msg                text23        01970
__end_of_enable_interrupts        text18        01B6E
__end_of_enter_sleep_mode         text55        01B74
__end_of_handle_start             text47        00E60
__end_of_i2c_configure_slave      text17        01A22
__end_of_i2c_int_handler          text46        0069C
__end_of_in_high_int              text22        01B1A
__end_of_in_low_int               text21        016C6
__end_of_in_main                  text20        0170A
__end_of_initADC                  text14        0174C
__end_of_init_i2c                 text13        0158C
__end_of_init_queue               text12        013C8
__end_of_init_queues              text11        01522
__end_of_init_timer1_lthread      text10        01B08
__end_of_init_uart_recv           text9         01AB0
__end_of_main                     text0         0097E
__end_of_memcpy                   text28        015EA
__end_of_recv_msg                 text27        00AB4
__end_of_returnADCValue           text8         019A2
__end_of_send_msg                 text5         00CC6
__end_of_start_i2c_slave_reply    text7         00BC2
__end_of_timer0_int_handler       text42        01442
__end_of_timer0_lthread           text6         01AF6
__end_of_timer1_int_handler       text35        01680
__end_of_timer1_lthread           text2         014B4
__end_of_uart_lthread             text1         018CC
__end_of_uart_recv_int_handler    text33        011AE
__end_ofi1_ConvertADC             text32        01B7C
__end_ofi1_memcpy                 text39        01810
__end_ofi1_send_msg               text38        00FC2
__end_ofi2_check_msg              text54        01A92
__end_ofi2_in_high_int            text53        01B5C
__end_ofi2_in_low_int             text52        019D0
__end_ofi2_memcpy                 text50        01850
__end_ofi2_recv_msg               text45        00D98
__end_ofi2_send_msg               text49        0106C
__initialization                  cinit         01850
__mediumconst                     mediumconst   00000
__pbssBANK0                       bssBANK0      00080
__pbssBANK1                       bssBANK1      00100
__pbssCOMRAM                      bssCOMRAM     0004F
__pcinit                          cinit         01850
__pcstackBANK0                    cstackBANK0   000B6
__pcstackBANK1                    cstackBANK1   001A2
__pcstackCOMRAM                   cstackCOMRAM  00001
__pdataBANK0                      dataBANK0     000E3
__pidataBANK0                     idataBANK0    01B7C
__pintcode                        intcode       00008
__pintcode_body                   intcode_body  00E60
__pintcodelo                      intcodelo     00018
__pnvBANK0                        nvBANK0       000E1
__pnvCOMRAM                       nvCOMRAM      0004D
__ptext0                          text0         0069C
__ptext1                          text1         0188E
__ptext10                         text10        01AF6
__ptext11                         text11        014B4
__ptext12                         text12        0134E
__ptext13                         text13        01522
__ptext14                         text14        0170A
__ptext15                         text15        012CA
__ptext16                         text16        01B74
__ptext17                         text17        019FA
__ptext18                         text18        01B66
__ptext19                         text19        0106C
__ptext2                          text2         01442
__ptext20                         text20        016C6
__ptext21                         text21        01680
__ptext22                         text22        01B08
__ptext23                         text23        0193A
__ptext24                         text24        01ACE
__ptext25                         text25        0174C
__ptext26                         text26        0178E
__ptext27                         text27        0097E
__ptext28                         text28        0158C
__ptext29                         text29        011AE
__ptext3                          text3         01240
__ptext30                         text30        018CC
__ptext32                         text32        01B78
__ptext33                         text33        01112
__ptext34                         text34        01AB0
__ptext35                         text35        01638
__ptext36                         text36        01B1A
__ptext37                         text37        01A22
__ptext38                         text38        00F18
__ptext39                         text39        017D0
__ptext4                          text4         01904
__ptext40                         text40        01B2C
__ptext42                         text42        013C8
__ptext43                         text43        01B3E
__ptext44                         text44        019D0
__ptext45                         text45        00CC6
__ptext46                         text46        000BE
__ptext47                         text47        00D98
__ptext48                         text48        01A48
__ptext49                         text49        00FC2
__ptext5                          text5         00BC2
__ptext50                         text50        01810
__ptext51                         text51        015EA
__ptext52                         text52        019A2
__ptext53                         text53        01B50
__ptext54                         text54        01A6E
__ptext55                         text55        01B6E
__ptext56                         text56        01B5C
__ptext6                          text6         01AE4
__ptext7                          text7         00AB4
__ptext8                          text8         01970
__ptext9                          text9         01A92
__ramtop                          ramtop        00400
__size_of_ConvertADC              (abs)         00000
__size_of_Delay1KTCYx             (abs)         00000
__size_of_FromMainHigh_recvmsg    (abs)         00000
__size_of_FromMainHigh_sendmsg    (abs)         00000
__size_of_InterruptHandlerHigh    (abs)         00000
__size_of_InterruptHandlerLow     (abs)         00000
__size_of_OpenADC                 (abs)         00000
__size_of_OpenTimer1              (abs)         00000
__size_of_OpenUSART               (abs)         00000
__size_of_ReadADC                 (abs)         00000
__size_of_ReadTimer1              (abs)         00000
__size_of_ReadUSART               (abs)         00000
__size_of_SleepIfOkay             (abs)         00000
__size_of_ToMainHigh_recvmsg      (abs)         00000
__size_of_ToMainHigh_sendmsg      (abs)         00000
__size_of_ToMainLow_recvmsg       (abs)         00000
__size_of_ToMainLow_sendmsg       (abs)         00000
__size_of_WriteTimer0             (abs)         00000
__size_of_WriteTimer1             (abs)         00000
__size_of___lwmod                 (abs)         00000
__size_of_block_on_To_msgqueues   (abs)         00000
__size_of_check_msg               (abs)         00000
__size_of_enable_interrupts       (abs)         00000
__size_of_enter_sleep_mode        (abs)         00000
__size_of_handle_start            (abs)         00000
__size_of_i2c_configure_slave     (abs)         00000
__size_of_i2c_int_handler         (abs)         00000
__size_of_in_high_int             (abs)         00000
__size_of_in_low_int              (abs)         00000
__size_of_in_main                 (abs)         00000
__size_of_initADC                 (abs)         00000
__size_of_init_i2c                (abs)         00000
__size_of_init_queue              (abs)         00000
__size_of_init_queues             (abs)         00000
__size_of_init_timer1_lthread     (abs)         00000
__size_of_init_uart_recv          (abs)         00000
__size_of_main                    (abs)         00000
__size_of_memcpy                  (abs)         00000
__size_of_recv_msg                (abs)         00000
__size_of_returnADCValue          (abs)         00000
__size_of_send_msg                (abs)         00000
__size_of_start_i2c_slave_reply   (abs)         00000
__size_of_timer0_int_handler      (abs)         00000
__size_of_timer0_lthread          (abs)         00000
__size_of_timer1_int_handler      (abs)         00000
__size_of_timer1_lthread          (abs)         00000
__size_of_uart_lthread            (abs)         00000
__size_of_uart_recv_int_handler   (abs)         00000
__size_ofi1_ConvertADC            (abs)         00000
__size_ofi1_memcpy                (abs)         00000
__size_ofi1_send_msg              (abs)         00000
__size_ofi2_check_msg             (abs)         00000
__size_ofi2_in_high_int           (abs)         00000
__size_ofi2_in_low_int            (abs)         00000
__size_ofi2_memcpy                (abs)         00000
__size_ofi2_recv_msg              (abs)         00000
__size_ofi2_send_msg              (abs)         00000
__smallconst                      smallconst    00000
_block_on_To_msgqueues            text19        0106C
_check_msg                        text23        0193A
_enable_interrupts                text18        01B66
_enter_sleep_mode                 text55        01B6E
_handle_start                     text47        00D98
_i2c_configure_slave              text17        019FA
_i2c_int_handler                  text46        000BE
_ic_ptr                           nvBANK0       000E1
_in_high_int                      text22        01B08
_in_low_int                       text21        01680
_in_main                          text20        016C6
_initADC                          text14        0170A
_init_i2c                         text13        01522
_init_queue                       text12        0134E
_init_queues                      text11        014B4
_init_timer1_lthread              text10        01AF6
_init_uart_recv                   text9         01A92
_main                             text0         0069C
_memcpy                           text28        0158C
_recv_msg                         text27        0097E
_returnADCValue                   text8         01970
_send_msg                         text5         00BC2
_start_i2c_slave_reply            text7         00AB4
_timer0_int_handler               text42        013C8
_timer0_lthread                   text6         01AE4
_timer1_int_handler               text35        01638
_timer1_lthread                   text2         01442
_uart_lthread                     text1         0188E
_uart_recv_int_handler            text33        01112
_uc_ptr                           nvCOMRAM      0004D
check_msg@qptr                    cstackBANK0   000D1
end_of_initialization             cinit         01884
handle_start@data_read            cstackCOMRAM  0002F
i1_ConvertADC                     text32        01B78
i1_memcpy                         text39        017D0
i1_send_msg                       text38        00F18
i1memcpy@d                        cstackCOMRAM  00007
i1memcpy@d1                       cstackCOMRAM  00001
i1memcpy@n                        cstackCOMRAM  00005
i1memcpy@s                        cstackCOMRAM  00009
i1memcpy@s1                       cstackCOMRAM  00003
i1send_msg@data                   cstackCOMRAM  0000F
i1send_msg@length                 cstackCOMRAM  0000D
i1send_msg@msgtype                cstackCOMRAM  0000E
i1send_msg@qmsg                   cstackCOMRAM  00015
i1send_msg@qptr                   cstackCOMRAM  0000B
i1send_msg@slot                   cstackCOMRAM  00014
i1send_msg@tlength                cstackCOMRAM  00012
i2_check_msg                      text54        01A6E
i2_in_high_int                    text53        01B50
i2_in_low_int                     text52        019A2
i2_memcpy                         text50        01810
i2_recv_msg                       text45        00CC6
i2_send_msg                       text49        00FC2
i2c_configure_slave@addr          cstackBANK0   000D1
i2c_int_handler@data_read         cstackBANK0   000BE
i2c_int_handler@data_written      cstackBANK0   000B9
i2c_int_handler@error_buf         cstackBANK0   000B6
i2c_int_handler@i2c_data          cstackBANK0   000BB
i2c_int_handler@msg_ready         cstackBANK0   000BD
i2c_int_handler@msg_to_send       cstackBANK0   000BC
i2c_int_handler@overrun_error     cstackBANK0   000BA
i2check_msg@qptr                  cstackCOMRAM  0002F
i2memcpy@d                        cstackCOMRAM  00035
i2memcpy@d1                       cstackCOMRAM  0002F
i2memcpy@n                        cstackCOMRAM  00033
i2memcpy@s                        cstackCOMRAM  00037
i2memcpy@s1                       cstackCOMRAM  00031
i2recv_msg@data                   cstackCOMRAM  0003E
i2recv_msg@maxlength              cstackCOMRAM  0003B
i2recv_msg@msgtype                cstackCOMRAM  0003C
i2recv_msg@qmsg                   cstackCOMRAM  00045
i2recv_msg@qptr                   cstackCOMRAM  00039
i2recv_msg@slot                   cstackCOMRAM  00042
i2recv_msg@tlength                cstackCOMRAM  00043
i2send_msg@data                   cstackCOMRAM  0003D
i2send_msg@length                 cstackCOMRAM  0003B
i2send_msg@msgtype                cstackCOMRAM  0003C
i2send_msg@qmsg                   cstackCOMRAM  00043
i2send_msg@qptr                   cstackCOMRAM  00039
i2send_msg@slot                   cstackCOMRAM  00042
i2send_msg@tlength                cstackCOMRAM  00040
initADC@ADCValue                  cstackBANK0   000D8
init_i2c@ic                       cstackBANK0   000D1
init_queue@i                      cstackBANK0   000D4
init_queue@qptr                   cstackBANK0   000D1
init_timer1_lthread@tptr          cstackBANK0   000D1
init_uart_recv@uc                 cstackBANK0   000D1
int_func                          intcode_body  00E60
intlevel0                         text          00000
intlevel1                         text          00000
intlevel2                         text          00000
intlevel3                         text          00000
main@ic                           cstackBANK1   001D0
main@last_reg_recvd               cstackBANK1   001C6
main@length                       cstackBANK1   001CF
main@msgbuffer                    cstackBANK1   001B7
main@msgtype                      cstackBANK1   001CE
main@t0thread_data                cstackBANK1   001C4
main@t1thread_data                cstackBANK1   001CC
main@uc                           cstackBANK1   001C7
main@uthread_data                 cstackBANK1   001C2
memcpy@d                          cstackBANK0   000D7
memcpy@d1                         cstackBANK0   000D1
memcpy@n                          cstackBANK0   000D5
memcpy@s                          cstackBANK0   000D9
memcpy@s1                         cstackBANK0   000D3
recv_msg@data                     cstackBANK1   001A7
recv_msg@maxlength                cstackBANK1   001A4
recv_msg@msgtype                  cstackBANK1   001A5
recv_msg@qmsg                     cstackBANK1   001AC
recv_msg@qptr                     cstackBANK1   001A2
recv_msg@slot                     cstackBANK1   001A9
recv_msg@tlength                  cstackBANK1   001AA
returnADCValue@temp               cstackBANK0   000D3
send_msg@data                     cstackBANK0   000DF
send_msg@length                   cstackBANK0   000DD
send_msg@msgtype                  cstackBANK0   000DE
send_msg@qmsg                     cstackBANK1   001A6
send_msg@qptr                     cstackBANK0   000DB
send_msg@slot                     cstackBANK1   001A5
send_msg@tlength                  cstackBANK1   001A3
stackhi                           (abs)         003FF
stacklo                           (abs)         001EC
start                             init          000BA
start_i2c_slave_reply@length      cstackBANK0   000D5
start_i2c_slave_reply@msg         cstackBANK0   000D1
start_initialization              cinit         01850
timer0_int_handler@length         cstackBANK0   000B6
timer0_int_handler@msgtype        cstackBANK0   000B8
timer0_int_handler@val            cstackBANK0   000BA
timer0_lthread@length             cstackBANK0   000D5
timer0_lthread@msgbuffer          cstackBANK0   000D7
timer0_lthread@msgtype            cstackBANK0   000D3
timer0_lthread@msgval             cstackBANK0   000D9
timer0_lthread@tptr               cstackBANK0   000D1
timer1_int_handler@result         cstackCOMRAM  0001C
timer1_lthread@length             cstackBANK1   001B0
timer1_lthread@msgbuffer          cstackBANK1   001B2
timer1_lthread@msgtype            cstackBANK1   001AE
timer1_lthread@retval             cstackBANK1   001B5
timer1_lthread@tptr               cstackBANK1   001AC
uart_lthread@length               cstackBANK0   000D5
uart_lthread@msgbuffer            cstackBANK0   000D7
uart_lthread@msgtype              cstackBANK0   000D3
uart_lthread@uptr                 cstackBANK0   000D1


FUNCTION INFORMATION:

 *************** function _main *****************
 Defined at:
		line 111 in file "../src/main.c"
 Parameters:    Size  Location     Type
		None
 Auto vars:     Size  Location     Type
  ic             28   46[BANK1 ] struct __i2c_comm
  msgbuffer      11   21[BANK1 ] unsigned char [11]
  uc              5   37[BANK1 ] struct __uart_comm
  t1thread_dat    2   42[BANK1 ] struct __timer1_thread_s
  t0thread_dat    2   34[BANK1 ] struct __timer0_thread_s
  uthread_data    2   32[BANK1 ] struct __uart_thread_str
  length          1   45[BANK1 ] char 
  msgtype         1   44[BANK1 ] unsigned char 
  last_reg_rec    1   36[BANK1 ] unsigned char 
  i               1    0        unsigned char 
  c               1    0        unsigned char 
 Return value:  Size  Location     Type
		None               void
 Registers used:
		wreg, fsr0l, fsr0h, fsr1l, fsr1h, fsr1l, fsr1h, fsr2l, fsr2h, status,2, status,0, pclat, btemp, btemp+1, btemp+2, btemp+3, btemp+4, btemp+5, btemp+6, btemp+7, btemp+8, btemp+9, btemp+10, btemp+11, tosl, structret, tblptrl, tblptrh, tblptru, prodl, prodh, bsr, cstack
 Tracked objects:
		On entry : 
		On exit  : 
		Unchanged: 
 Data sizes:     COMRAM   BANK0   BANK1   BANK2   BANK3
      Params:         0       0       0       0       0
      Locals:         0       0      53       0       0
      Temps:          0       0       1       0       0
      Totals:         0       0      54       0       0
Total ram usage:       54 bytes
 Hardware stack levels required when called:   14
 This function calls:
		_OpenTimer1
		_OpenUSART
		_ToMainHigh_recvmsg
		_ToMainLow_recvmsg
		_block_on_To_msgqueues
		_enable_interrupts
		_i2c_configure_slave
		_initADC
		_init_i2c
		_init_queues
		_init_timer1_lthread
		_init_uart_recv
		_returnADCValue
		_start_i2c_slave_reply
		_timer0_lthread
		_timer1_lthread
		_uart_lthread
 This function is called by:
		Startup code after reset
 This function uses a non-reentrant model


 *************** function _uart_lthread *****************
 Defined at:
		line 9 in file "../src/uart_thread.c"
 Parameters:    Size  Location     Type
  uptr            2   27[BANK0 ] PTR struct __uart_thread
		 -> main@uthread_data(2), 
  msgtype         2   29[BANK0 ] int 
  length          2   31[BANK0 ] int 
  msgbuffer       2   33[BANK0 ] PTR unsigned char 
		 -> main@msgbuffer(11), 
 Auto vars:     Size  Location     Type
		None
 Return value:  Size  Location     Type
                  2   27[BANK0 ] int 
 Registers used:
		wreg, fsr2l, fsr2h, status,2, status,0
 Tracked objects:
		On entry : 
		On exit  : 
		Unchanged: 
 Data sizes:     COMRAM   BANK0   BANK1   BANK2   BANK3
      Params:         0       8       0       0       0
      Locals:         0       0       0       0       0
      Temps:          0       0       0       0       0
      Totals:         0       8       0       0       0
Total ram usage:        8 bytes
 Hardware stack levels used:    1
 Hardware stack levels required when called:   10
 This function calls:
		Nothing
 This function is called by:
		_main
 This function uses a non-reentrant model


 *************** function _timer1_lthread *****************
 Defined at:
		line 14 in file "../src/timer1_thread.c"
 Parameters:    Size  Location     Type
  tptr            2   10[BANK1 ] PTR struct __timer1_thre
		 -> main@t1thread_data(2), 
  msgtype         2   12[BANK1 ] int 
  length          2   14[BANK1 ] int 
  msgbuffer       2   16[BANK1 ] PTR unsigned char 
		 -> main@msgbuffer(11), 
 Auto vars:     Size  Location     Type
  retval          1   19[BANK1 ] char 
 Return value:  Size  Location     Type
                  2   10[BANK1 ] int 
 Registers used:
		wreg, fsr1l, fsr1h, fsr2l, fsr2h, status,2, status,0, prodl, prodh, cstack
 Tracked objects:
		On entry : 
		On exit  : 
		Unchanged: 
 Data sizes:     COMRAM   BANK0   BANK1   BANK2   BANK3
      Params:         0       0       8       0       0
      Locals:         0       0       1       0       0
      Temps:          0       0       1       0       0
      Totals:         0       0      10       0       0
Total ram usage:       10 bytes
 Hardware stack levels used:    1
 Hardware stack levels required when called:   13
 This function calls:
		_FromMainHigh_sendmsg
		___lwmod
 This function is called by:
		_main
 This function uses a non-reentrant model


 *************** function ___lwmod *****************
 Defined at:
		line 8 in file "C:\Program Files (x86)\Microchip\xc8\v1.30\sources\common\lwmod.c"
 Parameters:    Size  Location     Type
  dividend        2   27[BANK0 ] unsigned int 
  divisor         2   29[BANK0 ] unsigned int 
 Auto vars:     Size  Location     Type
  counter         1   32[BANK0 ] unsigned char 
 Return value:  Size  Location     Type
                  2   27[BANK0 ] unsigned int 
 Registers used:
		wreg, status,2, status,0
 Tracked objects:
		On entry : 
		On exit  : 
		Unchanged: 
 Data sizes:     COMRAM   BANK0   BANK1   BANK2   BANK3
      Params:         0       4       0       0       0
      Locals:         0       1       0       0       0
      Temps:          0       1       0       0       0
      Totals:         0       6       0       0       0
Total ram usage:        6 bytes
 Hardware stack levels used:    1
 Hardware stack levels required when called:   10
 This function calls:
		Nothing
 This function is called by:
		_timer1_lthread
 This function uses a non-reentrant model


 *************** function _FromMainHigh_sendmsg *****************
 Defined at:
		line 174 in file "../src/messages.c"
 Parameters:    Size  Location     Type
  length          1    wreg     unsigned char 
  msgtype         1    6[BANK1 ] unsigned char 
  data            2    7[BANK1 ] PTR void 
		 -> main@t1thread_data(2), 
 Auto vars:     Size  Location     Type
  length          1    9[BANK1 ] unsigned char 
 Return value:  Size  Location     Type
                  1    wreg      char 
 Registers used:
		wreg, fsr1l, fsr1h, fsr2l, fsr2h, status,2, status,0, prodl, prodh, cstack
 Tracked objects:
		On entry : 
		On exit  : 
		Unchanged: 
 Data sizes:     COMRAM   BANK0   BANK1   BANK2   BANK3
      Params:         0       0       3       0       0
      Locals:         0       0       1       0       0
      Temps:          0       0       0       0       0
      Totals:         0       0       4       0       0
Total ram usage:        4 bytes
 Hardware stack levels used:    1
 Hardware stack levels required when called:   12
 This function calls:
		_send_msg
 This function is called by:
		_timer1_lthread
 This function uses a non-reentrant model


 *************** function _send_msg *****************
 Defined at:
		line 24 in file "../src/messages.c"
 Parameters:    Size  Location     Type
  qptr            2   37[BANK0 ] PTR struct __msg_queue
		 -> FromMainHigh_MQ(54), FromMainLow_MQ(54), ToMainHigh_MQ(54), ToMainLow_MQ(54), 
  length          1   39[BANK0 ] unsigned char 
  msgtype         1   40[BANK0 ] unsigned char 
  data            2   41[BANK0 ] PTR void 
		 -> timer0_int_handler@val(2), NULL(0), i2c_int_handler@error_buf(3), main@t1thread_data(2), 
		 -> main@ic(28), main@uc(5), 
 Auto vars:     Size  Location     Type
  qmsg            2    4[BANK1 ] PTR struct __msg
		 -> FromMainLow_MQ.queue(52), FromMainHigh_MQ.queue(52), ToMainHigh_MQ.queue(52), ToMainLow_MQ.queue(52), 
		 -> FromMainHigh_MQ(54), FromMainLow_MQ(54), ToMainHigh_MQ(54), ToMainLow_MQ(54), 
  tlength         2    1[BANK1 ] unsigned int 
  slot            1    3[BANK1 ] unsigned char 
 Return value:  Size  Location     Type
                  1    wreg      char 
 Registers used:
		wreg, fsr1l, fsr1h, fsr2l, fsr2h, status,2, status,0, prodl, prodh, cstack
 Tracked objects:
		On entry : 
		On exit  : 
		Unchanged: 
 Data sizes:     COMRAM   BANK0   BANK1   BANK2   BANK3
      Params:         0       6       0       0       0
      Locals:         0       0       5       0       0
      Temps:          0       0       1       0       0
      Totals:         0       6       6       0       0
Total ram usage:       12 bytes
 Hardware stack levels used:    1
 Hardware stack levels required when called:   11
 This function calls:
		_memcpy
 This function is called by:
		_FromMainHigh_sendmsg
		_FromMainLow_sendmsg
 This function uses a non-reentrant model


 *************** function _timer0_lthread *****************
 Defined at:
		line 9 in file "../src/timer0_thread.c"
 Parameters:    Size  Location     Type
  tptr            2   27[BANK0 ] PTR struct __timer0_thre
		 -> main@t0thread_data(2), 
  msgtype         2   29[BANK0 ] int 
  length          2   31[BANK0 ] int 
  msgbuffer       2   33[BANK0 ] PTR unsigned char 
		 -> main@msgbuffer(11), 
 Auto vars:     Size  Location     Type
  msgval          2   35[BANK0 ] PTR unsigned int 
		 -> main@msgbuffer(11), 
 Return value:  Size  Location     Type
                  2   27[BANK0 ] int 
 Registers used:
		wreg, status,2, status,0
 Tracked objects:
		On entry : 
		On exit  : 
		Unchanged: 
 Data sizes:     COMRAM   BANK0   BANK1   BANK2   BANK3
      Params:         0       8       0       0       0
      Locals:         0       2       0       0       0
      Temps:          0       0       0       0       0
      Totals:         0      10       0       0       0
Total ram usage:       10 bytes
 Hardware stack levels used:    1
 Hardware stack levels required when called:   10
 This function calls:
		Nothing
 This function is called by:
		_main
 This function uses a non-reentrant model


 *************** function _start_i2c_slave_reply *****************
 Defined at:
		line 53 in file "../src/my_i2c.c"
 Parameters:    Size  Location     Type
  length          1    wreg     unsigned char 
  msg             2   27[BANK0 ] PTR unsigned char 
		 -> main@msgbuffer(11), 
 Auto vars:     Size  Location     Type
  length          1   31[BANK0 ] unsigned char 
 Return value:  Size  Location     Type
		None               void
 Registers used:
		wreg, fsr1l, fsr1h, fsr2l, fsr2h, status,2, status,0, prodl, prodh
 Tracked objects:
		On entry : 
		On exit  : 
		Unchanged: 
 Data sizes:     COMRAM   BANK0   BANK1   BANK2   BANK3
      Params:         0       2       0       0       0
      Locals:         0       1       0       0       0
      Temps:          0       2       0       0       0
      Totals:         0       5       0       0       0
Total ram usage:        5 bytes
 Hardware stack levels used:    1
 Hardware stack levels required when called:   10
 This function calls:
		Nothing
 This function is called by:
		_main
 This function uses a non-reentrant model


 *************** function _returnADCValue *****************
 Defined at:
		line 16 in file "../src/interrupts.c"
 Parameters:    Size  Location     Type
		None
 Auto vars:     Size  Location     Type
  temp            2   29[BANK0 ] int 
 Return value:  Size  Location     Type
                  2   27[BANK0 ] int 
 Registers used:
		wreg, status,2, status,0
 Tracked objects:
		On entry : 
		On exit  : 
		Unchanged: 
 Data sizes:     COMRAM   BANK0   BANK1   BANK2   BANK3
      Params:         0       2       0       0       0
      Locals:         0       2       0       0       0
      Temps:          0       0       0       0       0
      Totals:         0       4       0       0       0
Total ram usage:        4 bytes
 Hardware stack levels used:    1
 Hardware stack levels required when called:   10
 This function calls:
		Nothing
 This function is called by:
		_main
 This function uses a non-reentrant model


 *************** function _init_uart_recv *****************
 Defined at:
		line 30 in file "../src/my_uart.c"
 Parameters:    Size  Location     Type
  uc              2   27[BANK0 ] PTR struct __uart_comm
		 -> main@uc(5), 
 Auto vars:     Size  Location     Type
		None
 Return value:  Size  Location     Type
		None               void
 Registers used:
		wreg, fsr2l, fsr2h, status,2, status,0
 Tracked objects:
		On entry : 
		On exit  : 
		Unchanged: 
 Data sizes:     COMRAM   BANK0   BANK1   BANK2   BANK3
      Params:         0       2       0       0       0
      Locals:         0       0       0       0       0
      Temps:          0       0       0       0       0
      Totals:         0       2       0       0       0
Total ram usage:        2 bytes
 Hardware stack levels used:    1
 Hardware stack levels required when called:   10
 This function calls:
		Nothing
 This function is called by:
		_main
 This function uses a non-reentrant model


 *************** function _init_timer1_lthread *****************
 Defined at:
		line 6 in file "../src/timer1_thread.c"
 Parameters:    Size  Location     Type
  tptr            2   27[BANK0 ] PTR struct __timer1_thre
		 -> main@t1thread_data(2), 
 Auto vars:     Size  Location     Type
		None
 Return value:  Size  Location     Type
		None               void
 Registers used:
		wreg, fsr2l, fsr2h
 Tracked objects:
		On entry : 
		On exit  : 
		Unchanged: 
 Data sizes:     COMRAM   BANK0   BANK1   BANK2   BANK3
      Params:         0       2       0       0       0
      Locals:         0       0       0       0       0
      Temps:          0       0       0       0       0
      Totals:         0       2       0       0       0
Total ram usage:        2 bytes
 Hardware stack levels used:    1
 Hardware stack levels required when called:   10
 This function calls:
		Nothing
 This function is called by:
		_main
 This function uses a non-reentrant model


 *************** function _init_queues *****************
 Defined at:
		line 194 in file "../src/messages.c"
 Parameters:    Size  Location     Type
		None
 Auto vars:     Size  Location     Type
		None
 Return value:  Size  Location     Type
		None               void
 Registers used:
		wreg, fsr2l, fsr2h, status,2, status,0, prodl, prodh, cstack
 Tracked objects:
		On entry : 
		On exit  : 
		Unchanged: 
 Data sizes:     COMRAM   BANK0   BANK1   BANK2   BANK3
      Params:         0       0       0       0       0
      Locals:         0       0       0       0       0
      Temps:          0       1       0       0       0
      Totals:         0       1       0       0       0
Total ram usage:        1 bytes
 Hardware stack levels used:    1
 Hardware stack levels required when called:   11
 This function calls:
		_init_queue
 This function is called by:
		_main
 This function uses a non-reentrant model


 *************** function _init_queue *****************
 Defined at:
		line 14 in file "../src/messages.c"
 Parameters:    Size  Location     Type
  qptr            2   27[BANK0 ] PTR struct __msg_queue
		 -> FromMainHigh_MQ(54), FromMainLow_MQ(54), ToMainHigh_MQ(54), ToMainLow_MQ(54), 
 Auto vars:     Size  Location     Type
  i               1   30[BANK0 ] unsigned char 
 Return value:  Size  Location     Type
		None               void
 Registers used:
		wreg, fsr2l, fsr2h, status,2, status,0, prodl, prodh
 Tracked objects:
		On entry : 
		On exit  : 
		Unchanged: 
 Data sizes:     COMRAM   BANK0   BANK1   BANK2   BANK3
      Params:         0       2       0       0       0
      Locals:         0       1       0       0       0
      Temps:          0       1       0       0       0
      Totals:         0       4       0       0       0
Total ram usage:        4 bytes
 Hardware stack levels used:    1
 Hardware stack levels required when called:   10
 This function calls:
		Nothing
 This function is called by:
		_init_queues
 This function uses a non-reentrant model


 *************** function _init_i2c *****************
 Defined at:
		line 271 in file "../src/my_i2c.c"
 Parameters:    Size  Location     Type
  ic              2   27[BANK0 ] PTR struct __i2c_comm
		 -> main@ic(28), 
 Auto vars:     Size  Location     Type
		None
 Return value:  Size  Location     Type
		None               void
 Registers used:
		wreg, fsr2l, fsr2h, status,2, status,0
 Tracked objects:
		On entry : 
		On exit  : 
		Unchanged: 
 Data sizes:     COMRAM   BANK0   BANK1   BANK2   BANK3
      Params:         0       2       0       0       0
      Locals:         0       0       0       0       0
      Temps:          0       0       0       0       0
      Totals:         0       2       0       0       0
Total ram usage:        2 bytes
 Hardware stack levels used:    1
 Hardware stack levels required when called:   10
 This function calls:
		Nothing
 This function is called by:
		_main
 This function uses a non-reentrant model


 *************** function _initADC *****************
 Defined at:
		line 98 in file "../src/main.c"
 Parameters:    Size  Location     Type
		None
 Auto vars:     Size  Location     Type
  ADCValue        2   34[BANK0 ] int 
 Return value:  Size  Location     Type
		None               void
 Registers used:
		wreg, status,2, status,0, cstack
 Tracked objects:
		On entry : 
		On exit  : 
		Unchanged: 
 Data sizes:     COMRAM   BANK0   BANK1   BANK2   BANK3
      Params:         0       0       0       0       0
      Locals:         0       2       0       0       0
      Temps:          0       2       0       0       0
      Totals:         0       4       0       0       0
Total ram usage:        4 bytes
 Hardware stack levels used:    1
 Hardware stack levels required when called:   11
 This function calls:
		_ConvertADC
		_OpenADC
 This function is called by:
		_main
 This function uses a non-reentrant model


 *************** function _OpenADC *****************
 Defined at:
		line 68 in file "C:\Program Files (x86)\Microchip\xc8\v1.30\sources\pic18\plib\ADC\adcopen.c"
 Parameters:    Size  Location     Type
  config          1    wreg     unsigned char 
  config2         1   27[BANK0 ] unsigned char 
  portconfig      1   28[BANK0 ] unsigned char 
 Auto vars:     Size  Location     Type
  config          1   31[BANK0 ] unsigned char 
 Return value:  Size  Location     Type
		None               void
 Registers used:
		wreg, status,2, status,0
 Tracked objects:
		On entry : 
		On exit  : 
		Unchanged: 
 Data sizes:     COMRAM   BANK0   BANK1   BANK2   BANK3
      Params:         0       2       0       0       0
      Locals:         0       1       0       0       0
      Temps:          0       2       0       0       0
      Totals:         0       5       0       0       0
Total ram usage:        5 bytes
 Hardware stack levels used:    1
 Hardware stack levels required when called:   10
 This function calls:
		Nothing
 This function is called by:
		_initADC
 This function uses a non-reentrant model


 *************** function _ConvertADC *****************
 Defined at:
		line 22 in file "C:\Program Files (x86)\Microchip\xc8\v1.30\sources\pic18\plib\ADC\adcconv.c"
 Parameters:    Size  Location     Type
		None
 Auto vars:     Size  Location     Type
		None
 Return value:  Size  Location     Type
		None               void
 Registers used:
		None
 Tracked objects:
		On entry : 
		On exit  : 
		Unchanged: 
 Data sizes:     COMRAM   BANK0   BANK1   BANK2   BANK3
      Params:         0       0       0       0       0
      Locals:         0       0       0       0       0
      Temps:          0       0       0       0       0
      Totals:         0       0       0       0       0
Total ram usage:        0 bytes
 Hardware stack levels used:    1
 Hardware stack levels required when called:   10
 This function calls:
		Nothing
 This function is called by:
		_initADC
 This function uses a non-reentrant model


 *************** function _i2c_configure_slave *****************
 Defined at:
		line 282 in file "../src/my_i2c.c"
 Parameters:    Size  Location     Type
  addr            1    wreg     unsigned char 
 Auto vars:     Size  Location     Type
  addr            1   27[BANK0 ] unsigned char 
 Return value:  Size  Location     Type
		None               void
 Registers used:
		wreg, status,2, status,0
 Tracked objects:
		On entry : 
		On exit  : 
		Unchanged: 
 Data sizes:     COMRAM   BANK0   BANK1   BANK2   BANK3
      Params:         0       0       0       0       0
      Locals:         0       1       0       0       0
      Temps:          0       0       0       0       0
      Totals:         0       1       0       0       0
Total ram usage:        1 bytes
 Hardware stack levels used:    1
 Hardware stack levels required when called:   10
 This function calls:
		Nothing
 This function is called by:
		_main
 This function uses a non-reentrant model


 *************** function _enable_interrupts *****************
 Defined at:
		line 23 in file "../src/interrupts.c"
 Parameters:    Size  Location     Type
		None
 Auto vars:     Size  Location     Type
		None
 Return value:  Size  Location     Type
		None               void
 Registers used:
		None
 Tracked objects:
		On entry : 
		On exit  : 
		Unchanged: 
 Data sizes:     COMRAM   BANK0   BANK1   BANK2   BANK3
      Params:         0       0       0       0       0
      Locals:         0       0       0       0       0
      Temps:          0       0       0       0       0
      Totals:         0       0       0       0       0
Total ram usage:        0 bytes
 Hardware stack levels used:    1
 Hardware stack levels required when called:   10
 This function calls:
		Nothing
 This function is called by:
		_main
 This function uses a non-reentrant model


 *************** function _block_on_To_msgqueues *****************
 Defined at:
		line 258 in file "../src/messages.c"
 Parameters:    Size  Location     Type
		None
 Auto vars:     Size  Location     Type
		None
 Return value:  Size  Location     Type
		None               void
 Registers used:
		wreg, fsr2l, fsr2h, status,2, status,0, prodl, prodh, cstack
 Tracked objects:
		On entry : 
		On exit  : 
		Unchanged: 
 Data sizes:     COMRAM   BANK0   BANK1   BANK2   BANK3
      Params:         0       0       0       0       0
      Locals:         0       0       0       0       0
      Temps:          0       1       0       0       0
      Totals:         0       1       0       0       0
Total ram usage:        1 bytes
 Hardware stack levels used:    1
 Hardware stack levels required when called:   13
 This function calls:
		_Delay1KTCYx
		_check_msg
		_in_main
 This function is called by:
		_main
 This function uses a non-reentrant model


 *************** function _in_main *****************
 Defined at:
		line 49 in file "../src/interrupts.c"
 Parameters:    Size  Location     Type
		None
 Auto vars:     Size  Location     Type
		None
 Return value:  Size  Location     Type
                  2   31[BANK0 ] int 
 Registers used:
		wreg, status,2, status,0, cstack
 Tracked objects:
		On entry : 
		On exit  : 
		Unchanged: 
 Data sizes:     COMRAM   BANK0   BANK1   BANK2   BANK3
      Params:         0       2       0       0       0
      Locals:         0       0       0       0       0
      Temps:          0       0       0       0       0
      Totals:         0       2       0       0       0
Total ram usage:        2 bytes
 Hardware stack levels used:    1
 Hardware stack levels required when called:   12
 This function calls:
		_in_high_int
		_in_low_int
 This function is called by:
		_block_on_To_msgqueues
 This function uses a non-reentrant model


 *************** function _in_low_int *****************
 Defined at:
		line 39 in file "../src/interrupts.c"
 Parameters:    Size  Location     Type
		None
 Auto vars:     Size  Location     Type
		None
 Return value:  Size  Location     Type
                  2   29[BANK0 ] int 
 Registers used:
		wreg, status,2, status,0, cstack
 Tracked objects:
		On entry : 
		On exit  : 
		Unchanged: 
 Data sizes:     COMRAM   BANK0   BANK1   BANK2   BANK3
      Params:         0       2       0       0       0
      Locals:         0       0       0       0       0
      Temps:          0       0       0       0       0
      Totals:         0       2       0       0       0
Total ram usage:        2 bytes
 Hardware stack levels used:    1
 Hardware stack levels required when called:   11
 This function calls:
		_in_high_int
 This function is called by:
		_in_main
 This function uses a non-reentrant model


 *************** function _in_high_int *****************
 Defined at:
		line 31 in file "../src/interrupts.c"
 Parameters:    Size  Location     Type
		None
 Auto vars:     Size  Location     Type
		None
 Return value:  Size  Location     Type
                  2   27[BANK0 ] int 
 Registers used:
		wreg, status,2
 Tracked objects:
		On entry : 
		On exit  : 
		Unchanged: 
 Data sizes:     COMRAM   BANK0   BANK1   BANK2   BANK3
      Params:         0       2       0       0       0
      Locals:         0       0       0       0       0
      Temps:          0       0       0       0       0
      Totals:         0       2       0       0       0
Total ram usage:        2 bytes
 Hardware stack levels used:    1
 Hardware stack levels required when called:   10
 This function calls:
		Nothing
 This function is called by:
		_in_low_int
		_in_main
 This function uses a non-reentrant model


 *************** function _check_msg *****************
 Defined at:
		line 222 in file "../src/messages.c"
 Parameters:    Size  Location     Type
  qptr            2   27[BANK0 ] PTR struct __msg_queue
		 -> ToMainHigh_MQ(54), ToMainLow_MQ(54), 
 Auto vars:     Size  Location     Type
		None
 Return value:  Size  Location     Type
                  1    wreg      unsigned char 
 Registers used:
		wreg, fsr2l, fsr2h, status,2, status,0, prodl, prodh
 Tracked objects:
		On entry : 
		On exit  : 
		Unchanged: 
 Data sizes:     COMRAM   BANK0   BANK1   BANK2   BANK3
      Params:         0       2       0       0       0
      Locals:         0       0       0       0       0
[...]
  data            2   61[COMRAM] PTR void 
		 -> timer0_int_handler@val(2), main@msgbuffer(11), 
 Auto vars:     Size  Location     Type
  recv_msg        2   68[COMRAM] PTR struct __msg
		 -> FromMainLow_MQ.queue(52), FromMainHigh_MQ.queue(52), ToMainHigh_MQ.queue(52), ToMainLow_MQ.queue(52), 
		 -> FromMainHigh_MQ(54), FromMainLow_MQ(54), ToMainHigh_MQ(54), ToMainLow_MQ(54), 
  recv_msg        2   66[COMRAM] unsigned int 
  recv_msg        1   65[COMRAM] unsigned char 
 Return value:  Size  Location     Type
                  1    wreg      char 
 Registers used:
		wreg, fsr1l, fsr1h, fsr2l, fsr2h, status,2, status,0, prodl, prodh, cstack
 Tracked objects:
		On entry : 
		On exit  : 
		Unchanged: 
 Data sizes:     COMRAM   BANK0   BANK1   BANK2   BANK3
      Params:         7       0       0       0       0
      Locals:         5       0       0       0       0
      Temps:          2       0       0       0       0
      Totals:        14       0       0       0       0
Total ram usage:       14 bytes
 Hardware stack levels used:    1
 Hardware stack levels required when called:    1
 This function calls:
		i2_memcpy
 This function is called by:
		_FromMainHigh_recvmsg
 This function uses a non-reentrant model


 *************** function _i2c_int_handler *****************
 Defined at:
		line 100 in file "../src/my_i2c.c"
 Parameters:    Size  Location     Type
		None
 Auto vars:     Size  Location     Type
  error_buf       3    0[BANK0 ] unsigned char [3]
  data_read       1    8[BANK0 ] unsigned char 
  msg_ready       1    7[BANK0 ] unsigned char 
  msg_to_send     1    6[BANK0 ] unsigned char 
  i2c_data        1    5[BANK0 ] unsigned char 
  overrun_erro    1    4[BANK0 ] unsigned char 
  data_written    1    3[BANK0 ] unsigned char 
 Return value:  Size  Location     Type
		None               void
 Registers used:
		wreg, fsr1l, fsr1h, fsr2l, fsr2h, status,2, status,0, prodl, prodh, cstack
 Tracked objects:
		On entry : 
		On exit  : 
		Unchanged: 
 Data sizes:     COMRAM   BANK0   BANK1   BANK2   BANK3
      Params:         0       0       0       0       0
      Locals:         0       9       0       0       0
      Temps:          2       0       0       0       0
      Totals:         2       9       0       0       0
Total ram usage:       11 bytes
 Hardware stack levels used:    1
 Hardware stack levels required when called:    3
 This function calls:
		_ToMainHigh_sendmsg
		_handle_start
 This function is called by:
		_InterruptHandlerHigh
 This function uses a non-reentrant model


 *************** function _handle_start *****************
 Defined at:
		line 71 in file "../src/my_i2c.c"
 Parameters:    Size  Location     Type
  data_read       1    wreg     unsigned char 
 Auto vars:     Size  Location     Type
  data_read       1   46[COMRAM] unsigned char 
 Return value:  Size  Location     Type
		None               void
 Registers used:
		wreg, fsr2l, fsr2h, status,2, status,0
 Tracked objects:
		On entry : 
		On exit  : 
		Unchanged: 
 Data sizes:     COMRAM   BANK0   BANK1   BANK2   BANK3
      Params:         0       0       0       0       0
      Locals:         1       0       0       0       0
      Temps:          0       0       0       0       0
      Totals:         1       0       0       0       0
Total ram usage:        1 bytes
 Hardware stack levels used:    1
 This function calls:
		Nothing
 This function is called by:
		_i2c_int_handler
 This function uses a non-reentrant model


 *************** function _ToMainHigh_sendmsg *****************
 Defined at:
		line 126 in file "../src/messages.c"
 Parameters:    Size  Location     Type
  length          1    wreg     unsigned char 
  msgtype         1   68[COMRAM] unsigned char 
  data            2   69[COMRAM] PTR void 
		 -> timer0_int_handler@val(2), NULL(0), i2c_int_handler@error_buf(3), main@ic(28), 
 Auto vars:     Size  Location     Type
  length          1   71[COMRAM] unsigned char 
 Return value:  Size  Location     Type
                  1    wreg      char 
 Registers used:
		wreg, fsr1l, fsr1h, fsr2l, fsr2h, status,2, status,0, prodl, prodh, cstack
 Tracked objects:
		On entry : 
		On exit  : 
		Unchanged: 
 Data sizes:     COMRAM   BANK0   BANK1   BANK2   BANK3
      Params:         3       0       0       0       0
      Locals:         1       0       0       0       0
      Temps:          0       0       0       0       0
      Totals:         4       0       0       0       0
Total ram usage:        4 bytes
 Hardware stack levels used:    1
 Hardware stack levels required when called:    2
 This function calls:
		i2_send_msg
 This function is called by:
		_i2c_int_handler
		_timer0_int_handler
 This function uses a non-reentrant model


 *************** function i2_send_msg *****************
 Defined at:
		line 24 in file "../src/messages.c"
 Parameters:    Size  Location     Type
  qptr            2   56[COMRAM] PTR struct __msg_queue
		 -> FromMainHigh_MQ(54), FromMainLow_MQ(54), ToMainHigh_MQ(54), ToMainLow_MQ(54), 
  length          1   58[COMRAM] unsigned char 
  msgtype         1   59[COMRAM] unsigned char 
  data            2   60[COMRAM] PTR void 
		 -> timer0_int_handler@val(2), NULL(0), i2c_int_handler@error_buf(3), main@t1thread_data(2), 
		 -> main@ic(28), main@uc(5), 
 Auto vars:     Size  Location     Type
  send_msg        2   66[COMRAM] PTR struct __msg
		 -> FromMainLow_MQ.queue(52), FromMainHigh_MQ.queue(52), ToMainHigh_MQ.queue(52), ToMainLow_MQ.queue(52), 
		 -> FromMainHigh_MQ(54), FromMainLow_MQ(54), ToMainHigh_MQ(54), ToMainLow_MQ(54), 
  send_msg        2   63[COMRAM] unsigned int 
  send_msg        1   65[COMRAM] unsigned char 
 Return value:  Size  Location     Type
                  1    wreg      char 
 Registers used:
		wreg, fsr1l, fsr1h, fsr2l, fsr2h, status,2, status,0, prodl, prodh, cstack
 Tracked objects:
		On entry : 
		On exit  : 
		Unchanged: 
 Data sizes:     COMRAM   BANK0   BANK1   BANK2   BANK3
      Params:         6       0       0       0       0
      Locals:         5       0       0       0       0
      Temps:          1       0       0       0       0
      Totals:        12       0       0       0       0
Total ram usage:       12 bytes
 Hardware stack levels used:    1
 Hardware stack levels required when called:    1
 This function calls:
		i2_memcpy
 This function is called by:
		_ToMainHigh_sendmsg
 This function uses a non-reentrant model


 *************** function i2_memcpy *****************
 Defined at:
		line 11 in file "C:\Program Files (x86)\Microchip\xc8\v1.30\sources\common\memcpy.c"
 Parameters:    Size  Location     Type
  d1              2   46[COMRAM] PTR void 
		 -> FromMainLow_MQ.queue(52), FromMainHigh_MQ.queue(52), ToMainHigh_MQ.queue(52), ToMainLow_MQ.queue(52), 
		 -> timer0_int_handler@val(2), FromMainHigh_MQ(54), FromMainLow_MQ(54), ToMainHigh_MQ(54), 
		 -> ToMainLow_MQ(54), main@msgbuffer(11), 
  s1              2   48[COMRAM] PTR const void 
		 -> ToMainLow_MQ.data(10), ToMainHigh_MQ.data(10), FromMainLow_MQ.data(10), FromMainHigh_MQ.data(10), 
		 -> ToMainLow_MQ.queue.data(10), ToMainHigh_MQ.queue.data(10), FromMainHigh_MQ.queue.data(10), FromMainLow_MQ.queue.data(10), 
		 -> timer0_int_handler@val(2), NULL(0), i2c_int_handler@error_buf(3), FromMainHigh_MQ(54), 
		 -> FromMainLow_MQ(54), ToMainHigh_MQ(54), ToMainLow_MQ(54), main@t1thread_data(2), 
		 -> main@ic(28), main@uc(5), 
  n               2   50[COMRAM] unsigned int 
 Auto vars:     Size  Location     Type
  memcpy          2   54[COMRAM] PTR const unsigned char 
		 -> ToMainLow_MQ.data(10), ToMainHigh_MQ.data(10), FromMainLow_MQ.data(10), FromMainHigh_MQ.data(10), 
		 -> ToMainLow_MQ.queue.data(10), ToMainHigh_MQ.queue.data(10), FromMainHigh_MQ.queue.data(10), FromMainLow_MQ.queue.data(10), 
		 -> timer0_int_handler@val(2), NULL(0), i2c_int_handler@error_buf(3), FromMainHigh_MQ(54), 
		 -> FromMainLow_MQ(54), ToMainHigh_MQ(54), ToMainLow_MQ(54), main@t1thread_data(2), 
		 -> main@ic(28), main@uc(5), 
  memcpy          2   52[COMRAM] PTR unsigned char 
		 -> FromMainLow_MQ.queue(52), FromMainHigh_MQ.queue(52), ToMainHigh_MQ.queue(52), ToMainLow_MQ.queue(52), 
		 -> timer0_int_handler@val(2), FromMainHigh_MQ(54), FromMainLow_MQ(54), ToMainHigh_MQ(54), 
		 -> ToMainLow_MQ(54), main@msgbuffer(11), 
 Return value:  Size  Location     Type
                  2   46[COMRAM] PTR void 
 Registers used:
		wreg, fsr1l, fsr1h, fsr2l, fsr2h, status,2, status,0
 Tracked objects:
		On entry : 
		On exit  : 
		Unchanged: 
 Data sizes:     COMRAM   BANK0   BANK1   BANK2   BANK3
      Params:         6       0       0       0       0
      Locals:         4       0       0       0       0
      Temps:          0       0       0       0       0
      Totals:        10       0       0       0       0
Total ram usage:       10 bytes
 Hardware stack levels used:    1
 This function calls:
		Nothing
 This function is called by:
		i2_send_msg
		i2_recv_msg
 This function uses a non-reentrant model


 *************** function _SleepIfOkay *****************
 Defined at:
		line 228 in file "../src/messages.c"
 Parameters:    Size  Location     Type
		None
 Auto vars:     Size  Location     Type
		None
 Return value:  Size  Location     Type
		None               void
 Registers used:
		wreg, fsr2l, fsr2h, status,2, status,0, prodl, prodh, cstack
 Tracked objects:
		On entry : 
		On exit  : 
		Unchanged: 
 Data sizes:     COMRAM   BANK0   BANK1   BANK2   BANK3
      Params:         0       0       0       0       0
      Locals:         0       0       0       0       0
      Temps:          0       0       0       0       0
      Totals:         0       0       0       0       0
Total ram usage:        0 bytes
 Hardware stack levels used:    1
 Hardware stack levels required when called:    2
 This function calls:
		_enter_sleep_mode
		i2_check_msg
		i2_in_high_int
		i2_in_low_int
 This function is called by:
		_InterruptHandlerHigh
 This function uses a non-reentrant model


 *************** function i2_in_low_int *****************
 Defined at:
		line 39 in file "../src/interrupts.c"
 Parameters:    Size  Location     Type
		None
 Auto vars:     Size  Location     Type
		None
 Return value:  Size  Location     Type
                  2   48[COMRAM] int 
 Registers used:
		wreg, status,2, status,0, cstack
 Tracked objects:
		On entry : 
		On exit  : 
		Unchanged: 
 Data sizes:     COMRAM   BANK0   BANK1   BANK2   BANK3
      Params:         2       0       0       0       0
      Locals:         0       0       0       0       0
      Temps:          0       0       0       0       0
      Totals:         2       0       0       0       0
Total ram usage:        2 bytes
 Hardware stack levels used:    1
 Hardware stack levels required when called:    1
 This function calls:
		i2_in_high_int
 This function is called by:
		_SleepIfOkay
 This function uses a non-reentrant model


 *************** function i2_in_high_int *****************
 Defined at:
		line 31 in file "../src/interrupts.c"
 Parameters:    Size  Location     Type
		None
 Auto vars:     Size  Location     Type
		None
 Return value:  Size  Location     Type
                  2   46[COMRAM] int 
 Registers used:
		wreg, status,2
 Tracked objects:
		On entry : 
		On exit  : 
		Unchanged: 
 Data sizes:     COMRAM   BANK0   BANK1   BANK2   BANK3
      Params:         2       0       0       0       0
      Locals:         0       0       0       0       0
      Temps:          0       0       0       0       0
      Totals:         2       0       0       0       0
Total ram usage:        2 bytes
 Hardware stack levels used:    1
 This function calls:
		Nothing
 This function is called by:
		_SleepIfOkay
		i2_in_low_int
 This function uses a non-reentrant model


 *************** function i2_check_msg *****************
 Defined at:
		line 222 in file "../src/messages.c"
 Parameters:    Size  Location     Type
  qptr            2   46[COMRAM] PTR struct __msg_queue
		 -> ToMainHigh_MQ(54), ToMainLow_MQ(54), 
 Auto vars:     Size  Location     Type
		None
 Return value:  Size  Location     Type
                  1    wreg      unsigned char 
 Registers used:
		wreg, fsr2l, fsr2h, status,2, status,0, prodl, prodh
 Tracked objects:
		On entry : 
		On exit  : 
		Unchanged: 
 Data sizes:     COMRAM   BANK0   BANK1   BANK2   BANK3
      Params:         2       0       0       0       0
      Locals:         0       0       0       0       0
      Temps:          1       0       0       0       0
      Totals:         3       0       0       0       0
Total ram usage:        3 bytes
 Hardware stack levels used:    1
 This function calls:
		Nothing
 This function is called by:
		_SleepIfOkay
 This function uses a non-reentrant model


 *************** function _enter_sleep_mode *****************
 Defined at:
		line 202 in file "../src/messages.c"
 Parameters:    Size  Location     Type
		None
 Auto vars:     Size  Location     Type
		None
 Return value:  Size  Location     Type
		None               void
 Registers used:
		None
 Tracked objects:
		On entry : 
		On exit  : 
		Unchanged: 
 Data sizes:     COMRAM   BANK0   BANK1   BANK2   BANK3
      Params:         0       0       0       0       0
      Locals:         0       0       0       0       0
      Temps:          0       0       0       0       0
      Totals:         0       0       0       0       0
Total ram usage:        0 bytes
 Hardware stack levels used:    1
 This function calls:
		Nothing
 This function is called by:
		_SleepIfOkay
 This function uses a non-reentrant model


 *************** function _ReadADC *****************
 Defined at:
		line 24 in file "C:\Program Files (x86)\Microchip\xc8\v1.30\sources\pic18\plib\ADC\adcread.c"
 Parameters:    Size  Location     Type
		None
 Auto vars:     Size  Location     Type
		None
 Return value:  Size  Location     Type
                  2   46[COMRAM] int 
 Registers used:
		wreg, status,2
 Tracked objects:
		On entry : 
		On exit  : 
		Unchanged: 
 Data sizes:     COMRAM   BANK0   BANK1   BANK2   BANK3
      Params:         2       0       0       0       0
      Locals:         0       0       0       0       0
      Temps:          0       0       0       0       0
      Totals:         2       0       0       0       0
Total ram usage:        2 bytes
 Hardware stack levels used:    1
 This function calls:
		Nothing
 This function is called by:
		_InterruptHandlerHigh
 This function uses a non-reentrant model



MODULE INFORMATION

Module		Function		Class		Link	Load	Size
C:\Program Files (x86)\Microchip\xc8\v1.30\sources\pic18\plib\Timers\t0write.c
		_WriteTimer0   		CODE           	1B3E	0000	18

C:\Program Files (x86)\Microchip\xc8\v1.30\sources\pic18\plib\Timers\t0write.c estimated size: 18

C:\Program Files (x86)\Microchip\xc8\v1.30\sources\pic18\plib\Timers\t1write.c
		_WriteTimer1   		CODE           	1B1A	0000	18

C:\Program Files (x86)\Microchip\xc8\v1.30\sources\pic18\plib\Timers\t1write.c estimated size: 18

C:\Program Files (x86)\Microchip\xc8\v1.30\sources\pic18\plib\Timers\t1read.c
		_ReadTimer1    		CODE           	1B2C	0000	18

C:\Program Files (x86)\Microchip\xc8\v1.30\sources\pic18\plib\Timers\t1read.c estimated size: 18

../src/user_interrupts.c
		_timer0_int_han		CODE           	13C8	0000	122
		_timer1_int_han		CODE           	1638	0000	72

../src/user_interrupts.c estimated size: 194

C:\Program Files (x86)\Microchip\xc8\v1.30\sources\pic18\plib\ADC\adcopen.c
		_OpenADC       		CODE           	12CA	0000	132

C:\Program Files (x86)\Microchip\xc8\v1.30\sources\pic18\plib\ADC\adcopen.c estimated size: 132

../src/timer0_thread.c
		_timer0_lthread		CODE           	1AE4	0000	18

../src/timer0_thread.c estimated size: 18

shared
		i1_send_msg    		CODE           	0F18	0000	170
		i2_send_msg    		CODE           	0FC2	0000	170
		i1_ConvertADC  		CODE           	1B78	0000	4
		i2_in_high_int 		CODE           	1B50	0000	12
		i2_recv_msg    		CODE           	0CC6	0000	210
		__initializatio		CODE           	1850	0000	52
		i2_in_low_int  		CODE           	19A2	0000	46
		i1_memcpy      		CODE           	17D0	0000	64
		i2_memcpy      		CODE           	1810	0000	64
		i2_check_msg   		CODE           	1A6E	0000	36

shared estimated size: 828

../src/timer1_thread.c
		_timer1_lthread		CODE           	1442	0000	114
		_init_timer1_lt		CODE           	1AF6	0000	18

../src/timer1_thread.c estimated size: 132

../src/my_i2c.c
		_start_i2c_slav		CODE           	0AB4	0000	270
		_handle_start  		CODE           	0D98	0000	200
		_i2c_configure_		CODE           	19FA	0000	40
		_init_i2c      		CODE           	1522	0000	106
		_i2c_int_handle		CODE           	00BE	0000	1502

../src/my_i2c.c estimated size: 2118

C:\Program Files (x86)\Microchip\xc8\v1.30\sources\pic18\plib\USART\uread.c
		_ReadUSART     		CODE           	1AB0	0000	30

C:\Program Files (x86)\Microchip\xc8\v1.30\sources\pic18\plib\USART\uread.c estimated size: 30

C:\Program Files (x86)\Microchip\xc8\v1.30\sources\pic18\plib\Timers\t1open.c
		_OpenTimer1    		CODE           	18CC	0000	56

C:\Program Files (x86)\Microchip\xc8\v1.30\sources\pic18\plib\Timers\t1open.c estimated size: 56

../src/uart_thread.c
		_uart_lthread  		CODE           	188E	0000	62

../src/uart_thread.c estimated size: 62

C:\Program Files (x86)\Microchip\xc8\v1.30\sources\pic18\plib\ADC\adcconv.c
		_ConvertADC    		CODE           	1B74	0000	4

C:\Program Files (x86)\Microchip\xc8\v1.30\sources\pic18\plib\ADC\adcconv.c estimated size: 4

C:\Program Files (x86)\Microchip\xc8\v1.30\sources\pic18\d1ktcyx.c
		_Delay1KTCYx   		CODE           	1ACE	0000	22

C:\Program Files (x86)\Microchip\xc8\v1.30\sources\pic18\d1ktcyx.c estimated size: 22

../src/interrupts.c
		_enable_interru		CODE           	1B66	0000	8
		_in_low_int    		CODE           	1680	0000	70
		_in_main       		CODE           	16C6	0000	68
		_in_high_int   		CODE           	1B08	0000	18
		_InterruptHandl		CODE           	0018	0000	162
		_InterruptHandl		CODE           	0008	0000	3856
		_returnADCValue		CODE           	1970	0000	50

../src/interrupts.c estimated size: 4232

C:\Program Files (x86)\Microchip\xc8\v1.30\sources\common\memcpy.c
		_memcpy        		CODE           	158C	0000	94

C:\Program Files (x86)\Microchip\xc8\v1.30\sources\common\memcpy.c estimated size: 94

../src/my_uart.c
		_init_uart_recv		CODE           	1A92	0000	30
		_uart_recv_int_		CODE           	1112	0000	156

../src/my_uart.c estimated size: 186

C:\Program Files (x86)\Microchip\xc8\v1.30\sources\pic18\plib\USART\uopen.c
		_OpenUSART     		CODE           	11AE	0000	146

C:\Program Files (x86)\Microchip\xc8\v1.30\sources\pic18\plib\USART\uopen.c estimated size: 146

../src/messages.c
		_ToMainHigh_sen		CODE           	1A48	0000	38
		_ToMainHigh_rec		CODE           	178E	0000	66
		_block_on_To_ms		CODE           	106C	0000	166
		_check_msg     		CODE           	193A	0000	54
		_ToMainLow_send		CODE           	1A22	0000	38
		_ToMainLow_recv		CODE           	174C	0000	66
		_FromMainHigh_s		CODE           	1904	0000	54
		_enter_sleep_mo		CODE           	1B6E	0000	6
		_send_msg      		CODE           	0BC2	0000	260
		_FromMainHigh_r		CODE           	19D0	0000	42
		_init_queue    		CODE           	134E	0000	122
		_init_queues   		CODE           	14B4	0000	110
		_recv_msg      		CODE           	097E	0000	310
		_SleepIfOkay   		CODE           	15EA	0000	78

../src/messages.c estimated size: 1410

C:\Program Files (x86)\Microchip\xc8\v1.30\sources\pic18\plib\ADC\adcread.c
		_ReadADC       		CODE           	1B5C	0000	10

C:\Program Files (x86)\Microchip\xc8\v1.30\sources\pic18\plib\ADC\adcread.c estimated size: 10

C:\Program Files (x86)\Microchip\xc8\v1.30\sources\common\lwmod.c
		___lwmod       		CODE           	1240	0000	138

C:\Program Files (x86)\Microchip\xc8\v1.30\sources\common\lwmod.c estimated size: 138

../src/main.c
		_main          		CODE           	069C	0000	738
		_initADC       		CODE           	170A	0000	66

../src/main.c estimated size: 804

