Microchip MPLAB XC8 Compiler V1.30 ()

Linker command line:

--edf=/Applications/microchip/xc8/v1.30/dat/en_msgs.txt -cs \
  -h+dist/MARK4/production/Framework.X.production.sym \
  --cmf=dist/MARK4/production/Framework.X.production.cmf -z -Q18F46J50 \
  -o/tmp/cgtAX8r2f -Mdist/MARK4/production/Framework.X.production.map -E1 \
  -ver=XC8 -ASTACK=026Ch-09ffh -pstack=STACK -ACODE=00h-0FFF7h \
  -ACONST=00h-0FFF7h -ASMALLCONST=0F00h-0FFFhx240,0FF00h-0FFF7h \
  -AMEDIUMCONST=0F00h-0FFF7h -ACOMRAM=01h-05Fh -AABS1=00h-0EBFh \
  -ABIGRAM=01h-0EBFh -ARAM=060h-0FFh,0100h-01FFhx13,0E00h-0EBFh \
  -ABANK0=060h-0FFh -ABANK1=0100h-01FFh -ABANK2=0200h-02FFh \
  -ABANK3=0300h-03FFh -ABANK4=0400h-04FFh -ABANK5=0500h-05FFh \
  -ABANK6=0600h-06FFh -ABANK7=0700h-07FFh -ABANK8=0800h-08FFh \
  -ABANK9=0900h-09FFh -ABANK10=0A00h-0AFFh -ABANK11=0B00h-0BFFh \
  -ABANK12=0C00h-0CFFh -ABANK13=0D00h-0DFFh -ABANK14=0E00h-0EBFh \
  -ASFR=0EC0h-0EFFh,0F00h-0F5Fh,0F60h-0FFFh \
  -preset_vec=00h,intcode=08h,intcodelo=018h,powerup,init,end_init \
  -pramtop=0F00h -psmallconst=SMALLCONST -pmediumconst=MEDIUMCONST \
  -pconst=CONST -AFARRAM=00h-00h -ACONFIG=0FFF8h-0FFFFh -pconfig=CONFIG \
  -pjflash_buffer=0F800h \
  -prdata=COMRAM,nvrram=COMRAM,nvbit=COMRAM,rbss=COMRAM,rbit=COMRAM \
  -pfarbss=FARRAM,fardata=FARRAM,nvFARRAM=FARRAM \
  -pintsave_regs=BIGRAM,bigbss=BIGRAM,bigdata=BIGRAM -pbss=RAM \
  -pidata=CODE,irdata=CODE,ibigdata=CODE,ifardata=CODE /tmp/cgt9GvwYS.obj \
  dist/MARK4/production/Framework.X.production.obj 

Object code version is 3.11

Machine type is 18F46J50

Call graph: (short form)




                Name                               Link     Load   Length Selector   Space Scale
/tmp/cgt9GvwYS.obj
                end_init                             C2       C2        4        C       0
                reset_vec                             0        0        4        0       0
                config                             FFF8     FFF8        8     FFF8       0
dist/MARK4/production/Framework.X.production.obj
                intcodelo                            18       18       AA        C       0
                intcode                               8        8        C        4       0
                text53                             187C     187C       5E        C       0
                text52                              E76      E76      104        C       0
                text51                             1B74     1B74       36        C       0
                text50                              56A      56A      34E        C       0
                text49                             1D7E     1D7E       12      E63       0
                text48                             1B3E     1B3E       36        C       0
                intcode_body                       1396     1396       84        C       0
                text46                             1D6C     1D6C       12      E63       0
                text45                             1D5A     1D5A       12      E63       0
                text44                             1BAA     1BAA       34        C       0
                text43                             1CC6     1CC6       1E      E63       0
                text42                             1CFA     1CFA       16      E63       0
                text41                             19E8     19E8       40        C       0
                text40                             1128     1128       AA        C       0
                text39                             1C5A     1C5A       26        C       0
                text38                              8B8      8B8      24E        C       0
                text37                             1C34     1C34       26        C       0
                text36                             1BDE     1BDE       2C        C       0
                text35                             1D10     1D10       14      E63       0
                text34                             17BE     17BE       60        C       0
                text32                             141A     141A       80        C       0
                text31                             1C0A     1C0A       2A        C       0
                text30                             181E     181E       5E        C       0
                text29                              C3C      C3C      136        C       0
                text28                             19A6     19A6       42        C       0
                text27                             1964     1964       42        C       0
                text26                              D72      D72      104        C       0
                text25                             1B08     1B08       36        C       0
                text24                              B06      B06      136        C       0
                text23                             1CE4     1CE4       16      E63       0
                text22                             1AD2     1AD2       36        C       0
                text21                             1D48     1D48       12      E63       0
                text20                             18DA     18DA       46        C       0
                text19                             1920     1920       44        C       0
                text18                             1076     1076       B2        C       0
                text17                             1D90     1D90        C      E63       0
                text16                             1C80     1C80       24        C       0
                text15                             1276     1276       96        C       0
                text14                             1754     1754       6A        C       0
                text13                             1514     1514       7A        C       0
                text12                             1672     1672       72        C       0
                text11                             1D36     1D36       12      E63       0
                text10                             1D24     1D24       12      E63       0
                text9                              1A28     1A28       3E        C       0
                text8                              1A9C     1A9C       36        C       0
                text7                              130C     130C       8A        C       0
                text6                              1600     1600       72        C       0
                text5                              158E     158E       72        C       0
                text4                              1A66     1A66       36        C       0
                text3                              16E4     16E4       70        C       0
                text2                               F7A      F7A       FC        C       0
                text1                              11D2     11D2       A4        C       0
                text0                                C6       C6      4A4        C       0
                cstackCOMRAM                          1        1       2F        1       1
                cstackBANK0                          60       60       34       60       1
                cstackBANK1                         182      182       6F      100       1
                bssBANK2                            200      200       6C      200       1
                bssBANK1                            100      100       82      100       1
                dataBANK0                            94       94       21       60       1
                bssBANK0                             B5       B5       20       60       1
                dataCOMRAM                           50       50        6        1       1
                bssCOMRAM                            30       30       20        1       1
                cinit                              149A     149A       7A        C       0
                nvBANK0                              D5       D5        2       60       1
                nvCOMRAM                             56       56        2        1       1
                idataBANK0                         1CA4     1CA4       21        C       0
                idataCOMRAM                        1D9C     1D9C        6      E63       0

TOTAL           Name                               Link     Load   Length     Space
        CLASS   STACK          

        CLASS   CODE           
                end_init                             C2       C2        4         0
                intcodelo                            18       18       AA         0
                intcode                               8        8        C         0
                reset_vec                             0        0        4         0
                text53                             187C     187C       5E         0
                text52                              E76      E76      104         0
                text51                             1B74     1B74       36         0
                text50                              56A      56A      34E         0
                text49                             1D7E     1D7E       12         0
                text48                             1B3E     1B3E       36         0
                intcode_body                       1396     1396       84         0
                text46                             1D6C     1D6C       12         0
                text45                             1D5A     1D5A       12         0
                text44                             1BAA     1BAA       34         0
                text43                             1CC6     1CC6       1E         0
                text42                             1CFA     1CFA       16         0
                text41                             19E8     19E8       40         0
                text40                             1128     1128       AA         0
                text39                             1C5A     1C5A       26         0
                text38                              8B8      8B8      24E         0
                text37                             1C34     1C34       26         0
                text36                             1BDE     1BDE       2C         0
                text35                             1D10     1D10       14         0
                text34                             17BE     17BE       60         0
                text32                             141A     141A       80         0
                text31                             1C0A     1C0A       2A         0
                text30                             181E     181E       5E         0
                text29                              C3C      C3C      136         0
                text28                             19A6     19A6       42         0
                text27                             1964     1964       42         0
                text26                              D72      D72      104         0
                text25                             1B08     1B08       36         0
                text24                              B06      B06      136         0
                text23                             1CE4     1CE4       16         0
                text22                             1AD2     1AD2       36         0
                text21                             1D48     1D48       12         0
                text20                             18DA     18DA       46         0
                text19                             1920     1920       44         0
                text18                             1076     1076       B2         0
                text17                             1D90     1D90        C         0
                text16                             1C80     1C80       24         0
                text15                             1276     1276       96         0
                text14                             1754     1754       6A         0
                text13                             1514     1514       7A         0
                text12                             1672     1672       72         0
                text11                             1D36     1D36       12         0
                text10                             1D24     1D24       12         0
                text9                              1A28     1A28       3E         0
                text8                              1A9C     1A9C       36         0
                text7                              130C     130C       8A         0
                text6                              1600     1600       72         0
                text5                              158E     158E       72         0
                text4                              1A66     1A66       36         0
                text3                              16E4     16E4       70         0
                text2                               F7A      F7A       FC         0
                text1                              11D2     11D2       A4         0
                text0                                C6       C6      4A4         0
                cinit                              149A     149A       7A         0
                idataBANK0                         1CA4     1CA4       21         0
                idataCOMRAM                        1D9C     1D9C        6         0

        CLASS   CONST          

        CLASS   SMALLCONST     

        CLASS   MEDIUMCONST    

        CLASS   COMRAM         
                cstackCOMRAM                          1        1       2F         1
                dataCOMRAM                           50       50        6         1
                bssCOMRAM                            30       30       20         1
                nvCOMRAM                             56       56        2         1

        CLASS   ABS1           

        CLASS   BIGRAM         

        CLASS   RAM            

        CLASS   BANK0          
                cstackBANK0                          60       60       34         1
                dataBANK0                            94       94       21         1
                bssBANK0                             B5       B5       20         1
                nvBANK0                              D5       D5        2         1

        CLASS   BANK1          
                cstackBANK1                         182      182       6F         1
                bssBANK1                            100      100       82         1

        CLASS   BANK2          
                bssBANK2                            200      200       6C         1

        CLASS   BANK3          

        CLASS   BANK4          

        CLASS   BANK5          

        CLASS   BANK6          

        CLASS   BANK7          

        CLASS   BANK8          

        CLASS   BANK9          

        CLASS   BANK10         

        CLASS   BANK11         

        CLASS   BANK12         

        CLASS   BANK13         

        CLASS   BANK14         

        CLASS   SFR            

        CLASS   FARRAM         

        CLASS   CONFIG         
                config                             FFF8     FFF8        8         0

        CLASS   IDLOC          



SEGMENTS        Name                           Load    Length   Top    Selector   Space  Class

                reset_vec                      000000  000004  000004         0       0  CODE    
                cstackCOMRAM                   000001  000057  000058         1       1  COMRAM  
                intcode                        000008  00000C  000014         4       0  CODE    
                intcodelo                      000018  001CAD  001CC5         C       0  CODE    
                cstackBANK0                    000060  000077  0000D7        60       1  BANK0   
                bssBANK1                       000100  0000F1  0001F1       100       1  BANK1   
                bssBANK2                       000200  00006C  00026C       200       1  BANK2   
                text43                         001CC6  0000DC  001DA2       E63       0  CODE    
                config                         00FFF8  000008  010000      FFF8       0  CONFIG  


UNUSED ADDRESS RANGES

        Name                Unused          Largest block    Delta
        BANK0            000D7-000FF              29
        BANK1            001F1-001FF               F
        BANK10           00A00-00AFF             100
        BANK11           00B00-00BFF             100
        BANK12           00C00-00CFF             100
        BANK13           00D00-00DFF             100
        BANK14           00E00-00EBF              C0
        BANK2            0026C-002FF              94
        BANK3            00300-003FF             100
        BANK4            00400-004FF             100
        BANK5            00500-005FF             100
        BANK6            00600-006FF             100
        BANK7            00700-007FF             100
        BANK8            00800-008FF             100
        BANK9            00900-009FF             100
        BIGRAM           00058-0005F               8
                         000D7-000FF              29
                         001F1-001FF               F
                         0026C-00EBF             C54
        CODE             00004-00007               4
                         00014-00017               4
                         01CC5-01CC5               1
                         01DA2-0FFF7            E256
        COMRAM           00058-0005F               8
        CONST            00004-00007               4
                         00014-00017               4
                         01CC5-01CC5               1
                         01DA2-0FFF7            E256
        MEDIUMCONST      01CC5-01CC5               1
                         01DA2-0FFF7            E256
        RAM              000D7-000FF              29
                         001F1-001FF               F
                         0026C-00EBF             100
        SFR              00EC0-00FFF              60
        SMALLCONST       01CC5-01CC5               1
                         01DA2-0FFF7             100
        STACK            0026C-009FF             794

                                  Symbol Table

?_ReadTimer1                    cstackCOMRAM  00001
?___awdiv                       cstackBANK0   00089
?___lwmod                       cstackBANK0   00089
?_in_high_int                   cstackBANK0   00089
?_in_low_int                    cstackBANK0   0008B
?_in_main                       cstackBANK0   0008D
Delay1KTCYx@unit                cstackBANK0   00089
FromMainHigh_sendmsg@data       cstackBANK1   0018E
FromMainHigh_sendmsg@length     cstackBANK1   00190
FromMainHigh_sendmsg@msgtype    cstackBANK1   0018D
Open1USART@config               cstackBANK0   0008E
Open1USART@spbrg                cstackBANK0   00089
OpenTimer0@config               cstackBANK0   00089
Read1USART@data                 cstackCOMRAM  00001
ReadTimer1@timer                cstackCOMRAM  00003
ToMainHigh_recvmsg@data         cstackBANK1   00192
ToMainHigh_recvmsg@maxlength    cstackBANK0   00093
ToMainHigh_recvmsg@msgtype      cstackBANK1   00190
ToMainHigh_sendmsg@data         cstackBANK1   0018E
ToMainHigh_sendmsg@length       cstackBANK1   00190
ToMainHigh_sendmsg@msgtype      cstackBANK1   0018D
ToMainLow_recvmsg@data          cstackBANK1   00192
ToMainLow_recvmsg@maxlength     cstackBANK0   00093
ToMainLow_recvmsg@msgtype       cstackBANK1   00190
ToMainLow_sendmsg@data          cstackBANK1   0018E
ToMainLow_sendmsg@length        cstackBANK1   00190
ToMainLow_sendmsg@msgtype       cstackBANK1   0018D
Write1USART@data                cstackCOMRAM  00001
WriteTimer0@timer               cstackBANK0   00062
WriteTimer0@timer0              cstackBANK0   00060
WriteTimer1@timer               cstackCOMRAM  00003
WriteTimer1@timer1              cstackCOMRAM  00001
_ADCON0                         (abs)         00FC2
_ADCON0bits                     (abs)         00FC2
_ADCON1                         (abs)         00FC1
_ANCON0                         (abs)         00F48
_ANCON1                         (abs)         00F49
_Delay1KTCYx                    text23        01CE4
_FromMainHigh_MQ                bssBANK2      00200
_FromMainHigh_sendmsg           text8         01A9C
_FromMainLow_MQ                 bssBANK2      00236
_I2C_Recv                       bssBANK1      00100
_I2C_Send                       dataBANK0     00094
_INTCON2bits                    (abs)         00FF1
_INTCONbits                     (abs)         00FF2
_IPR1bits                       (abs)         00F9F
_InterruptHandlerHigh           intcode       00008
_InterruptHandlerLow            intcodelo     00018
_LATB                           (abs)         00F8A
_LATBbits                       (abs)         00F8A
_LATDbits                       (abs)         00F8C
_MQ_Main_Willing_to_block       bssBANK0      000C7
_OSCCON                         (abs)         00FD3
_OSCCONbits                     (abs)         00FD3
_OSCTUNEbits                    (abs)         00F9B
_Open1USART                     text32        0141A
_OpenTimer0                     text31        01C0A
_PIE1bits                       (abs)         00F9D
_PIR1bits                       (abs)         00F9E
_PORTBbits                      (abs)         00F81
_RCONbits                       (abs)         00FD0
_RCREG1                         (abs)         00FAF
_RCSTA1                         (abs)         00FAC
_RCSTA1bits                     (abs)         00FAC
_RCSTAbits                      (abs)         00FAC
_Read1USART                     text43        01CC6
_ReadTimer1                     text46        01D6C
_SCL1                           (abs)         07C0C
_SDA1                           (abs)         07C0D
_SPBRG1                         (abs)         00FB0
_SPBRGH1                        (abs)         00F7F
_SSP1ADD                        (abs)         00FC8
_SSP1CON1                       (abs)         00FC6
_SSP1CON1bits                   (abs)         00FC6
_SSP1CON2                       (abs)         00FC5
_SSP1CON2bits                   (abs)         00FC5
_SSP1STATbits                   (abs)         00FC7
_SSPADD                         (abs)         00FC8
_SSPBUF                         (abs)         00FC9
_SSPCON1                        (abs)         00FC6
_SSPCON1bits                    (abs)         00FC6
_SSPCON2                        (abs)         00FC5
_SSPCON2bits                    (abs)         00FC5
_SSPSTAT                        (abs)         00FC7
_SSPSTATbits                    (abs)         00FC7
_T0CON                          (abs)         00FD5
_T0CONbits                      (abs)         00FD5
_TMR0H                          (abs)         00FD7
_TMR0L                          (abs)         00FD6
_TMR1H                          (abs)         00FCF
_TMR1L                          (abs)         00FCE
_TRISB                          (abs)         00F93
_TRISBbits                      (abs)         00F93
_TRISDbits                      (abs)         00F95
_TXREG1                         (abs)         00FAE
_TXSTA1                         (abs)         00FAD
_TXSTA1bits                     (abs)         00FAD
_ToMainHigh_MQ                  bssBANK1      00116
_ToMainHigh_recvmsg             text28        019A6
_ToMainHigh_sendmsg             text4         01A66
_ToMainLow_MQ                   bssBANK1      0014C
_ToMainLow_recvmsg              text27        01964
_ToMainLow_sendmsg              text25        01B08
_USART1_Status                  bssCOMRAM     0003C
_Write1USART                    text35        01D10
_WriteTimer0                    text49        01D7E
_WriteTimer1                    text45        01D5A
__CFG_CP0$OFF                   (abs)         00000
__CFG_CPUDIV$OSC1               (abs)         00000
__CFG_DSBOREN$OFF               (abs)         00000
__CFG_DSWDTEN$OFF               (abs)         00000
__CFG_DSWDTOSC$T1OSCREF         (abs)         00000
__CFG_DSWDTPS$G2                (abs)         00000
__CFG_FCMEN$OFF                 (abs)         00000
__CFG_IESO$ON                   (abs)         00000
__CFG_IOL1WAY$ON                (abs)         00000
__CFG_LPT1OSC$OFF               (abs)         00000
__CFG_MSSP7B_EN$MSK7            (abs)         00000
__CFG_OSC$HSPLL                 (abs)         00000
__CFG_PLLDIV$3                  (abs)         00000
__CFG_RTCOSC$T1OSCREF           (abs)         00000
__CFG_STVREN$OFF                (abs)         00000
__CFG_T1DIG$OFF                 (abs)         00000
__CFG_WDTEN$OFF                 (abs)         00000
__CFG_WDTPS$32768               (abs)         00000
__CFG_WPCFG$OFF                 (abs)         00000
__CFG_WPDIS$OFF                 (abs)         00000
__CFG_WPEND$PAGE_WPFP           (abs)         00000
__CFG_WPFP$PAGE_63              (abs)         00000
__CFG_XINST$OFF                 (abs)         00000
__HRAM                          (abs)         00000
__Habs1                         abs1          00000
__Hbank0                        bank0         00000
__Hbank1                        bank1         00000
__Hbank10                       bank10        00000
__Hbank11                       bank11        00000
__Hbank12                       bank12        00000
__Hbank13                       bank13        00000
__Hbank14                       bank14        00000
__Hbank2                        bank2         00000
__Hbank3                        bank3         00000
__Hbank4                        bank4         00000
__Hbank5                        bank5         00000
__Hbank6                        bank6         00000
__Hbank7                        bank7         00000
__Hbank8                        bank8         00000
__Hbank9                        bank9         00000
__Hbigbss                       bigbss        00000
__Hbigdata                      bigdata       00000
__Hbigram                       bigram        00000
__Hbss                          bss           00000
__HbssBANK0                     bssBANK0      00000
__HbssBANK1                     bssBANK1      00000
__HbssBANK2                     bssBANK2      00000
__HbssCOMRAM                    bssCOMRAM     00000
__Hcinit                        cinit         00000
__Hclrtext                      clrtext       00000
__Hcomram                       comram        00000
__Hconfig                       config        10000
__Hconst                        const         00000
__HcstackBANK0                  cstackBANK0   00000
__HcstackBANK1                  cstackBANK1   00000
__HcstackCOMRAM                 cstackCOMRAM  00000
__Hdata                         data          00000
__HdataBANK0                    dataBANK0     00000
__HdataCOMRAM                   dataCOMRAM    00000
__Hend_init                     end_init      000C6
__Hfarbss                       farbss        00000
__Hfardata                      fardata       00000
__Hibigdata                     ibigdata      00000
__Hidata                        idata         00000
__HidataBANK0                   idataBANK0    00000
__HidataCOMRAM                  idataCOMRAM   00000
__Hidloc                        idloc         00000
__Hifardata                     ifardata      00000
__Hinit                         init          000C2
__Hintcode                      intcode       00014
__Hintcode_body                 intcode_body  00000
__Hintcodelo                    intcodelo     000C2
__Hintentry                     intentry      00000
__Hintret                       intret        00000
__Hintsave_regs                 intsave_regs  00000
__Hirdata                       irdata        00000
__Hjflash_buffer                jflash_buffer 0F800
__Hmediumconst                  mediumconst   00000
__HnvBANK0                      nvBANK0       00000
__HnvCOMRAM                     nvCOMRAM      00000
__HnvFARRAM                     nvFARRAM      00000
__Hnvbit                        nvbit         00000
__Hnvrram                       nvrram        00000
__Hparam                        param0        00000
__Hparam0                       param0        00000
__Hpowerup                      powerup       000C2
__Hram                          ram           00000
__Hramtop                       ramtop        00F00
__Hrbit                         rbit          00000
__Hrbss                         rbss          00000
__Hrdata                        rdata         00000
__Hreset_vec                    reset_vec     00004
__Hsfr                          sfr           00000
__Hsmallconst                   smallconst    00000
__Hstack                        stack         00000
__Hstruct                       struct        00000
__Htemp                         temp          00000
__Htext                         text          00000
__Htext0                        text0         00000
__Htext1                        text1         00000
__Htext10                       text10        00000
__Htext11                       text11        00000
__Htext12                       text12        00000
__Htext13                       text13        00000
__Htext14                       text14        00000
__Htext15                       text15        00000
__Htext16                       text16        00000
__Htext17                       text17        00000
__Htext18                       text18        00000
__Htext19                       text19        00000
__Htext2                        text2         00000
__Htext20                       text20        00000
__Htext21                       text21        00000
__Htext22                       text22        00000
__Htext23                       text23        00000
__Htext24                       text24        00000
__Htext25                       text25        00000
__Htext26                       text26        00000
__Htext27                       text27        00000
__Htext28                       text28        00000
__Htext29                       text29        00000
__Htext3                        text3         00000
__Htext30                       text30        00000
__Htext31                       text31        00000
__Htext32                       text32        00000
__Htext34                       text34        00000
__Htext35                       text35        00000
__Htext36                       text36        00000
__Htext37                       text37        00000
__Htext38                       text38        00000
__Htext39                       text39        00000
__Htext4                        text4         00000
__Htext40                       text40        00000
__Htext41                       text41        00000
__Htext42                       text42        00000
__Htext43                       text43        00000
__Htext44                       text44        00000
__Htext45                       text45        00000
__Htext46                       text46        00000
__Htext48                       text48        00000
__Htext49                       text49        00000
__Htext5                        text5         00000
__Htext50                       text50        00000
__Htext51                       text51        00000
__Htext52                       text52        00000
__Htext53                       text53        00000
__Htext6                        text6         00000
__Htext7                        text7         00000
__Htext8                        text8         00000
__Htext9                        text9         00000
__LRAM                          (abs)         00001
__Labs1                         abs1          00000
__Lbank0                        bank0         00000
__Lbank1                        bank1         00000
__Lbank10                       bank10        00000
__Lbank11                       bank11        00000
__Lbank12                       bank12        00000
__Lbank13                       bank13        00000
__Lbank14                       bank14        00000
__Lbank2                        bank2         00000
__Lbank3                        bank3         00000
__Lbank4                        bank4         00000
__Lbank5                        bank5         00000
__Lbank6                        bank6         00000
__Lbank7                        bank7         00000
__Lbank8                        bank8         00000
__Lbank9                        bank9         00000
__Lbigbss                       bigbss        00000
__Lbigdata                      bigdata       00000
__Lbigram                       bigram        00000
__Lbss                          bss           00000
__LbssBANK0                     bssBANK0      00000
__LbssBANK1                     bssBANK1      00000
__LbssBANK2                     bssBANK2      00000
__LbssCOMRAM                    bssCOMRAM     00000
__Lcinit                        cinit         00000
__Lclrtext                      clrtext       00000
__Lcomram                       comram        00000
__Lconfig                       config        0FFF8
__Lconst                        const         00000
__LcstackBANK0                  cstackBANK0   00000
__LcstackBANK1                  cstackBANK1   00000
__LcstackCOMRAM                 cstackCOMRAM  00000
__Ldata                         data          00000
__LdataBANK0                    dataBANK0     00000
__LdataCOMRAM                   dataCOMRAM    00000
__Lend_init                     end_init      000C2
__Lfarbss                       farbss        00000
__Lfardata                      fardata       00000
__Libigdata                     ibigdata      00000
__Lidata                        idata         00000
__LidataBANK0                   idataBANK0    00000
__LidataCOMRAM                  idataCOMRAM   00000
__Lidloc                        idloc         00000
__Lifardata                     ifardata      00000
__Linit                         init          000C2
__Lintcode                      intcode       00008
__Lintcode_body                 intcode_body  00000
__Lintcodelo                    intcodelo     00018
__Lintentry                     intentry      00000
__Lintret                       intret        00000
__Lintsave_regs                 intsave_regs  00000
__Lirdata                       irdata        00000
__Ljflash_buffer                jflash_buffer 0F800
__Lmediumconst                  mediumconst   00000
__LnvBANK0                      nvBANK0       00000
__LnvCOMRAM                     nvCOMRAM      00000
__LnvFARRAM                     nvFARRAM      00000
__Lnvbit                        nvbit         00000
__Lnvrram                       nvrram        00000
__Lparam                        param0        00000
__Lparam0                       param0        00000
__Lpowerup                      powerup       000C2
__Lram                          ram           00000
__Lramtop                       ramtop        00F00
__Lrbit                         rbit          00000
__Lrbss                         rbss          00000
__Lrdata                        rdata         00000
__Lreset_vec                    reset_vec     00000
__Lsfr                          sfr           00000
__Lsmallconst                   smallconst    00000
__Lstack                        stack         00000
__Lstruct                       struct        00000
__Ltemp                         temp          00000
__Ltext                         text          00000
__Ltext0                        text0         00000
__Ltext1                        text1         00000
__Ltext10                       text10        00000
__Ltext11                       text11        00000
__Ltext12                       text12        00000
__Ltext13                       text13        00000
__Ltext14                       text14        00000
__Ltext15                       text15        00000
__Ltext16                       text16        00000
__Ltext17                       text17        00000
__Ltext18                       text18        00000
__Ltext19                       text19        00000
__Ltext2                        text2         00000
__Ltext20                       text20        00000
__Ltext21                       text21        00000
__Ltext22                       text22        00000
__Ltext23                       text23        00000
__Ltext24                       text24        00000
__Ltext25                       text25        00000
__Ltext26                       text26        00000
__Ltext27                       text27        00000
__Ltext28                       text28        00000
__Ltext29                       text29        00000
__Ltext3                        text3         00000
__Ltext30                       text30        00000
__Ltext31                       text31        00000
__Ltext32                       text32        00000
__Ltext34                       text34        00000
__Ltext35                       text35        00000
__Ltext36                       text36        00000
__Ltext37                       text37        00000
__Ltext38                       text38        00000
__Ltext39                       text39        00000
__Ltext4                        text4         00000
__Ltext40                       text40        00000
__Ltext41                       text41        00000
__Ltext42                       text42        00000
__Ltext43                       text43        00000
__Ltext44                       text44        00000
__Ltext45                       text45        00000
__Ltext46                       text46        00000
__Ltext48                       text48        00000
__Ltext49                       text49        00000
__Ltext5                        text5         00000
__Ltext50                       text50        00000
__Ltext51                       text51        00000
__Ltext52                       text52        00000
__Ltext53                       text53        00000
__Ltext6                        text6         00000
__Ltext7                        text7         00000
__Ltext8                        text8         00000
__Ltext9                        text9         00000
__S0                            (abs)         10000
__S1                            (abs)         0026C
__S2                            (abs)         00000
___awdiv                        text24        00B06
___awdiv@counter                cstackBANK0   0008E
___awdiv@dividend               cstackBANK0   00089
___awdiv@divisor                cstackBANK0   0008B
___awdiv@quotient               cstackBANK0   00090
___awdiv@sign                   cstackBANK0   0008F
___inthi_sp                     stack         00000
___intlo_sp                     stack         00000
___lwmod                        text7         0130C
___lwmod@counter                cstackBANK0   0008E
___lwmod@dividend               cstackBANK0   00089
___lwmod@divisor                cstackBANK0   0008B
___sp                           stack         00000
__accesstop                     (abs)         00060
__activetblptr                  (abs)         00002
__end_of_Delay1KTCYx            text23        01CFA
__end_of_FromMainHigh_sendmsg   text8         01AD2
__end_of_InterruptHandlerHigh   intcode_body  0141A
__end_of_InterruptHandlerLow    intcodelo     000C2
__end_of_Open1USART             text32        0149A
__end_of_OpenTimer0             text31        01C34
__end_of_Read1USART             text43        01CE4
__end_of_ReadTimer1             text46        01D7E
__end_of_ToMainHigh_recvmsg     text28        019E8
__end_of_ToMainHigh_sendmsg     text4         01A9C
__end_of_ToMainLow_recvmsg      text27        019A6
__end_of_ToMainLow_sendmsg      text25        01B3E
__end_of_Write1USART            text35        01D24
__end_of_WriteTimer0            text49        01D90
__end_of_WriteTimer1            text45        01D6C
__end_of___awdiv                text24        00C3C
__end_of___lwmod                text7         01396
__end_of__initialization        cinit         0150A
__end_of_block_on_To_msgqueues  text18        01128
__end_of_check_msg              text22        01B08
__end_of_enable_interrupts      text17        01D9C
__end_of_i2c_configure_master   text16        01CA4
__end_of_i2c_master_busy        text42        01D10
__end_of_i2c_master_handler     text50        008B8
__end_of_i2c_master_recv        text15        0130C
__end_of_in_high_int            text21        01D5A
__end_of_in_low_int             text20        01920
__end_of_in_main                text19        01964
__end_of_init_i2c               text14        017BE
__end_of_init_queue             text13        0158E
__end_of_init_queues            text12        016E4
__end_of_init_timer0_lthread    text11        01D48
__end_of_init_timer1_lthread    text10        01D36
__end_of_init_uart_recv         text9         01A66
__end_of_main                   text0         0056A
__end_of_memcpy                 text30        0187C
__end_of_recv_msg               text29        00D72
__end_of_send_msg               text26        00E76
__end_of_timer0_int_handler     text48        01B74
__end_of_timer0_lthread         text6         01672
__end_of_timer1_int_handler     text44        01BDE
__end_of_timer1_lthread         text5         01600
__end_of_uart_lthread           text3         01754
__end_of_uart_recv_int_handler  text36        01C0A
__end_of_uart_recv_state        text38        00B06
__end_of_uart_send_data         text2         01076
__end_of_uart_send_int_handler  text34        0181E
__end_of_uart_sendthread        text1         01276
__end_ofi1_ToMainHigh_sendmsg   text39        01C80
__end_ofi1_ToMainLow_sendmsg    text37        01C5A
__end_ofi1_memcpy               text41        01A28
__end_ofi1_send_msg             text40        011D2
__end_ofi2_ToMainHigh_sendmsg   text51        01BAA
__end_ofi2_memcpy               text53        018DA
__end_ofi2_send_msg             text52        00F7A
__initialization                cinit         0149A
__mediumconst                   mediumconst   00000
__pbssBANK0                     bssBANK0      000B5
__pbssBANK1                     bssBANK1      00100
__pbssBANK2                     bssBANK2      00200
__pbssCOMRAM                    bssCOMRAM     00030
__pcinit                        cinit         0149A
__pcstackBANK0                  cstackBANK0   00060
__pcstackBANK1                  cstackBANK1   00182
__pcstackCOMRAM                 cstackCOMRAM  00001
__pdataBANK0                    dataBANK0     00094
__pdataCOMRAM                   dataCOMRAM    00050
__pidataBANK0                   idataBANK0    01CA4
__pidataCOMRAM                  idataCOMRAM   01D9C
__pintcode                      intcode       00008
__pintcode_body                 intcode_body  01396
__pintcodelo                    intcodelo     00018
__pnvBANK0                      nvBANK0       000D5
__pnvCOMRAM                     nvCOMRAM      00056
__ptext0                        text0         000C6
__ptext1                        text1         011D2
__ptext10                       text10        01D24
__ptext11                       text11        01D36
__ptext12                       text12        01672
__ptext13                       text13        01514
__ptext14                       text14        01754
__ptext15                       text15        01276
__ptext16                       text16        01C80
__ptext17                       text17        01D90
__ptext18                       text18        01076
__ptext19                       text19        01920
__ptext2                        text2         00F7A
__ptext20                       text20        018DA
__ptext21                       text21        01D48
__ptext22                       text22        01AD2
__ptext23                       text23        01CE4
__ptext24                       text24        00B06
__ptext25                       text25        01B08
__ptext26                       text26        00D72
__ptext27                       text27        01964
__ptext28                       text28        019A6
__ptext29                       text29        00C3C
__ptext3                        text3         016E4
__ptext30                       text30        0181E
__ptext31                       text31        01C0A
__ptext32                       text32        0141A
__ptext34                       text34        017BE
__ptext35                       text35        01D10
__ptext36                       text36        01BDE
__ptext37                       text37        01C34
__ptext38                       text38        008B8
__ptext39                       text39        01C5A
__ptext4                        text4         01A66
__ptext40                       text40        01128
__ptext41                       text41        019E8
__ptext42                       text42        01CFA
__ptext43                       text43        01CC6
__ptext44                       text44        01BAA
__ptext45                       text45        01D5A
__ptext46                       text46        01D6C
__ptext48                       text48        01B3E
__ptext49                       text49        01D7E
__ptext5                        text5         0158E
__ptext50                       text50        0056A
__ptext51                       text51        01B74
__ptext52                       text52        00E76
__ptext53                       text53        0187C
__ptext6                        text6         01600
__ptext7                        text7         0130C
__ptext8                        text8         01A9C
__ptext9                        text9         01A28
__ramtop                        ramtop        00F00
__size_of_Delay1KTCYx           (abs)         00000
__size_of_FromMainHigh_sendmsg  (abs)         00000
__size_of_InterruptHandlerHigh  (abs)         00000
__size_of_InterruptHandlerLow   (abs)         00000
__size_of_Open1USART            (abs)         00000
__size_of_OpenTimer0            (abs)         00000
__size_of_Read1USART            (abs)         00000
__size_of_ReadTimer1            (abs)         00000
__size_of_ToMainHigh_recvmsg    (abs)         00000
__size_of_ToMainHigh_sendmsg    (abs)         00000
__size_of_ToMainLow_recvmsg     (abs)         00000
__size_of_ToMainLow_sendmsg     (abs)         00000
__size_of_Write1USART           (abs)         00000
__size_of_WriteTimer0           (abs)         00000
__size_of_WriteTimer1           (abs)         00000
__size_of___awdiv               (abs)         00000
__size_of___lwmod               (abs)         00000
__size_of_block_on_To_msgqueues (abs)         00000
__size_of_check_msg             (abs)         00000
__size_of_enable_interrupts     (abs)         00000
__size_of_i2c_configure_master  (abs)         00000
__size_of_i2c_master_busy       (abs)         00000
__size_of_i2c_master_handler    (abs)         00000
__size_of_i2c_master_recv       (abs)         00000
__size_of_in_high_int           (abs)         00000
__size_of_in_low_int            (abs)         00000
__size_of_in_main               (abs)         00000
__size_of_init_i2c              (abs)         00000
__size_of_init_queue            (abs)         00000
__size_of_init_queues           (abs)         00000
__size_of_init_timer0_lthread   (abs)         00000
__size_of_init_timer1_lthread   (abs)         00000
__size_of_init_uart_recv        (abs)         00000
__size_of_main                  (abs)         00000
__size_of_memcpy                (abs)         00000
__size_of_recv_msg              (abs)         00000
__size_of_send_msg              (abs)         00000
__size_of_timer0_int_handler    (abs)         00000
__size_of_timer0_lthread        (abs)         00000
__size_of_timer1_int_handler    (abs)         00000
__size_of_timer1_lthread        (abs)         00000
__size_of_uart_lthread          (abs)         00000
__size_of_uart_recv_int_handler (abs)         00000
__size_of_uart_recv_state       (abs)         00000
__size_of_uart_send_data        (abs)         00000
__size_of_uart_send_int_handler (abs)         00000
__size_of_uart_sendthread       (abs)         00000
__size_ofi1_ToMainHigh_sendmsg  (abs)         00000
__size_ofi1_ToMainLow_sendmsg   (abs)         00000
__size_ofi1_memcpy              (abs)         00000
__size_ofi1_send_msg            (abs)         00000
__size_ofi2_ToMainHigh_sendmsg  (abs)         00000
__size_ofi2_memcpy              (abs)         00000
__size_ofi2_send_msg            (abs)         00000
__smallconst                    smallconst    00000
_add1                           bssCOMRAM     0003D
_back                           dataBANK0     000A9
_block_on_To_msgqueues          text18        01076
_check_msg                      text22        01AD2
_data                           bssCOMRAM     0003E
_enable_interrupts              text17        01D90
_forwardFull                    dataCOMRAM    00050
_forwardHalf                    dataBANK0     000AB
_forwardSlow                    dataBANK0     000AD
_i                              bssBANK0      000BF
_i2cMstrMsgState                bssBANK1      00115
_i2c_configure_master           text16        01C80
_i2c_master_busy                text42        01CFA
_i2c_master_handler             text50        0056A
_i2c_master_recv                text15        01276
_i2c_q                          bssCOMRAM     00030
_ic_ptr                         nvBANK0       000D5
_in_high_int                    text21        01D48
_in_low_int                     text20        018DA
_in_main                        text19        01920
_init_i2c                       text14        01754
_init_queue                     text13        01514
_init_queues                    text12        01672
_init_timer0_lthread            text11        01D36
_init_timer1_lthread            text10        01D24
_init_uart_recv                 text9         01A28
_left                           dataBANK0     000AF
_left2                          dataBANK0     000B3
_length                         bssCOMRAM     0003F
_main                           text0         000C6
_memcpy                         text30        0181E
_mode                           bssBANK0      000C8
_motorArrayLeft                 bssCOMRAM     00046
_motorArrayRight                bssBANK0      000CA
_motorSend                      bssBANK0      000B5
_motor_index                    dataCOMRAM    00052
_motor_state                    bssBANK0      000C9
_motor_value                    bssCOMRAM     00032
_recv_msg                       text29        00C3C
_right                          dataBANK0     000B1
_right2                         dataBANK0     000B4
_semaphore                      bssCOMRAM     00034
_send_msg                       text26        00D72
_sensor_count                   bssCOMRAM     00036
_sensor_value                   dataCOMRAM    00054
_slave_address                  bssCOMRAM     00040
_slew                           bssCOMRAM     00041
_status                         bssCOMRAM     00042
_stop                           bssBANK0      000D4
_sync_mode                      bssCOMRAM     00043
_ticks_left                     bssCOMRAM     00038
_ticks_left_C                   bssBANK0      000C1
_ticks_right                    bssCOMRAM     0003A
_ticks_right_C                  bssBANK0      000C3
_timer0_int_handler             text48        01B3E
_timer0_lthread                 text6         01600
_timer1_int_handler             text44        01BAA
_timer1_lthread                 text5         0158E
_timer2_extender                bssCOMRAM     00044
_uart_lthread                   text3         016E4
_uart_recv_int_handler          text36        01BDE
_uart_recv_state                text38        008B8
_uart_send_data                 text2         00F7A
_uart_send_int_handler          text34        017BE
_uart_sendthread                text1         011D2
_uc_ptr                         nvCOMRAM      00056
_w                              bssCOMRAM     00045
check_msg@qptr                  cstackBANK0   00089
end_of_initialization           cinit         0150A
i1ToMainHigh_sendmsg@data       cstackCOMRAM  00018
i1ToMainHigh_sendmsg@length     cstackCOMRAM  0001A
i1ToMainHigh_sendmsg@msgtype    cstackCOMRAM  00017
i1ToMainLow_sendmsg@data        cstackCOMRAM  00018
i1ToMainLow_sendmsg@length      cstackCOMRAM  0001A
i1ToMainLow_sendmsg@msgtype     cstackCOMRAM  00017
i1_ToMainHigh_sendmsg           text39        01C5A
i1_ToMainLow_sendmsg            text37        01C34
i1_memcpy                       text41        019E8
i1_send_msg                     text40        01128
i1memcpy@d                      cstackCOMRAM  00007
i1memcpy@d1                     cstackCOMRAM  00001
i1memcpy@n                      cstackCOMRAM  00005
i1memcpy@s                      cstackCOMRAM  00009
i1memcpy@s1                     cstackCOMRAM  00003
i1send_msg@data                 cstackCOMRAM  0000F
i1send_msg@length               cstackCOMRAM  0000D
i1send_msg@msgtype              cstackCOMRAM  0000E
i1send_msg@qmsg                 cstackCOMRAM  00015
i1send_msg@qptr                 cstackCOMRAM  0000B
i1send_msg@slot                 cstackCOMRAM  00014
i1send_msg@tlength              cstackCOMRAM  00012
i2ToMainHigh_sendmsg@data       cstackBANK0   00077
i2ToMainHigh_sendmsg@length     cstackBANK0   00079
i2ToMainHigh_sendmsg@msgtype    cstackBANK0   00076
i2_ToMainHigh_sendmsg           text51        01B74
i2_memcpy                       text53        0187C
i2_send_msg                     text52        00E76
i2c_master_recv@data            cstackBANK0   00089
i2c_master_recv@length          cstackBANK0   0008C
i2c_master_recv@slave_address   cstackBANK0   0008A
i2memcpy@d                      cstackBANK0   00066
i2memcpy@d1                     cstackBANK0   00060
i2memcpy@n                      cstackBANK0   00064
i2memcpy@s                      cstackBANK0   00068
i2memcpy@s1                     cstackBANK0   00062
i2send_msg@data                 cstackBANK0   0006E
i2send_msg@length               cstackBANK0   0006C
i2send_msg@msgtype              cstackBANK0   0006D
i2send_msg@qmsg                 cstackBANK0   00074
i2send_msg@qptr                 cstackBANK0   0006A
i2send_msg@slot                 cstackBANK0   00073
i2send_msg@tlength              cstackBANK0   00071
init_i2c@ic                     cstackBANK0   00089
init_queue@i                    cstackBANK0   0008C
init_queue@qptr                 cstackBANK0   00089
init_timer0_lthread@tptr        cstackBANK0   00089
init_timer1_lthread@tptr        cstackBANK0   00089
init_uart_recv@uc               cstackBANK0   00089
int_func                        intcode_body  01396
intlevel0                       text          00000
intlevel1                       text          00000
intlevel2                       text          00000
intlevel3                       text          00000
main@average                    cstackBANK1   001A1
main@i                          cstackBANK1   001AF
main@ic                         cstackBANK1   001D5
main@last_reg_recvd             cstackBANK1   0019D
main@length                     cstackBANK1   001B8
main@length_1649                cstackBANK1   001B1
main@movingtest                 cstackBANK1   001AE
main@msgCount                   cstackBANK1   001A0
main@msgbuffer                  cstackBANK1   001A3
main@msgtype                    cstackBANK1   001B7
main@t0thread_data              cstackBANK1   001B5
main@t1thread_data              cstackBANK1   001B3
main@uc                         cstackBANK1   001B9
main@uthread_data               cstackBANK1   0019E
memcpy@d                        cstackBANK0   0008F
memcpy@d1                       cstackBANK0   00089
memcpy@n                        cstackBANK0   0008D
memcpy@s                        cstackBANK0   00091
memcpy@s1                       cstackBANK0   0008B
my_i2c_master@ic_ptr            bssBANK0      000C5
recv_msg@data                   cstackBANK1   00187
recv_msg@maxlength              cstackBANK1   00184
recv_msg@msgtype                cstackBANK1   00185
recv_msg@qmsg                   cstackBANK1   0018E
recv_msg@qptr                   cstackBANK1   00182
recv_msg@slot                   cstackBANK1   0018B
recv_msg@tlength                cstackBANK1   0018C
send_msg@data                   cstackBANK1   00186
send_msg@length                 cstackBANK1   00184
send_msg@msgtype                cstackBANK1   00185
send_msg@qmsg                   cstackBANK1   0018B
send_msg@qptr                   cstackBANK1   00182
send_msg@slot                   cstackBANK1   0018A
send_msg@tlength                cstackBANK1   00188
stackhi                         (abs)         009FF
stacklo                         (abs)         0026C
start                           init          000C2
start_initialization            cinit         0149A
timer0_lthread@length           cstackBANK1   00195
timer0_lthread@msgbuffer        cstackBANK1   00197
timer0_lthread@msgtype          cstackBANK1   00193
timer0_lthread@retval           cstackBANK1   0019A
timer0_lthread@tptr             cstackBANK1   00191
timer1_int_handler@result       cstackCOMRAM  00006
timer1_lthread@length           cstackBANK1   00195
timer1_lthread@msgbuffer        cstackBANK1   00197
timer1_lthread@msgtype          cstackBANK1   00193
timer1_lthread@retval           cstackBANK1   0019A
timer1_lthread@tptr             cstackBANK1   00191
uart_lthread@length             cstackBANK1   00195
uart_lthread@msgbuffer          cstackBANK1   00197
uart_lthread@msgtype            cstackBANK1   00193
uart_lthread@uptr               cstackBANK1   00191
uart_recv_state@byte            cstackCOMRAM  0001D
uart_send_data@data             cstackBANK0   00089
uart_send_data@i                cstackBANK0   0008F
uart_send_data@size             cstackBANK0   0008B
uart_sendthread@buf             cstackBANK1   00187
uart_sendthread@count           cstackBANK1   00186
uart_sendthread@i               cstackBANK1   00192
uart_sendthread@length          cstackBANK1   00182
uart_sendthread@msgbuffer       cstackBANK1   00184


FUNCTION INFORMATION:

 *************** function _main *****************
 Defined at:
		line 192 in file "../src/main.c"
 Parameters:    Size  Location     Type
		None
 Auto vars:     Size  Location     Type
  i               2   45[BANK1 ] int 
  average         2   31[BANK1 ] int 
  length          2   47[BANK1 ] int 
  ic             28   83[BANK1 ] struct __i2c_comm
  uc             28   55[BANK1 ] struct __uart_comm
  msgbuffer      11   33[BANK1 ] unsigned char [11]
  t0thread_dat    2   51[BANK1 ] struct __timer0_thread_s
  t1thread_dat    2   49[BANK1 ] struct __timer1_thread_s
  uthread_data    2   28[BANK1 ] struct __uart_thread_str
  length          1   54[BANK1 ] char 
  msgtype         1   53[BANK1 ] unsigned char 
  movingtest      1   44[BANK1 ] unsigned char 
  msgCount        1   30[BANK1 ] unsigned char 
  last_reg_rec    1   27[BANK1 ] unsigned char 
 Return value:  Size  Location     Type
		None               void
 Registers used:
		wreg, fsr0l, fsr0h, fsr1l, fsr1h, fsr1l, fsr1h, fsr2l, fsr2h, status,2, status,0, pclat, btemp, btemp+1, btemp+2, btemp+3, btemp+4, btemp+5, btemp+6, btemp+7, btemp+8, btemp+9, btemp+10, btemp+11, tosl, structret, tblptrl, tblptrh, tblptru, prodl, prodh, bsr, cstack
 Tracked objects:
		On entry : 
		On exit  : 
		Unchanged: 
 Data sizes:     COMRAM   BANK0   BANK1   BANK2   BANK3   BANK4   BANK5   BANK6   BANK7   BANK8   BANK9  BANK10  BANK11  BANK12  BANK13  BANK14
      Params:         0       0       0       0       0       0       0       0       0       0       0       0       0       0       0       0
      Locals:         0       0      84       0       0       0       0       0       0       0       0       0       0       0       0       0
      Temps:          0       0       2       0       0       0       0       0       0       0       0       0       0       0       0       0
      Totals:         0       0      86       0       0       0       0       0       0       0       0       0       0       0       0       0
Total ram usage:       86 bytes
 Hardware stack levels required when called:   15
 This function calls:
		_Open1USART
		_OpenTimer0
		_ToMainHigh_recvmsg
		_ToMainLow_recvmsg
		_ToMainLow_sendmsg
		___awdiv
		_block_on_To_msgqueues
		_enable_interrupts
		_i2c_configure_master
		_i2c_master_recv
		_init_i2c
		_init_queues
		_init_timer0_lthread
		_init_timer1_lthread
		_init_uart_recv
		_timer0_lthread
		_timer1_lthread
		_uart_lthread
		_uart_sendthread
 This function is called by:
		Startup code after reset
 This function uses a non-reentrant model


 *************** function _uart_sendthread *****************
 Defined at:
		line 39 in file "../src/uart_thread.c"
 Parameters:    Size  Location     Type
  length          2    0[BANK1 ] int 
  msgbuffer       2    2[BANK1 ] PTR unsigned char 
		 -> main@msgbuffer(11), 
  count           1    4[BANK1 ] unsigned char 
 Auto vars:     Size  Location     Type
  buf            11    5[BANK1 ] unsigned char [11]
  i               2   16[BANK1 ] int 
 Return value:  Size  Location     Type
                  2    0[BANK1 ] int 
 Registers used:
		wreg, fsr1l, fsr1h, fsr2l, fsr2h, status,2, status,0, cstack
 Tracked objects:
		On entry : 
		On exit  : 
		Unchanged: 
 Data sizes:     COMRAM   BANK0   BANK1   BANK2   BANK3   BANK4   BANK5   BANK6   BANK7   BANK8   BANK9  BANK10  BANK11  BANK12  BANK13  BANK14
      Params:         0       0       5       0       0       0       0       0       0       0       0       0       0       0       0       0
      Locals:         0       0      13       0       0       0       0       0       0       0       0       0       0       0       0       0
      Temps:          0       2       0       0       0       0       0       0       0       0       0       0       0       0       0       0
      Totals:         0       2      18       0       0       0       0       0       0       0       0       0       0       0       0       0
Total ram usage:       20 bytes
 Hardware stack levels used:    1
 Hardware stack levels required when called:   12
 This function calls:
		_uart_send_data
 This function is called by:
		_main
 This function uses a non-reentrant model


 *************** function _uart_send_data *****************
 Defined at:
		line 171 in file "../src/my_uart.c"
 Parameters:    Size  Location     Type
  data            2   41[BANK0 ] PTR unsigned char 
		 -> right2(1), left2(1), back(2), right(2), 
		 -> forwardHalf(2), left(2), stop(1), forwardSlow(2), 
		 -> uart_sendthread@buf(11), 
  size            2   43[BANK0 ] int 
 Auto vars:     Size  Location     Type
  i               2   47[BANK0 ] int 
 Return value:  Size  Location     Type
		None               void
 Registers used:
		wreg, fsr1l, fsr1h, fsr2l, fsr2h, status,2, status,0
 Tracked objects:
		On entry : 
		On exit  : 
		Unchanged: 
 Data sizes:     COMRAM   BANK0   BANK1   BANK2   BANK3   BANK4   BANK5   BANK6   BANK7   BANK8   BANK9  BANK10  BANK11  BANK12  BANK13  BANK14
      Params:         0       4       0       0       0       0       0       0       0       0       0       0       0       0       0       0
      Locals:         0       2       0       0       0       0       0       0       0       0       0       0       0       0       0       0
      Temps:          0       2       0       0       0       0       0       0       0       0       0       0       0       0       0       0
      Totals:         0       8       0       0       0       0       0       0       0       0       0       0       0       0       0       0
Total ram usage:        8 bytes
 Hardware stack levels used:    1
 Hardware stack levels required when called:   11
 This function calls:
		Nothing
 This function is called by:
		_uart_sendthread
		_motor_encode_lthread
 This function uses a non-reentrant model


 *************** function _uart_lthread *****************
 Defined at:
		line 17 in file "../src/uart_thread.c"
 Parameters:    Size  Location     Type
  uptr            2   15[BANK1 ] PTR struct __uart_thread
		 -> main@uthread_data(2), 
  msgtype         2   17[BANK1 ] int 
  length          2   19[BANK1 ] int 
  msgbuffer       2   21[BANK1 ] PTR unsigned char 
		 -> main@msgbuffer(11), 
 Auto vars:     Size  Location     Type
		None
 Return value:  Size  Location     Type
                  2   15[BANK1 ] int 
 Registers used:
		wreg, fsr0l, fsr0h, fsr1l, fsr1h, fsr1l, fsr1h, fsr2l, fsr2h, status,2, status,0, pclat, btemp, btemp+1, btemp+2, btemp+3, btemp+4, btemp+5, btemp+6, btemp+7, btemp+8, btemp+9, btemp+10, btemp+11, tosl, structret, tblptrl, tblptrh, tblptru, prodl, prodh, bsr, cstack
 Tracked objects:
		On entry : 
		On exit  : 
		Unchanged: 
 Data sizes:     COMRAM   BANK0   BANK1   BANK2   BANK3   BANK4   BANK5   BANK6   BANK7   BANK8   BANK9  BANK10  BANK11  BANK12  BANK13  BANK14
      Params:         0       0       8       0       0       0       0       0       0       0       0       0       0       0       0       0
      Locals:         0       0       0       0       0       0       0       0       0       0       0       0       0       0       0       0
      Temps:          0       0       1       0       0       0       0       0       0       0       0       0       0       0       0       0
      Totals:         0       0       9       0       0       0       0       0       0       0       0       0       0       0       0       0
Total ram usage:        9 bytes
 Hardware stack levels used:    1
 Hardware stack levels required when called:   14
 This function calls:
		_ToMainHigh_sendmsg
 This function is called by:
		_main
 This function uses a non-reentrant model


 *************** function _ToMainHigh_sendmsg *****************
 Defined at:
		line 131 in file "../src/messages.c"
 Parameters:    Size  Location     Type
  length          1    wreg     unsigned char 
  msgtype         1   11[BANK1 ] unsigned char 
  data            2   12[BANK1 ] PTR void 
		 -> main@msgbuffer(11), main@uc(28), i2c_int_handler@error_buf(3), NULL(0), 
 Auto vars:     Size  Location     Type
  length          1   14[BANK1 ] unsigned char 
 Return value:  Size  Location     Type
                  1    wreg      char 
 Registers used:
		wreg, fsr1l, fsr1h, fsr2l, fsr2h, status,2, status,0, prodl, prodh, cstack
 Tracked objects:
		On entry : 
		On exit  : 
		Unchanged: 
 Data sizes:     COMRAM   BANK0   BANK1   BANK2   BANK3   BANK4   BANK5   BANK6   BANK7   BANK8   BANK9  BANK10  BANK11  BANK12  BANK13  BANK14
      Params:         0       0       3       0       0       0       0       0       0       0       0       0       0       0       0       0
      Locals:         0       0       1       0       0       0       0       0       0       0       0       0       0       0       0       0
      Temps:          0       0       0       0       0       0       0       0       0       0       0       0       0       0       0       0
      Totals:         0       0       4       0       0       0       0       0       0       0       0       0       0       0       0       0
Total ram usage:        4 bytes
 Hardware stack levels used:    1
 Hardware stack levels required when called:   13
 This function calls:
		_send_msg
 This function is called by:
		_uart_lthread
		_i2c_int_handler
 This function uses a non-reentrant model


 *************** function _timer1_lthread *****************
 Defined at:
		line 14 in file "../src/timer1_thread.c"
 Parameters:    Size  Location     Type
  tptr            2   15[BANK1 ] PTR struct __timer1_thre
		 -> main@t1thread_data(2), 
  msgtype         2   17[BANK1 ] int 
  length          2   19[BANK1 ] int 
  msgbuffer       2   21[BANK1 ] PTR unsigned char 
		 -> main@msgbuffer(11), 
 Auto vars:     Size  Location     Type
  retval          1   24[BANK1 ] char 
 Return value:  Size  Location     Type
                  2   15[BANK1 ] int 
 Registers used:
		wreg, fsr0l, fsr0h, fsr1l, fsr1h, fsr1l, fsr1h, fsr2l, fsr2h, status,2, status,0, pclat, btemp, btemp+1, btemp+2, btemp+3, btemp+4, btemp+5, btemp+6, btemp+7, btemp+8, btemp+9, btemp+10, btemp+11, tosl, structret, tblptrl, tblptrh, tblptru, prodl, prodh, bsr, cstack
 Tracked objects:
		On entry : 
		On exit  : 
		Unchanged: 
 Data sizes:     COMRAM   BANK0   BANK1   BANK2   BANK3   BANK4   BANK5   BANK6   BANK7   BANK8   BANK9  BANK10  BANK11  BANK12  BANK13  BANK14
      Params:         0       0       8       0       0       0       0       0       0       0       0       0       0       0       0       0
      Locals:         0       0       1       0       0       0       0       0       0       0       0       0       0       0       0       0
      Temps:          0       0       1       0       0       0       0       0       0       0       0       0       0       0       0       0
      Totals:         0       0      10       0       0       0       0       0       0       0       0       0       0       0       0       0
Total ram usage:       10 bytes
 Hardware stack levels used:    1
 Hardware stack levels required when called:   14
 This function calls:
		_FromMainHigh_sendmsg
		___lwmod
 This function is called by:
		_main
 This function uses a non-reentrant model


 *************** function _timer0_lthread *****************
 Defined at:
		line 14 in file "../src/timer0_thread.c"
 Parameters:    Size  Location     Type
  tptr            2   15[BANK1 ] PTR struct __timer0_thre
		 -> main@t0thread_data(2), 
  msgtype         2   17[BANK1 ] int 
  length          2   19[BANK1 ] int 
  msgbuffer       2   21[BANK1 ] PTR unsigned char 
		 -> main@msgbuffer(11), 
 Auto vars:     Size  Location     Type
  retval          1   24[BANK1 ] char 
 Return value:  Size  Location     Type
                  2   15[BANK1 ] int 
 Registers used:
		wreg, fsr1l, fsr1h, fsr2l, fsr2h, status,2, status,0, prodl, prodh, cstack
 Tracked objects:
		On entry : 
		On exit  : 
		Unchanged: 
 Data sizes:     COMRAM   BANK0   BANK1   BANK2   BANK3   BANK4   BANK5   BANK6   BANK7   BANK8   BANK9  BANK10  BANK11  BANK12  BANK13  BANK14
      Params:         0       0       8       0       0       0       0       0       0       0       0       0       0       0       0       0
      Locals:         0       0       1       0       0       0       0       0       0       0       0       0       0       0       0       0
      Temps:          0       0       1       0       0       0       0       0       0       0       0       0       0       0       0       0
      Totals:         0       0      10       0       0       0       0       0       0       0       0       0       0       0       0       0
Total ram usage:       10 bytes
 Hardware stack levels used:    1
 Hardware stack levels required when called:   14
 This function calls:
		_FromMainHigh_sendmsg
		___lwmod
 This function is called by:
		_main
 This function uses a non-reentrant model


 *************** function ___lwmod *****************
 Defined at:
		line 8 in file "/Applications/microchip/xc8/v1.30/sources/common/lwmod.c"
 Parameters:    Size  Location     Type
  dividend        2   41[BANK0 ] unsigned int 
  divisor         2   43[BANK0 ] unsigned int 
 Auto vars:     Size  Location     Type
  counter         1   46[BANK0 ] unsigned char 
 Return value:  Size  Location     Type
                  2   41[BANK0 ] unsigned int 
 Registers used:
		wreg, status,2, status,0
 Tracked objects:
		On entry : 
		On exit  : 
		Unchanged: 
 Data sizes:     COMRAM   BANK0   BANK1   BANK2   BANK3   BANK4   BANK5   BANK6   BANK7   BANK8   BANK9  BANK10  BANK11  BANK12  BANK13  BANK14
      Params:         0       4       0       0       0       0       0       0       0       0       0       0       0       0       0       0
      Locals:         0       1       0       0       0       0       0       0       0       0       0       0       0       0       0       0
      Temps:          0       1       0       0       0       0       0       0       0       0       0       0       0       0       0       0
      Totals:         0       6       0       0       0       0       0       0       0       0       0       0       0       0       0       0
Total ram usage:        6 bytes
 Hardware stack levels used:    1
 Hardware stack levels required when called:   11
 This function calls:
		Nothing
 This function is called by:
		_timer1_lthread
		_timer0_lthread
 This function uses a non-reentrant model


 *************** function _FromMainHigh_sendmsg *****************
 Defined at:
		line 179 in file "../src/messages.c"
 Parameters:    Size  Location     Type
  length          1    wreg     unsigned char 
  msgtype         1   11[BANK1 ] unsigned char 
  data            2   12[BANK1 ] PTR void 
		 -> main@t0thread_data(2), main@t1thread_data(2), 
 Auto vars:     Size  Location     Type
  length          1   14[BANK1 ] unsigned char 
 Return value:  Size  Location     Type
                  1    wreg      char 
 Registers used:
		wreg, fsr1l, fsr1h, fsr2l, fsr2h, status,2, status,0, prodl, prodh, cstack
 Tracked objects:
		On entry : 
		On exit  : 
		Unchanged: 
 Data sizes:     COMRAM   BANK0   BANK1   BANK2   BANK3   BANK4   BANK5   BANK6   BANK7   BANK8   BANK9  BANK10  BANK11  BANK12  BANK13  BANK14
      Params:         0       0       3       0       0       0       0       0       0       0       0       0       0       0       0       0
      Locals:         0       0       1       0       0       0       0       0       0       0       0       0       0       0       0       0
      Temps:          0       0       0       0       0       0       0       0       0       0       0       0       0       0       0       0
      Totals:         0       0       4       0       0       0       0       0       0       0       0       0       0       0       0       0
Total ram usage:        4 bytes
 Hardware stack levels used:    1
 Hardware stack levels required when called:   13
 This function calls:
		_send_msg
 This function is called by:
		_timer1_lthread
		_timer0_lthread
 This function uses a non-reentrant model


 *************** function _init_uart_recv *****************
 Defined at:
		line 202 in file "../src/my_uart.c"
 Parameters:    Size  Location     Type
  uc              2   41[BANK0 ] PTR struct __uart_comm
		 -> main@uc(28), 
 Auto vars:     Size  Location     Type
		None
 Return value:  Size  Location     Type
		None               void
 Registers used:
		wreg, fsr2l, fsr2h, status,2, status,0
 Tracked objects:
		On entry : 
		On exit  : 
		Unchanged: 
 Data sizes:     COMRAM   BANK0   BANK1   BANK2   BANK3   BANK4   BANK5   BANK6   BANK7   BANK8   BANK9  BANK10  BANK11  BANK12  BANK13  BANK14
      Params:         0       2       0       0       0       0       0       0       0       0       0       0       0       0       0       0
      Locals:         0       0       0       0       0       0       0       0       0       0       0       0       0       0       0       0
      Temps:          0       0       0       0       0       0       0       0       0       0       0       0       0       0       0       0
      Totals:         0       2       0       0       0       0       0       0       0       0       0       0       0       0       0       0
Total ram usage:        2 bytes
 Hardware stack levels used:    1
 Hardware stack levels required when called:   11
 This function calls:
		Nothing
 This function is called by:
		_main
 This function uses a non-reentrant model


 *************** function _init_timer1_lthread *****************
 Defined at:
		line 6 in file "../src/timer1_thread.c"
 Parameters:    Size  Location     Type
  tptr            2   41[BANK0 ] PTR struct __timer1_thre
		 -> main@t1thread_data(2), 
 Auto vars:     Size  Location     Type
		None
 Return value:  Size  Location     Type
		None               void
 Registers used:
		wreg, fsr2l, fsr2h
 Tracked objects:
		On entry : 
		On exit  : 
		Unchanged: 
 Data sizes:     COMRAM   BANK0   BANK1   BANK2   BANK3   BANK4   BANK5   BANK6   BANK7   BANK8   BANK9  BANK10  BANK11  BANK12  BANK13  BANK14
      Params:         0       2       0       0       0       0       0       0       0       0       0       0       0       0       0       0
      Locals:         0       0       0       0       0       0       0       0       0       0       0       0       0       0       0       0
      Temps:          0       0       0       0       0       0       0       0       0       0       0       0       0       0       0       0
      Totals:         0       2       0       0       0       0       0       0       0       0       0       0       0       0       0       0
Total ram usage:        2 bytes
 Hardware stack levels used:    1
 Hardware stack levels required when called:   11
 This function calls:
		Nothing
 This function is called by:
		_main
 This function uses a non-reentrant model


 *************** function _init_timer0_lthread *****************
 Defined at:
		line 10 in file "../src/timer0_thread.c"
 Parameters:    Size  Location     Type
  tptr            2   41[BANK0 ] PTR struct __timer0_thre
		 -> main@t0thread_data(2), 
 Auto vars:     Size  Location     Type
		None
 Return value:  Size  Location     Type
		None               void
 Registers used:
		wreg, fsr2l, fsr2h
 Tracked objects:
		On entry : 
		On exit  : 
		Unchanged: 
 Data sizes:     COMRAM   BANK0   BANK1   BANK2   BANK3   BANK4   BANK5   BANK6   BANK7   BANK8   BANK9  BANK10  BANK11  BANK12  BANK13  BANK14
      Params:         0       2       0       0       0       0       0       0       0       0       0       0       0       0       0       0
      Locals:         0       0       0       0       0       0       0       0       0       0       0       0       0       0       0       0
      Temps:          0       0       0       0       0       0       0       0       0       0       0       0       0       0       0       0
      Totals:         0       2       0       0       0       0       0       0       0       0       0       0       0       0       0       0
Total ram usage:        2 bytes
 Hardware stack levels used:    1
 Hardware stack levels required when called:   11
 This function calls:
		Nothing
 This function is called by:
		_main
 This function uses a non-reentrant model


 *************** function _init_queues *****************
 Defined at:
		line 199 in file "../src/messages.c"
 Parameters:    Size  Location     Type
		None
 Auto vars:     Size  Location     Type
		None
 Return value:  Size  Location     Type
		None               void
 Registers used:
		wreg, fsr2l, fsr2h, status,2, status,0, prodl, prodh, cstack
 Tracked objects:
		On entry : 
		On exit  : 
		Unchanged: 
 Data sizes:     COMRAM   BANK0   BANK1   BANK2   BANK3   BANK4   BANK5   BANK6   BANK7   BANK8   BANK9  BANK10  BANK11  BANK12  BANK13  BANK14
      Params:         0       0       0       0       0       0       0       0       0       0       0       0       0       0       0       0
      Locals:         0       0       0       0       0       0       0       0       0       0       0       0       0       0       0       0
      Temps:          0       1       0       0       0       0       0       0       0       0       0       0       0       0       0       0
      Totals:         0       1       0       0       0       0       0       0       0       0       0       0       0       0       0       0
Total ram usage:        1 bytes
 Hardware stack levels used:    1
 Hardware stack levels required when called:   12
[...]
 Registers used:
		None
 Tracked objects:
		On entry : 
		On exit  : 
		Unchanged: 
 Data sizes:     COMRAM   BANK0   BANK1   BANK2   BANK3   BANK4   BANK5   BANK6   BANK7   BANK8   BANK9  BANK10  BANK11  BANK12  BANK13  BANK14
      Params:         2       0       0       0       0       0       0       0       0       0       0       0       0       0       0       0
      Locals:         2       0       0       0       0       0       0       0       0       0       0       0       0       0       0       0
      Temps:          0       0       0       0       0       0       0       0       0       0       0       0       0       0       0       0
      Totals:         4       0       0       0       0       0       0       0       0       0       0       0       0       0       0       0
Total ram usage:        4 bytes
 Hardware stack levels used:    1
 Hardware stack levels required when called:    5
 This function calls:
		Nothing
 This function is called by:
		_timer1_int_handler
 This function uses a non-reentrant model


 *************** function _ReadTimer1 *****************
 Defined at:
		line 15 in file "/Applications/microchip/xc8/v1.30/sources/pic18/plib/Timers/t1read.c"
 Parameters:    Size  Location     Type
		None
 Auto vars:     Size  Location     Type
  timer           2    2[COMRAM] struct Timers
 Return value:  Size  Location     Type
                  2    0[COMRAM] unsigned int 
 Registers used:
		None
 Tracked objects:
		On entry : 
		On exit  : 
		Unchanged: 
 Data sizes:     COMRAM   BANK0   BANK1   BANK2   BANK3   BANK4   BANK5   BANK6   BANK7   BANK8   BANK9  BANK10  BANK11  BANK12  BANK13  BANK14
      Params:         2       0       0       0       0       0       0       0       0       0       0       0       0       0       0       0
      Locals:         2       0       0       0       0       0       0       0       0       0       0       0       0       0       0       0
      Temps:          0       0       0       0       0       0       0       0       0       0       0       0       0       0       0       0
      Totals:         4       0       0       0       0       0       0       0       0       0       0       0       0       0       0       0
Total ram usage:        4 bytes
 Hardware stack levels used:    1
 Hardware stack levels required when called:    5
 This function calls:
		Nothing
 This function is called by:
		_timer1_int_handler
 This function uses a non-reentrant model


 *************** function _InterruptHandlerHigh *****************
 Defined at:
		line 169 in file "../src/interrupts.c"
 Parameters:    Size  Location     Type
		None
 Auto vars:     Size  Location     Type
		None
 Return value:  Size  Location     Type
		None               void
 Registers used:
		wreg, fsr1l, fsr1h, fsr2l, fsr2h, status,2, status,0, prodl, prodh, cstack
 Tracked objects:
		On entry : 
		On exit  : 
		Unchanged: 
 Data sizes:     COMRAM   BANK0   BANK1   BANK2   BANK3   BANK4   BANK5   BANK6   BANK7   BANK8   BANK9  BANK10  BANK11  BANK12  BANK13  BANK14
      Params:         0       0       0       0       0       0       0       0       0       0       0       0       0       0       0       0
      Locals:         0       0       0       0       0       0       0       0       0       0       0       0       0       0       0       0
      Temps:          0      14       0       0       0       0       0       0       0       0       0       0       0       0       0       0
      Totals:         0      14       0       0       0       0       0       0       0       0       0       0       0       0       0       0
Total ram usage:       14 bytes
 Hardware stack levels used:    1
 Hardware stack levels required when called:    4
 This function calls:
		_i2c_master_handler
		_timer0_int_handler
 This function is called by:
		Interrupt level 2
 This function uses a non-reentrant model


 *************** function _timer0_int_handler *****************
 Defined at:
		line 17 in file "../src/user_interrupts.c"
 Parameters:    Size  Location     Type
		None
 Auto vars:     Size  Location     Type
  msgtype         2    0        int 
  length          2    0        int 
  val             2    0        unsigned int 
 Return value:  Size  Location     Type
		None               void
 Registers used:
		wreg, status,2, status,0, cstack
 Tracked objects:
		On entry : 
		On exit  : 
		Unchanged: 
 Data sizes:     COMRAM   BANK0   BANK1   BANK2   BANK3   BANK4   BANK5   BANK6   BANK7   BANK8   BANK9  BANK10  BANK11  BANK12  BANK13  BANK14
      Params:         0       0       0       0       0       0       0       0       0       0       0       0       0       0       0       0
      Locals:         0       0       0       0       0       0       0       0       0       0       0       0       0       0       0       0
      Temps:          0       1       0       0       0       0       0       0       0       0       0       0       0       0       0       0
      Totals:         0       1       0       0       0       0       0       0       0       0       0       0       0       0       0       0
Total ram usage:        1 bytes
 Hardware stack levels used:    1
 Hardware stack levels required when called:    1
 This function calls:
		_WriteTimer0
 This function is called by:
		_InterruptHandlerHigh
 This function uses a non-reentrant model


 *************** function _WriteTimer0 *****************
 Defined at:
		line 16 in file "/Applications/microchip/xc8/v1.30/sources/pic18/plib/Timers/t0write.c"
 Parameters:    Size  Location     Type
  timer0          2    0[BANK0 ] unsigned int 
 Auto vars:     Size  Location     Type
  timer           2    2[BANK0 ] struct Timers
 Return value:  Size  Location     Type
		None               void
 Registers used:
		None
 Tracked objects:
		On entry : 
		On exit  : 
		Unchanged: 
 Data sizes:     COMRAM   BANK0   BANK1   BANK2   BANK3   BANK4   BANK5   BANK6   BANK7   BANK8   BANK9  BANK10  BANK11  BANK12  BANK13  BANK14
      Params:         0       2       0       0       0       0       0       0       0       0       0       0       0       0       0       0
      Locals:         0       2       0       0       0       0       0       0       0       0       0       0       0       0       0       0
      Temps:          0       0       0       0       0       0       0       0       0       0       0       0       0       0       0       0
      Totals:         0       4       0       0       0       0       0       0       0       0       0       0       0       0       0       0
Total ram usage:        4 bytes
 Hardware stack levels used:    1
 This function calls:
		Nothing
 This function is called by:
		_timer0_int_handler
 This function uses a non-reentrant model


 *************** function _i2c_master_handler *****************
 Defined at:
		line 124 in file "../src/my_i2c_master.c"
 Parameters:    Size  Location     Type
		None
 Auto vars:     Size  Location     Type
		None
 Return value:  Size  Location     Type
		None               void
 Registers used:
		wreg, fsr1l, fsr1h, fsr2l, fsr2h, status,2, status,0, prodl, prodh, cstack
 Tracked objects:
		On entry : 
		On exit  : 
		Unchanged: 
 Data sizes:     COMRAM   BANK0   BANK1   BANK2   BANK3   BANK4   BANK5   BANK6   BANK7   BANK8   BANK9  BANK10  BANK11  BANK12  BANK13  BANK14
      Params:         0       0       0       0       0       0       0       0       0       0       0       0       0       0       0       0
      Locals:         0       0       0       0       0       0       0       0       0       0       0       0       0       0       0       0
      Temps:          0       1       0       0       0       0       0       0       0       0       0       0       0       0       0       0
      Totals:         0       1       0       0       0       0       0       0       0       0       0       0       0       0       0       0
Total ram usage:        1 bytes
 Hardware stack levels used:    1
 Hardware stack levels required when called:    3
 This function calls:
		i2_ToMainHigh_sendmsg
 This function is called by:
		_InterruptHandlerHigh
 This function uses a non-reentrant model


 *************** function i2_ToMainHigh_sendmsg *****************
 Defined at:
		line 131 in file "../src/messages.c"
 Parameters:    Size  Location     Type
  length          1    wreg     unsigned char 
  msgtype         1   22[BANK0 ] unsigned char 
  data            2   23[BANK0 ] PTR void 
		 -> main@msgbuffer(11), main@uc(28), i2c_int_handler@error_buf(3), NULL(0), 
 Auto vars:     Size  Location     Type
  length          1   25[BANK0 ] unsigned char 
 Return value:  Size  Location     Type
                  1    wreg      char 
 Registers used:
		wreg, fsr1l, fsr1h, fsr2l, fsr2h, status,2, status,0, prodl, prodh, cstack
 Tracked objects:
		On entry : 
		On exit  : 
		Unchanged: 
 Data sizes:     COMRAM   BANK0   BANK1   BANK2   BANK3   BANK4   BANK5   BANK6   BANK7   BANK8   BANK9  BANK10  BANK11  BANK12  BANK13  BANK14
      Params:         0       3       0       0       0       0       0       0       0       0       0       0       0       0       0       0
      Locals:         0       1       0       0       0       0       0       0       0       0       0       0       0       0       0       0
      Temps:          0       0       0       0       0       0       0       0       0       0       0       0       0       0       0       0
      Totals:         0       4       0       0       0       0       0       0       0       0       0       0       0       0       0       0
Total ram usage:        4 bytes
 Hardware stack levels used:    1
 Hardware stack levels required when called:    2
 This function calls:
		i2_send_msg
 This function is called by:
		_i2c_master_handler
 This function uses a non-reentrant model


 *************** function i2_send_msg *****************
 Defined at:
		line 29 in file "../src/messages.c"
 Parameters:    Size  Location     Type
  qptr            2   10[BANK0 ] PTR struct __msg_queue
		 -> FromMainHigh_MQ(54), FromMainLow_MQ(54), ToMainHigh_MQ(54), ToMainLow_MQ(54), 
  length          1   12[BANK0 ] unsigned char 
  msgtype         1   13[BANK0 ] unsigned char 
  data            2   14[BANK0 ] PTR void 
		 -> main@msgbuffer(11), main@t0thread_data(2), main@t1thread_data(2), main@uc(28), 
		 -> i2c_int_handler@error_buf(3), NULL(0), 
 Auto vars:     Size  Location     Type
  send_msg        2   20[BANK0 ] PTR struct __msg
		 -> FromMainLow_MQ.queue(52), FromMainHigh_MQ.queue(52), ToMainHigh_MQ.queue(52), ToMainLow_MQ.queue(52), 
		 -> FromMainHigh_MQ(54), FromMainLow_MQ(54), ToMainHigh_MQ(54), ToMainLow_MQ(54), 
  send_msg        2   17[BANK0 ] unsigned int 
  send_msg        1   19[BANK0 ] unsigned char 
 Return value:  Size  Location     Type
                  1    wreg      char 
 Registers used:
		wreg, fsr1l, fsr1h, fsr2l, fsr2h, status,2, status,0, prodl, prodh, cstack
 Tracked objects:
		On entry : 
		On exit  : 
		Unchanged: 
 Data sizes:     COMRAM   BANK0   BANK1   BANK2   BANK3   BANK4   BANK5   BANK6   BANK7   BANK8   BANK9  BANK10  BANK11  BANK12  BANK13  BANK14
      Params:         0       6       0       0       0       0       0       0       0       0       0       0       0       0       0       0
      Locals:         0       5       0       0       0       0       0       0       0       0       0       0       0       0       0       0
      Temps:          0       1       0       0       0       0       0       0       0       0       0       0       0       0       0       0
      Totals:         0      12       0       0       0       0       0       0       0       0       0       0       0       0       0       0
Total ram usage:       12 bytes
 Hardware stack levels used:    1
 Hardware stack levels required when called:    1
 This function calls:
		i2_memcpy
 This function is called by:
		i2_ToMainHigh_sendmsg
 This function uses a non-reentrant model


 *************** function i2_memcpy *****************
 Defined at:
		line 11 in file "/Applications/microchip/xc8/v1.30/sources/common/memcpy.c"
 Parameters:    Size  Location     Type
  d1              2    0[BANK0 ] PTR void 
		 -> FromMainLow_MQ.queue(52), FromMainHigh_MQ.queue(52), ToMainHigh_MQ.queue(52), ToMainLow_MQ.queue(52), 
		 -> main@msgbuffer(11), FromMainHigh_MQ(54), FromMainLow_MQ(54), ToMainHigh_MQ(54), 
		 -> ToMainLow_MQ(54), NULL(0), 
  s1              2    2[BANK0 ] PTR const void 
		 -> ToMainLow_MQ.data(10), ToMainHigh_MQ.data(10), FromMainLow_MQ.data(10), FromMainHigh_MQ.data(10), 
		 -> ToMainLow_MQ.queue.data(10), ToMainHigh_MQ.queue.data(10), FromMainHigh_MQ.queue.data(10), FromMainLow_MQ.queue.data(10), 
		 -> main@msgbuffer(11), main@t0thread_data(2), main@t1thread_data(2), main@uc(28), 
		 -> FromMainHigh_MQ(54), FromMainLow_MQ(54), ToMainHigh_MQ(54), ToMainLow_MQ(54), 
		 -> i2c_int_handler@error_buf(3), NULL(0), 
  n               2    4[BANK0 ] unsigned int 
 Auto vars:     Size  Location     Type
  memcpy          2    8[BANK0 ] PTR const unsigned char 
		 -> ToMainLow_MQ.data(10), ToMainHigh_MQ.data(10), FromMainLow_MQ.data(10), FromMainHigh_MQ.data(10), 
		 -> ToMainLow_MQ.queue.data(10), ToMainHigh_MQ.queue.data(10), FromMainHigh_MQ.queue.data(10), FromMainLow_MQ.queue.data(10), 
		 -> main@msgbuffer(11), main@t0thread_data(2), main@t1thread_data(2), main@uc(28), 
		 -> FromMainHigh_MQ(54), FromMainLow_MQ(54), ToMainHigh_MQ(54), ToMainLow_MQ(54), 
		 -> i2c_int_handler@error_buf(3), NULL(0), 
  memcpy          2    6[BANK0 ] PTR unsigned char 
		 -> FromMainLow_MQ.queue(52), FromMainHigh_MQ.queue(52), ToMainHigh_MQ.queue(52), ToMainLow_MQ.queue(52), 
		 -> main@msgbuffer(11), FromMainHigh_MQ(54), FromMainLow_MQ(54), ToMainHigh_MQ(54), 
		 -> ToMainLow_MQ(54), NULL(0), 
 Return value:  Size  Location     Type
                  2    0[BANK0 ] PTR void 
 Registers used:
		wreg, fsr1l, fsr1h, fsr2l, fsr2h, status,2, status,0
 Tracked objects:
		On entry : 
		On exit  : 
		Unchanged: 
 Data sizes:     COMRAM   BANK0   BANK1   BANK2   BANK3   BANK4   BANK5   BANK6   BANK7   BANK8   BANK9  BANK10  BANK11  BANK12  BANK13  BANK14
      Params:         0       6       0       0       0       0       0       0       0       0       0       0       0       0       0       0
      Locals:         0       4       0       0       0       0       0       0       0       0       0       0       0       0       0       0
      Temps:          0       0       0       0       0       0       0       0       0       0       0       0       0       0       0       0
      Totals:         0      10       0       0       0       0       0       0       0       0       0       0       0       0       0       0
Total ram usage:       10 bytes
 Hardware stack levels used:    1
 This function calls:
		Nothing
 This function is called by:
		i2_send_msg
 This function uses a non-reentrant model



MODULE INFORMATION

Module		Function		Class		Link	Load	Size
/Applications/microchip/xc8/v1.30/sources/pic18/plib/USART/u1open.c
		_Open1USART    		CODE           	141A	0000	128

/Applications/microchip/xc8/v1.30/sources/pic18/plib/USART/u1open.c estimated size: 128

/Applications/microchip/xc8/v1.30/sources/common/lwmod.c
		___lwmod       		CODE           	130C	0000	138

/Applications/microchip/xc8/v1.30/sources/common/lwmod.c estimated size: 138

/Applications/microchip/xc8/v1.30/sources/common/awdiv.c
		___awdiv       		CODE           	0B06	0000	310

/Applications/microchip/xc8/v1.30/sources/common/awdiv.c estimated size: 310

../src/user_interrupts.c
		_timer0_int_han		CODE           	1B3E	0000	54
		_timer1_int_han		CODE           	1BAA	0000	52

../src/user_interrupts.c estimated size: 106

/Applications/microchip/xc8/v1.30/sources/common/memcpy.c
		_memcpy        		CODE           	181E	0000	94

/Applications/microchip/xc8/v1.30/sources/common/memcpy.c estimated size: 94

../src/timer0_thread.c
		_init_timer0_lt		CODE           	1D36	0000	18
		_timer0_lthread		CODE           	1600	0000	114

../src/timer0_thread.c estimated size: 132

shared
		i1_send_msg    		CODE           	1128	0000	170
		i2_send_msg    		CODE           	0E76	0000	260
		i1_ToMainHigh_s		CODE           	1C5A	0000	38
		i2_ToMainHigh_s		CODE           	1B74	0000	54
		__initializatio		CODE           	149A	0000	112
		i1_ToMainLow_se		CODE           	1C34	0000	38
		i1_memcpy      		CODE           	19E8	0000	64
		i2_memcpy      		CODE           	187C	0000	94

shared estimated size: 830

../src/timer1_thread.c
		_timer1_lthread		CODE           	158E	0000	114
		_init_timer1_lt		CODE           	1D24	0000	18

../src/timer1_thread.c estimated size: 132

../src/my_i2c.c
		_init_i2c      		CODE           	1754	0000	106

../src/my_i2c.c estimated size: 106

/Applications/microchip/xc8/v1.30/sources/pic18/plib/USART/u1write.c
		_Write1USART   		CODE           	1D10	0000	20

/Applications/microchip/xc8/v1.30/sources/pic18/plib/USART/u1write.c estimated size: 20

/Applications/microchip/xc8/v1.30/sources/pic18/plib/Timers/t1read.c
		_ReadTimer1    		CODE           	1D6C	0000	18

/Applications/microchip/xc8/v1.30/sources/pic18/plib/Timers/t1read.c estimated size: 18

../src/uart_thread.c
		_uart_sendthrea		CODE           	11D2	0000	164
		_uart_lthread  		CODE           	16E4	0000	112

../src/uart_thread.c estimated size: 276

/Applications/microchip/xc8/v1.30/sources/pic18/d1ktcyx.c
		_Delay1KTCYx   		CODE           	1CE4	0000	22

/Applications/microchip/xc8/v1.30/sources/pic18/d1ktcyx.c estimated size: 22

/Applications/microchip/xc8/v1.30/sources/pic18/plib/Timers/t0write.c
		_WriteTimer0   		CODE           	1D7E	0000	18

/Applications/microchip/xc8/v1.30/sources/pic18/plib/Timers/t0write.c estimated size: 18

/Applications/microchip/xc8/v1.30/sources/pic18/plib/USART/u1read.c
		_Read1USART    		CODE           	1CC6	0000	30

/Applications/microchip/xc8/v1.30/sources/pic18/plib/USART/u1read.c estimated size: 30

/Applications/microchip/xc8/v1.30/sources/pic18/plib/Timers/t1write.c
		_WriteTimer1   		CODE           	1D5A	0000	18

/Applications/microchip/xc8/v1.30/sources/pic18/plib/Timers/t1write.c estimated size: 18

../src/interrupts.c
		_enable_interru		CODE           	1D90	0000	12
		_in_low_int    		CODE           	18DA	0000	70
		_in_main       		CODE           	1920	0000	68
		_in_high_int   		CODE           	1D48	0000	18
		_InterruptHandl		CODE           	0018	0000	170
		_InterruptHandl		CODE           	0008	0000	5138

../src/interrupts.c estimated size: 5476

/Applications/microchip/xc8/v1.30/sources/pic18/plib/Timers/t0open.c
		_OpenTimer0    		CODE           	1C0A	0000	42

/Applications/microchip/xc8/v1.30/sources/pic18/plib/Timers/t0open.c estimated size: 42

../src/my_uart.c
		_uart_send_int_		CODE           	17BE	0000	96
		_init_uart_recv		CODE           	1A28	0000	62
		_uart_recv_int_		CODE           	1BDE	0000	44
		_uart_recv_stat		CODE           	08B8	0000	590
		_uart_send_data		CODE           	0F7A	0000	252

../src/my_uart.c estimated size: 1044

../src/messages.c
		_ToMainHigh_sen		CODE           	1A66	0000	54
		_ToMainHigh_rec		CODE           	19A6	0000	66
		_block_on_To_ms		CODE           	1076	0000	178
		_check_msg     		CODE           	1AD2	0000	54
		_ToMainLow_send		CODE           	1B08	0000	54
		_ToMainLow_recv		CODE           	1964	0000	66
		_FromMainHigh_s		CODE           	1A9C	0000	54
		_send_msg      		CODE           	0D72	0000	260
		_init_queue    		CODE           	1514	0000	122
		_init_queues   		CODE           	1672	0000	114
		_recv_msg      		CODE           	0C3C	0000	310

../src/messages.c estimated size: 1332

../src/my_i2c_master.c
		_i2c_master_rec		CODE           	1276	0000	150
		_i2c_configure_		CODE           	1C80	0000	36
		_i2c_master_bus		CODE           	1CFA	0000	22
		_i2c_master_han		CODE           	056A	0000	846

../src/my_i2c_master.c estimated size: 1054

../src/main.c
		_main          		CODE           	00C6	0000	1188

../src/main.c estimated size: 1188

